amd-mi355x-5:85873:85959 [1] NCCL INFO Allocated shareable buffer 0x73faac400000 size 2097152 ipcDesc 0x73fac0004db0
amd-mi355x-5:85873:85959 [1] NCCL INFO proxyProgressAsync opId=0x73faf01d8240 op.type=3 op.reqBuff=0x73fac0015420 op.respSize=88 done
amd-mi355x-5:85873:85900 [1] NCCL INFO ncclPollProxyResponse Received new opId=0x73faf01d8240
amd-mi355x-5:85873:85959 [1] NCCL INFO Received and initiated operation=Setup res=0
amd-mi355x-5:85873:85900 [1] NCCL INFO resp.opId=0x73faf01d8240 matches expected opId=0x73faf01d8240
amd-mi355x-5:85873:85900 [1] NCCL INFO Channel 23/0 : 1[15000] -> 0[5000] via P2P/IPC comm 0x3e80d200 nRanks 04
amd-mi355x-5:85873:85959 [1] NCCamd-mi355x-5:85875:85957 [3] NCCL INFO /workspace/rccl/build/release/hipify/src/transport/p2p.cc:248 Cuda Alloc Size 2097152 pointer 0x76e921a00000 flags 3
amd-mi355x-5:85875:85957 [3] NCCL INFO Allocated shareable buffer 0x76e921a00000 size 2097152 ipcDesc 0x76e934004db0
amd-mi355x-5:85875:85957 [3] NCCL INFO proxyProgressAsync opId=0x76e9641f5d80 op.type=3 op.reqBuff=0x76e934015b60 op.respSize=88 done
amd-mi355x-5:85875:85899 [3] NCCL INFO ncclPollProxyResponse Received new opId=0x76e9641f5d80
amd-mi355x-5:85875:85957 [3] NCCL INFO Received and initiated operation=Setupamd-mi355x-5:85873:85959 [1] NCCL INFO /workspace/rccl/build/release/hipify/src/transport/p2p.cc:248 Cuda Alamd-mi355x-5:85875:85899 [3] NCCL INFO Imported shareable buffer device 3 size 6291456 ptr 0x76e921200000
amd-mi355x-5:85875:85899 [3] NCCL INFO Imported shareable buffer device 3 size 2097152 ptr 0x76e933c00000
amd-mi355x-5:85875:85899 [3] NCCL INFO Imported shareable buffer device 3 size 2097152 ptr 0x76e920e00000
amd-mi355x-5:85875:85899 [3] NCCL INFO Imported shareable buffer device 3 size 6291456 ptr 0x76e920600000
amd-mi355x-5:85amd-mi355x-5:85874:85898 [2] NCCL INFO Imported shareable buffer device 2 size 6291456 ptr 0x714d38000000
amd-mi355x-5:85874:85898 [2] NCCLamd-mi355x-5:85873:85900 [1] NCCL INFO Imported shareable buffer device 1amd-mi355x-5:85874:85898 [2] NCCLamd-mi355x-5:85873:85900 [1] NCCL INFO Imported shareable buffer device 1amd-mi355x-5:85874:85898 [2] NCCLamd-mi355x-5:85873:85900 [1] NCCL INFO Imported shareable buffer device 1amd-mi355x-5:85874:85898 [2] NCCLamd-mi355x-5:85873:85900 [1] NCCL INFO Imported shareable buffer device 1amd-mi355x-5:85874:85898 [2] NCCLamd-mi355x-5:85873:85900 [1] NCCL INFO Imported shareable buffer device 1amd-mi355x-5:85874:85898 [2] NCCLamd-mi355x-5:85873:85900 [1] NCCL INFO Imported shareable buffer device 1amd-mi355x-5:85874:85898 [2] NCCLamd-mi355x-5:85873:85900 [1] NCCL INFO Imported shareable buffer device 1amd-mi355x-5:85874:85898 [2] NCCLamd-mi355x-5:85873:85900 [1] NCCL INFO Imported shareable buffer device 1amd-mi355x-5:85874:85898 [2] NCCLamd-mi355x-5:85873:85900 [1] NCCL INFO Imported shareable buffer device 1amd-mi355x-5:85874:85898 [2] NCCLamd-mi355x-5:85873:85900 [1] NCCL INFO Imported shareable buffer device 1amd-mi355x-5:85874:85898 [2] NCCL INFO Imported shareable buffer device 2 size 2097152 ptr 0x714d34400000
amd-mi355x-5:85874:85898 [2] NCCLamd-mi355x-5:85873:85900 [1] NCCL INFO Imported shareable buffer device 1amd-mi355x-5:85874:85898 [2] NCCLamd-mi355x-5:85873:85900 [1] NCCL INFO Imported shareable buffer device 1amd-mi355x-5:85874:85898 [2] NCCL INFO Imported shareable buffer device 2 size 6291456 ptr 0x714d33000000
amd-mi355x-5:85874:85898 [2] NCCLamd-mi355x-5:85873:85900 [1] NCCL INFO Imported shareable buffer device 1amd-mi355x-5:85874:85898 [2] NCCL INFO Imported shareable buffer device 2 size 6291456 ptr 0x714d32400000
amd-mi355x-5:85874:85898 [2] NCCL INFO Imported shareable buffer device 2 size 2097152 ptr 0x714d32000000
amd-mi355x-5:85874:85898 [2] NCCLamd-mi355x-5:85873:85900 [1] NCCL INFO Imported shareable buffer device 1amd-mi355x-5:85874:85898 [2] NCCLamd-mi355x-5:85873:85900 [1] NCCL INFO Imported shareable buffer device 1amd-mi355x-5:85874:85898 [2] NCCLamd-mi355x-5:85873:85900 [1] NCCL INFO Imported shareable buffer device 1amd-mi355x-5:85874:85898 [2] NCCLamd-mi355x-5:85873:85900 [1] NCCL INFO Imported shareable buffer device 1amd-mi355x-5:85874:85898 [2] NCCLamd-mi355x-5:85873:85900 [1] NCCL INFO Imported shareable buffer device 1amd-mi355x-5:85874:85898 [2] NCCLamd-mi355x-5:85873:85900 [1] NCCL INFO Imported shareable buffer device 1amd-mi355x-5:85874:85898 [2] NCCLamd-mi355x-5:85873:85900 [1] NCCL INFO Imported shareable buffer device 1amd-mi355x-5:85874:85898 [2] NCCLamd-mi355x-5:85873:85900 [1] NCCL INFO Imported shareable buffer device 1amd-mi355x-5:85874:85898 [2] NCCLamd-mi355x-5:85873:85900 [1] NCCL INFO Imported shareable buffer device 1amd-mi355x-5:85874:85898 [2] NCCLamd-mi355x-5:85873:85900 [1] NCCL INFO Imported shareable buffer device 1amd-mi355x-5:85874:85898 [2] NCCLamd-mi355x-5:85873:85900 [1] NCCL INFO Imported shareable buffer device 1amd-mi355x-5:85874:85898 [2] NCCLamd-mi355x-5:85873:85900 [1] NCCL INFO Imported shareable buffer device 1amd-mi355x-5:85874:85898 [2] NCCLamd-mi355x-5:85873:85900 [1] NCCL INFO Imported shareable buffer device 1amd-mi355x-5:85874:85898 [2] NCCLamd-mi355x-5:85873:85900 [1] NCCL INFO Imported shareable buffer device 1amd-mi355x-5:85874:85898 [2] NCCLamd-mi355x-5:85873:85900 [1] NCCL INFO Imported shareable buffer device 1amd-mi355x-5:85874:85898 [2] NCCLamd-mi355x-5:85873:85900 [1] NCCL INFO Imported shareable buffer device 1amd-mi355x-5:85874:85898 [2] NCCLamd-mi355x-5:85873:85900 [1] NCCL INFO Imported shareable buffer device 1amd-mi355x-5:85874:85898 [2] NCCLamd-mi355x-5:85873:85900 [1] NCCL INFO Imported shareable buffer device 1amd-mi355x-5:85874:85898 [2] NCCLamd-mi355x-5:85873:85900 [1] NCCL INFO Imported shareable buffer device 1amd-mi355x-5:85874:85898 [2] NCCLamd-mi355x-5:85873:85900 [1] NCCL INFO Imported shareable buffer device 1amd-mi355x-5:85874:85898 [2] NCCLamd-mi355x-5:85873:85900 [1] NCCL INFO Imported shareable buffer device 1 size 2097152 ptr 0x73fa9e000000
amd-mi355x-5:85873:85900 [1] NCCL INFO Imported shareable buffer device 1 size 6291456 ptr 0x73fa9d800000
amd-mi355x-5:85873:85900 [1] NCCL INFO Imported shareable buffer device 1 size 2097152 ptr 0x73fa9d400000
amd-mi355x-5:85873:85900 [1] NCCL INFO Imported shareable buffer device 1 size 6291456 ptr 0x73fa9cc00000
amd-mi355x-5:85873:85900 [1] NCCL INFO Imported shareable buffer device 1 size 2097152 ptr 0x73fa9c800000
amd-mi355x-5:85873:85900 [1] NCCL INFO Imported shareable amd-mi355x-5:85875:85899 [3] NCCL INFO Connected all rings, use ring PXN 0 GDR 1
amd-mi355x-5:85875:85957 [3] NCCL INFO New proxy recv connection 48 from local rank 3, transport 0
amd-mi355x-5:85875:85957 [3] NCCL INFO proxyProgressAsync opId=0x76e9641f2c50 op.type=1 op.reqBuff=0x76e934014080 op.respSize=16 done
amd-mi355x-5:85875:85899 [3] NCCL INFO ncclPollProxyResponse Received new opId=0x76e9641f2c50
amd-mi355x-5:85875:85957 [3] NCCL INFO Received and initiated operation=Init res=0
amd-mi355x-5:85875:85899 [3] NCCL INFO resp.opId=0x76e9641f2c50 matches expected opId=0x76e9641f2c50
amd-mi355x-5:85875:85899 [3] NCCL INFO Connected to proxy localRank 3 -> connection 0x76e9340027b0
amd-mi355x-5:85875:85957 [3] NCCL INFO /workspace/rccl/build/release/hipify/src/transport/p2p.cc:248 Cuda Alloc Size 6291456 pointer 0x76e90f000000 flags 3
amd-mi355x-5:85875:85957 [3] NCCL INFO Allocated shareable buffer 0x76e90f000000 size 6291456 ipcDesc 0x76e934004db0
amd-mi355x-5:85875:85957 [3] NCCL INFO proxyProgressAsync opId=0x76e9641f2c50 op.type=3 op.reqBuff=0x76e9340161f0 op.respSize=88 done
amd-mi355x-5:85875:85899 [3] NCCL INFO ncclPollProxyResponse Received new opId=0x76e9641f2c50
amd-mi355x-5:85875:85957 [3] NCCL INFO Received and initiated operation=Setupamd-mi355x-5:85873:85959 [1] NCCL INFO /workspace/rccl/build/release/hipify/src/transport/p2p.cc:248 Cuda Alloc Size 6291456 pointer 0x73fa99600000 flags 3
amd-mi355x-5:85873:85959 [1] NCCL INFO Allocated shareable buffer 0x73fa99600000 size 6291456 ipcDesc 0x73fac0004db0
amd-mi355x-5:85873:85959 [1] NCCL INFO proxyProgressAsync opId=0x73faf01f5d20 op.type=3 op.reqBuff=0x73fac0016160 op.respSize=88 done
amd-mi355x-5:85873:85900 [1] NCCL INFO ncclPollProxyResponse Received new opId=0x73faf01f5d20
amd-mi355x-5:85873:85959 [1] NCCL INFO Received and initiated operation=Setup res=0
amd-mi355x-5:85873:85900 [1] NCCL INFO resp.opId=0x73faf01f5d20 matches expected opId=0x73faf01f5d20
amd-mi355x-5:85873:85959 [1] NCCamd-mi355x-5:85875:85957 [3] NCCL INFO /workspace/rccl/build/release/hipify/src/transport/p2p.cc:248 Cuda Alloc Size 6291456 pointer 0x76e90e800000 flags 3
amd-mi355x-5:85875:85957 [3] NCCL INFO Allocated shareable buffer 0x76e90e800000 size 6291456 ipcDesc 0x76e934004db0
amd-mi355x-5:85875:85957 [3] NCCL INFO proxyProgressAsync opId=0x76e9641f2c50 op.type=3 op.reqBuff=0x76e9340168e0 op.respSize=88 done
amd-mi355x-5:85875:85899 [3] NCCL INFO ncclPollProxyResponse Received new opId=0x76e9641f2c50
amd-mi355x-5:85875:85957 [3] NCCL INFO Received and initiated operation=Setupamd-mi355x-5:85873:85959 [1] NCCL INFO /workspace/rccl/build/release/hipify/src/transport/p2p.cc:248 Cuda Alloc Size 6291456 pointer 0x73fa98e00000 flags 3
amd-mi355x-5:85873:85959 [1] NCCL INFO Allocated shareable buffer 0x73fa98e00000 size 6291456 ipcDesc 0x73fac0004db0
amd-mi355x-5:85873:85959 [1] NCCL INFO proxyProgressAsync opId=0x73faf01f5d20 op.type=3 op.reqBuff=0x73fac0016830 op.respSize=88 done
amd-mi355x-5:85873:85900 [1] NCCL INFO ncclPollProxyResponse Received new opId=0x73faf01f5d20
amd-mi355x-5:85873:85959 [1] NCCL INFO Received and initiated operation=Setup res=0
amd-mi355x-5:85873:85900 [1] NCCL INFO resp.opId=0x73faf01f5d20 matches expected opId=0x73faf01f5d20
amd-mi355x-5:85873:85959 [1] NCCamd-mi355x-5:85875:85957 [3] NCCL INFO /workspace/rccl/build/release/hipify/src/transport/p2p.cc:248 Cuda Alloc Size 6291456 pointer 0x76e90e000000 flags 3
amd-mi355x-5:85875:85957 [3] NCCL INFO Allocated shareable buffer 0x76e90e000000 size 6291456 ipcDesc 0x76e934004db0
amd-mi355x-5:85875:85957 [3] NCCL INFO proxyProgressAsync opId=0x76e9641f2c50 op.type=3 op.reqBuff=0x76e934016f70 op.respSize=88 done
amd-mi355x-5:85875:85899 [3] NCCL INFO ncclPollProxyResponse Received new opId=0x76e9641f2c50
amd-mi355x-5:85875:85957 [3] NCCL INFO Received and initiated operation=Setupamd-mi355x-5:85873:85959 [1] NCCL INFO /workspace/rccl/build/release/hipify/src/transport/p2p.cc:248 Cuda Alloc Size 6291456 pointer 0x73fa98600000 flags 3
amd-mi355x-5:85873:85959 [1] NCCL INFO Allocated shareable buffer 0x73fa98600000 size 6291456 ipcDesc 0x73fac0004db0
amd-mi355x-5:85873:85959 [1] NCCL INFO proxyProgressAsync opId=0x73faf01f5d20 op.type=3 op.reqBuff=0x73fac0016ee0 op.respSize=88 done
amd-mi355x-5:85873:85900 [1] NCCL INFO ncclPollProxyResponse Received new opId=0x73faf01f5d20
amd-mi355x-5:85873:85959 [1] NCCL INFO Received and initiated operation=Setup res=0
amd-mi355x-5:85873:85900 [1] NCCL INFO resp.opId=0x73faf01f5d20 matches expected opId=0x73faf01f5d20
amd-mi355x-5:85873:85959 [1] NCCamd-mi355x-5:85875:85957 [3] NCCL INFO /workspace/rccl/build/release/hipify/src/transport/p2p.cc:248 Cuda Alloc Size 6291456 pointer 0x76e90d800000 flags 3
amd-mi355x-5:85875:85957 [3] NCCL INFO Allocated shareable buffer 0x76e90d800000 size 6291456 ipcDesc 0x76e934004db0
amd-mi355x-5:85875:85957 [3] NCCL INFO proxyProgressAsync opId=0x76e9641f2c50 op.type=3 op.reqBuff=0x76e934016210 op.respSize=88 done
amd-mi355x-5:85875:85899 [3] NCCL INFO ncclPollProxyResponse Received new opId=0x76e9641f2c50
amd-mi355x-5:85875:85957 [3] NCCL INFO Received and initiated operation=Setupamd-mi355x-5:85873:85959 [1] NCCL INFO /workspace/rccl/build/release/hipify/src/transport/p2p.cc:248 Cuda Alloc Size 6291456 pointer 0x73fa97e00000 flags 3
amd-mi355x-5:85873:85959 [1] NCCL INFO Allocated shareable buffer 0x73fa97e00000 size 6291456 ipcDesc 0x73fac0004db0
amd-mi355x-5:85873:85959 [1] NCCL INFO proxyProgressAsync opId=0x73faf01f5d20 op.type=3 op.reqBuff=0x73fac0013fd0 op.respSize=88 done
amd-mi355x-5:85873:85900 [1] NCCL INFO ncclPollProxyResponse Received new opId=0x73faf01f5d20
amd-mi355x-5:85873:85959 [1] NCCL INFO Received and initiated operation=Setup res=0
amd-mi355x-5:85873:85900 [1] NCCL INFO resp.opId=0x73faf01f5d20 matches expected opId=0x73faf01f5d20
amd-mi355x-5:85873:85959 [1] NCCamd-mi355x-5:85875:85957 [3] NCCL INFO /workspace/rccl/build/release/hipify/src/transport/p2p.cc:248 Cuda Alloc Size 6291456 pointer 0x76e90d000000 flags 3
amd-mi355x-5:85875:85957 [3] NCCL INFO Allocated shareable buffer 0x76e90d000000 size 6291456 ipcDesc 0x76e934004db0
amd-mi355x-5:85875:85957 [3] NCCL INFO proxyProgressAsync opId=0x76e9641f2c50 op.type=3 op.reqBuff=0x76e934012c50 op.respSize=88 done
amd-mi355x-5:85875:85899 [3] NCCL INFO ncclPollProxyResponse Received new opId=0x76e9641f2c50
amd-mi355x-5:85875:85957 [3] NCCL INFO Received and initiated operation=Setupamd-mi355x-5:85873:85959 [1] NCCL INFO /workspace/rccl/build/release/hipify/src/transport/p2p.cc:248 Cuda Alloc Size 6291456 pointer 0x73fa97600000 flags 3
amd-mi355x-5:85873:85959 [1] NCCL INFO Allocated shareable buffer 0x73fa97600000 size 6291456 ipcDesc 0x73fac0004db0
amd-mi355x-5:85873:85959 [1] NCCL INFO proxyProgressAsync opId=0x73faf01f5d20 op.type=3 op.reqBuff=0x73fac000fcd0 op.respSize=88 done
amd-mi355x-5:85873:85900 [1] NCCL INFO ncclPollProxyResponse Received new opId=0x73faf01f5d20
amd-mi355x-5:85873:85959 [1] NCCL INFO Received and initiated operation=Setup res=0
amd-mi355x-5:85873:85900 [1] NCCL INFO resp.opId=0x73faf01f5d20 matches expected opId=0x73faf01f5d20
amd-mi355x-5:85873:85959 [1] NCCamd-mi355x-5:85875:85957 [3] NCCL INFO /workspace/rccl/build/release/hipify/src/transport/p2p.cc:248 Cuda Alloc Size 6291456 pointer 0x76e90c800000 flags 3
amd-mi355x-5:85875:85957 [3] NCCL INFO Allocated shareable buffer 0x76e90c800000 size 6291456 ipcDesc 0x76e934004db0
amd-mi355x-5:85875:85957 [3] NCCL INFO proxyProgressAsync opId=0x76e9641f2c50 op.type=3 op.reqBuff=0x76e93400ef50 op.respSize=88 done
amd-mi355x-5:85875:85899 [3] NCCL INFO ncclPollProxyResponse Received new opId=0x76e9641f2c50
amd-mi355x-5:85875:85957 [3] NCCL INFO Received and initiated operation=Setupamd-mi355x-5:85873:85959 [1] NCCL INFO /workspace/rccl/build/release/hipify/src/transport/p2p.cc:248 Cuda Alloc Size 6291456 pointer 0x73fa96e00000 flags 3
amd-mi355x-5:85873:85959 [1] NCCL INFO Allocated shareable buffer 0x73fa96e00000 size 6291456 ipcDesc 0x73fac0004db0
amd-mi355x-5:85873:85959 [1] NCCL INFO proxyProgressAsync opId=0x73faf01f5d20 op.type=3 op.reqBuff=0x73fac000af10 op.respSize=88 done
amd-mi355x-5:85873:85900 [1] NCCL INFO ncclPollProxyResponse Received new opId=0x73faf01f5d20
amd-mi355x-5:85873:85959 [1] NCCL INFO Received and initiated operation=Setup res=0
amd-mi355x-5:85873:85900 [1] NCCL INFO resp.opId=0x73faf01f5d20 matches expected opId=0x73faf01f5d20
amd-mi355x-5:85873:85959 [1] NCCamd-mi355x-5:85875:85957 [3] NCCL INFO /workspace/rccl/build/release/hipify/src/transport/p2p.cc:248 Cuda Alloc Size 6291456 pointer 0x76e90c000000 flags 3
amd-mi355x-5:85875:85957 [3] NCCL INFO Allocated shareable buffer 0x76e90c000000 size 6291456 ipcDesc 0x76e934004db0
amd-mi355x-5:85875:85957 [3] NCCL INFO proxyProgressAsync opId=0x76e9641f2c50 op.type=3 op.reqBuff=0x76e93400adb0 op.respSize=88 done
amd-mi355x-5:85875:85899 [3] NCCL INFO ncclPollProxyResponse Received new opId=0x76e9641f2c50
amd-mi355x-5:85875:85957 [3] NCCL INFO Received and initiated operation=Setupamd-mi355x-5:85873:85959 [1] NCCL INFO /workspace/rccl/build/release/hipify/src/transport/p2p.cc:248 Cuda Alloc Size 6291456 pointer 0x73fa96600000 flags 3
amd-mi355x-5:85873:85959 [1] NCCL INFO Allocated shareable buffer 0x73fa96600000 size 6291456 ipcDesc 0x73fac0004db0
amd-mi355x-5:85873:85959 [1] NCCL INFO proxyProgressAsync opId=0x73faf01f5d20 op.type=3 op.reqBuff=0x73fac0009af0 op.respSize=88 done
amd-mi355x-5:85873:85900 [1] NCCL INFO ncclPollProxyResponse Received new opId=0x73faf01f5d20
amd-mi355x-5:85873:85959 [1] NCCL INFO Received and initiated operation=Setup res=0
amd-mi355x-5:85873:85900 [1] NCCL INFO resp.opId=0x73faf01f5d20 matches expected opId=0x73faf01f5d20
amd-mi355x-5:85873:85959 [1] NCCamd-mi355x-5:85875:85957 [3] NCCL INFO /workspace/rccl/build/release/hipify/src/transport/p2p.cc:248 Cuda Alloc Size 6291456 pointer 0x76e90b800000 flags 3
amd-mi355x-5:85875:85957 [3] NCCL INFO Allocated shareable buffer 0x76e90b800000 size 6291456 ipcDesc 0x76e934004db0
amd-mi355x-5:85875:85957 [3] NCCL INFO proxyProgressAsync opId=0x76e9641f2c50 op.type=3 op.reqBuff=0x76e93400ab20 op.respSize=88 done
amd-mi355x-5:85875:85899 [3] NCCL INFO ncclPollProxyResponse Received new opId=0x76e9641f2c50
amd-mi355x-5:85875:85957 [3] NCCL INFO Received and initiated operation=Setupamd-mi355x-5:85873:85959 [1] NCCL INFO /workspace/rccl/build/release/hipify/src/transport/p2p.cc:248 Cuda Alloc Size 6291456 pointer 0x73fa95e00000 flags 3
amd-mi355x-5:85873:85959 [1] NCCL INFO Allocated shareable buffer 0x73fa95e00000 size 6291456 ipcDesc 0x73fac0004db0
amd-mi355x-5:85873:85959 [1] NCCL INFO proxyProgressAsync opId=0x73faf01f5d20 op.type=3 op.reqBuff=0x73fac00060f0 op.respSize=88 done
amd-mi355x-5:85873:85900 [1] NCCL INFO ncclPollProxyResponse Received new opId=0x73faf01f5d20
amd-mi355x-5:85873:85959 [1] NCCL INFO Received and initiated operation=Setup res=0
amd-mi355x-5:85873:85900 [1] NCCL INFO resp.opId=0x73faf01f5d20 matches expected opId=0x73faf01f5d20
amd-mi355x-5:85873:85900 [1] NCCamd-mi355x-5:85875:85957 [3] NCCL INFO /workspace/rccl/build/release/hipify/src/transport/p2p.cc:248 Cuda Alloc Size 6291456 pointer 0x76e90b000000 flags 3
amd-mi355x-5:85875:85957 [3] NCCL INFO Allocated shareable buffer 0x76e90b000000 size 6291456 ipcDesc 0x76e934004db0
amd-mi355x-5:85875:85957 [3] NCCL INFO proxyProgressAsync opId=0x76e9641f2c50 op.type=3 op.reqBuff=0x76e93400af10 op.respSize=88 done
amd-mi355x-5:85875:85899 [3] NCCL INFO ncclPollProxyResponse Received new opId=0x76e9641f2c50
amd-mi355x-5:85875:85957 [3] NCCL INFO Received and initiated operation=Setup res=0
amd-mi355x-5:85875:85899 [3] NCCL INFO resp.opId=0x76e9641f2c50 matches expected opId=0x76e9641f2c50
amd-mamd-mi355x-5:85873:85959 [1] NCCL INFO /workspace/rccl/build/release/hipify/src/transport/p2p.cc:248 Cuda Alloc Size 2097152 pointer 0x73fa95a00000 flags 3
amd-mi355x-5:85873:85959 [1] NCCL INFO Allocated shareable buffer 0x73fa95a00000 size 2097152 ipcDesc 0x73fac0004db0
amd-mi355x-5:85873:85959 [1] NCCL INFO proxyProgressAsync opId=0x73faf01f5d20 op.type=3 op.reqBuff=0x73fac00175b0 op.respSize=88 done
amd-mi355x-5:85873:85900 [1] NCCL INFO ncclPollProxyResponse Received new opId=0x73faf01f5d20
amd-mi355x-5:85873:85959 [1] NCCL INFO Received and initiated operation=Setup res=0
amd-mi355x-5:85873:8amd-mi355x-5:85875:85957 [3] NCCL INFO /workspace/rccl/build/release/hipify/src/transport/p2p.cc:248 Cuda Alloc Size 6291456 pointer 0x76e90a800000 flags 3
amd-mi355x-5:85875:85957 [3] NCCL INFO Allocated shareable buffer 0x76e90a800000 size 6291456 ipcDesc 0x76e934004db0
amd-mi355x-5:85875:85957 [3] NCCL INFO proxyProgressAsync opId=0x76e9641f2c50 op.type=3 op.reqBuff=0x76e934016210 op.respSize=88 done
amd-mi355x-5:85875:85899 [3] NCCL INFO ncclPollProxyResponse Received new opId=0x76e9641f2c50
amd-mi355x-5:85875:85957 [3] NCCL INFO Received and initiated operation=Setup res=0
amd-mi355x-5:85875:85899 [3] NCCL INFO resp.opId=0x76e9641f2c50 matches expected opId=0x76e9641f2c50
amd-mi355x-5:85875:85957 [3] NCCL INFO New proxy recv connection 58 from local rank 3, transport 0
amd-mi355x-5:85875:amd-mi355x-5:85873:85959 [1] NCCL INFO /workspace/rccl/build/release/hipify/src/transport/p2p.cc:248 Cuda Alloc Size 2097152 pointer 0x73fa95600000 flags 3
amd-mi355x-5:85873:85959 [1] NCCL INFO Allocated shareable buffer 0x73fa95600000 size 2097152 ipcDesc 0x73fac0004db0
amd-mi355x-5:85873:85959 [1] NCCL INFO proxyProgressAsync opId=0x73faf01f5d20 op.type=3 op.reqBuff=0x73fac0007570 op.respSize=88 done
amd-mi355x-5:85873:85900 [1] NCCL INFO ncclPollProxyResponse Received new opId=0x73faamd-mi355x-5:85875:85957 [3] NCCL INFO /workspace/rccl/build/release/hipify/src/transport/p2p.cc:248 Cuda Alloc Size 6291456 pointer 0x76e90a000000 flags 3
amd-mi355x-5:85875:85957 [3] NCCL INFO Allocated shareable buffer 0x76e90a000000 size 6291456 ipcDesc 0x76e934004db0
amd-mi355x-5:85875:85957 [3] NCCL INFO proxyProgressAsync opId=0x76e9641f2c50 op.type=3 op.reqBuff=0x76e93400c190 op.respSize=88 done
amd-mi355x-5:85875:85899 [3] NCCL INFO ncclPollProxyResponse Received new opId=0x76e9641f2c50
amd-mi355x-5:85875:85957 [3] NCCL INFO Received and initiated operation=Setup res=0
amd-mi355x-5:85875:85899 [3] NCCL INFO resp.opId=0x76e9641f2c50 matches expected opId=0x76e9641f2c50
amd-mi355x-5:85875:85957 [3] NCCL INFO New proxy recv connection 59 from local rank 3, transport 0
amd-mi355x-5:85875:85957 [3] NCCL INFO proxyProgressAsync opId=0x76e9641f2c50 op.type=1 op.reqBuff=0x76e934011ed0 op.respSize=16 donamd-mi355x-5:85873:85959 [1] NCCL INFO /workspace/rccl/build/release/hipify/src/transport/p2p.cc:248 Cuda Alloc Size 2097152 pointer 0x73fa95200000 flags 3
amd-mi355x-5:85873:85959 [1] NCCL INFO Allocated shareable buffer 0x73fa95200000 size 2097152 ipcDesc 0x73fac0004db0
amd-mi355x-5:85873:85959 [1] NCCL INFO proxyProgressAsync opId=0x73faf01f5d20 op.type=3 op.reqBuff=0x73facamd-mi355x-5:85875:85957 [3] NCCL INFO /workspace/rccl/build/release/hipify/src/transport/p2p.cc:248 Cuda Alloc Size 6291456 pointer 0x76e909800000 flags 3
amd-mi355x-5:85875:85957 [3] NCCL INFO Allocated shareable buffer 0x76e909800000 size 6291456 ipcDesc 0x76e934004db0
amd-mi355x-5:85875:85957 [3] NCCL INFO proxyProgressAsync opId=0x76e9641f2c50 op.type=3 op.reqBuff=0x76e93401a570 op.respSize=88 done
amd-mi355x-5:85875:85899 [3] NCCL INFO ncclPollProxyResponse Received new opId=0x76e9641f2c50
amd-mi355x-5:85875:85957 [3] NCCL INFO Received and initiated operation=Setup res=0
amd-mi355x-5:85875:85899 [3] NCCL INFO resp.opId=0x76e9641f2c50 matches expected opId=0x76e9641f2c50
amd-mi355x-5:85875:85899 [3] NCCL INFO Channel 04/0 : 3[75000] -> 0[5000] via P2P/IPC comm 0xf5f2140 nRanks 04
amd-mi355x-5:85875:85957 [3] NCCL INFO New proxy send connection 60 from local rank 3, transport 0
amd-mi355x-5:85875:85957 [3] NCCL INFO proxyProgressAsync opId=0x76e9641f2c50 op.type=1 op.reqBuff=0x76e93401b2f0 op.respSize=16 done
amd-mi355x-5:85873:85959 [1] NCCL INFO /workspace/rccl/build/release/hipify/src/transport/p2p.cc:248 Cuda Alloc Size 2097152 pointer 0x73fa94e00000 flags 3
amd-mi355x-5:85873:85959 [1] NCCL INFO Allocated shareable buffer 0x73fa94e00000 size 2097152 ipcDesc 0x73fac0004db0
amd-mi355x-5:85873:85959 [1] NCCL INFO proxyProgressAsync opId=0x73faf01f5d20 op.type=3 op.reqBuff=0x73famd-mi355x-5:85875:85957 [3] NCCL INFO /workspace/rccl/build/release/hipify/src/transport/p2p.cc:248 Cuda Alloc Size 2097152 pointer 0x76e909400000 flags 3
amd-mi355x-5:85875:85957 [3] NCCL INFO Allocated shareable buffer 0x76e909400000 size 2097152 ipcDesc 0x76e934004db0
amd-mi355x-5:85875:85957 [3] NCCL INFO proxyProgressAsync opId=0x76e9641f2c50 op.type=3 op.reqBuff=0x76e93401b330 op.respSize=88 done
amd-mi355x-5:85875:85899 [3] NCCL INFO ncclPollProxyResponse Received new opId=0x76e9641f2c50
amd-mi355x-5:85875:85957 [3] NCCL INFO Received and initiated operation=Setup res=0
amd-mi355x-5:85875:85899 [3] NCCL INFO resp.opId=0x76e9641f2c50 matches expected opId=0x76e9641f2c50
amd-mi355x-5:85875:85899 [3] NCCL INFO Channel 05/0 : 3[75000] -> 0[5000] via P2P/IPC comm 0xf5f2140 nRanks 04
amd-mi355x-5:85875:85957 [3] NCCL INFO New proxy send connection 61 from local rank 3, transport 0
amd-mi355x-5:85875:85957 [3] NCCL INFO proxyProgressAsync opId=0x76e9641f2c50 op.type=1 op.reqBuff=0x76e93401a570 op.respSize=16 done
amamd-mi355x-5:85873:85959 [1] NCCL INFO /workspace/rccl/build/release/hipify/src/transport/p2p.cc:248 Cuda Alloc Size 2097152 pointer 0x73fa94a00000 flags 3
amd-mi355x-5:85873:85959 [1] NCCL INFO Allocated shareable buffer 0x73fa94a00000 size 2097152 ipcDesc 0x73fac0004db0
amd-mi355x-5:85873:85959 [1] NCCL INFO proxyProgressAsync opId=0x73faf01f5d20 op.type=3 op.reqBuff=0x7amd-mi355x-5:85875:85957 [3] NCCL INFO /workspace/rccl/build/release/hipify/src/transport/p2p.cc:248 Cuda Alloc Size 2097152 pointer 0x76e909000000 flags 3
amd-mi355x-5:85875:85957 [3] NCCL INFO Allocated shareable buffer 0x76e909000000 size 2097152 ipcDesc 0x76e934004db0
amd-mi355x-5:85875:85957 [3] NCCL INFO proxyProgressAsync opId=0x76e9641f2c50 op.type=3 op.reqBuff=0x76e934012c50 op.respSize=88 done
amd-mi355x-5:85875:85899 [3] NCCL INFO ncclPollProxyResponse Received new opId=0x76e9641f2c50
amd-mi355x-5:85875:85957 [3] NCCL INFO Received and initiated operation=Setup res=0
amd-mi355x-5:85875:85899 [3] NCCL INFO resp.opId=0x76e9641f2c50 matches expected opId=0x76e9641f2c50
amd-mi355x-5:85875:85899 [3] NCCL INFO Channel 10/0 : 3[75000] -> 0[5000] via P2P/IPC comm 0xf5f2140 nRanks 04
amd-mi355x-5:85875:85957 [3] NCCL INFO New proxy send connection 62 from local rank 3, transport 0
amd-mi355x-5:85875:85957 [3] NCCL INFO proxyProgressAsync opId=0x76e9641f2c50 op.type=1 op.reqBuff=0x76e93400ab40 op.respSize=16 done
amd-amd-mi355x-5:85873:85959 [1] NCCL INFO /workspace/rccl/build/release/hipify/src/transport/p2p.cc:248 Cuda Alloc Size 2097152 pointer 0x73fa94600000 flags 3
amd-mi355x-5:85873:85959 [1] NCCL INFO Allocated shareable buffer 0x73fa94600000 size 2097152 ipcDesc 0x73fac0004db0
amd-mi355x-5:85873:85959 [1] NCCL INFO proxyProgressAsync opId=0x73faf01f5d20 op.type=3 op.reqBuff=0amd-mi355x-5:85875:85957 [3] NCCL INFO /workspace/rccl/build/release/hipify/src/transport/p2p.cc:248 Cuda Alloc Size 2097152 pointer 0x76e908c00000 flags 3
amd-mi355x-5:85875:85957 [3] NCCL INFO Allocated shareable buffer 0x76e908c00000 size 2097152 ipcDesc 0x76e934004db0
amd-mi355x-5:85875:85957 [3] NCCL INFO proxyProgressAsync opId=0x76e9641f2c50 op.type=3 op.reqBuff=0x76e93400b220 op.respSize=88 done
amd-mi355x-5:85875:85899 [3] NCCL INFO ncclPollProxyResponse Received new opId=0x76e9641f2c50
amd-mi355x-5:85875:85957 [3] NCCL INFO Received and initiated operation=Setup res=0
amd-mi355x-5:85875:85899 [3] NCCL INFO resp.opId=0x76e9641f2c50 matches expected opId=0x76e9641f2c50
amd-mi355x-5:85875:85899 [3] NCCL INFO Channel 11/0 : 3[75000] -> 0[5000] via P2P/IPC comm 0xf5f2140 nRanks 04
amd-mi355x-5:85875:85957 [3] NCCL INFO New proxy send connection 63 from local rank 3, transport 0
amd-mi355x-5:85875:85957 [3] NCCL INFO proxyProgressAsync opId=0x76e9641f2c50 op.type=1 op.reqBuff=0x76e934008bf0 op.respSize=16 done
amd-miamd-mi355x-5:85873:85959 [1] NCCL INFO /workspace/rccl/build/release/hipify/src/transport/p2p.cc:248 Cuda Alloc Size 2097152 pointer 0x73fa94200000 flags 3
amd-mi355x-5:85873:85959 [1] NCCL INFO Allocated shareable buffer 0x73fa94200000 size 2097152 ipcDesc 0x73fac0004db0
amd-mi355x-5:85873:85959 [1] NCCL INFO proxyProgressAsync opId=0x73faf01f5d20 op.type=3 op.reqBuffamd-mi355x-5:85875:85957 [3] NCCL INFO /workspace/rccl/build/release/hipify/src/transport/p2p.cc:248 Cuda Alloc Size 2097152 pointer 0x76e908800000 flags 3
amd-mi355x-5:85875:85957 [3] NCCL INFO Allocated shareable buffer 0x76e908800000 size 2097152 ipcDesc 0x76e934004db0
amd-mi355x-5:85875:85957 [3] NCCL INFO proxyProgressAsync opId=0x76e9641f2c50 op.type=3 op.reqBuff=0x76e93400abf0 op.respSize=88 done
amd-mi355x-5:85875:85899 [3] NCCL INFO ncclPollProxyResponse Received new opId=0x76e9641f2c50
amd-mi355x-5:85875:85957 [3] NCCL INFO Received and initiated operation=Setup res=0
amd-mi355x-5:85875:85899 [3] NCCL INFO resp.opId=0x76e9641f2c50 matches expected opId=0x76e9641f2c50
amd-mi355x-5:85875:85899 [3] NCCL INFO Channel 16/0 : 3[75000] -> 0[5000] via P2P/IPC comm 0xf5f2140 nRanks 04
amd-mi355x-5:85875:85957 [3] NCCL INFO New proxy send connection 64 from local rank 3, transport 0
amd-mi355x-5:85875:85957 [3] NCCL INFO proxyProgressAsync opId=0x76e9641f2c50 op.type=1 op.reqBuff=0x76e93400c190 op.respSize=16 done
amd-mi35amd-mi355x-5:85873:85959 [1] NCCL INFO /workspace/rccl/build/release/hipify/src/transport/p2p.cc:248 Cuda Alloc Size 2097152 pointer 0x73fa93e00000 flags 3
amd-mi355x-5:85873:85959 [1] NCCL INFO Allocated shareable buffer 0x73fa93e00000 size 2097152 ipcDesc 0x73fac0004db0
amd-mi355x-5:85873:85959 [1] NCCL INFO proxyProgressAsync opId=0x73faf01f5d20 op.type=3 op.reqBuamd-mi355x-5:85875:85957 [3] NCCL INFO /workspace/rccl/build/release/hipify/src/transport/p2p.cc:248 Cuda Alloc Size 2097152 pointer 0x76e908400000 flags 3
amd-mi355x-5:85875:85957 [3] NCCL INFO Allocated shareable buffer 0x76e908400000 size 2097152 ipcDesc 0x76e934004db0
amd-mi355x-5:85875:85957 [3] NCCL INFO proxyProgressAsync opId=0x76e9641f2c50 op.type=3 op.reqBuff=0x76e934018a70 op.respSize=88 done
amd-mi355x-5:85875:85899 [3] NCCL INFO ncclPollProxyResponse Received new opId=0x76e9641f2c50
amd-mi355x-5:85875:85957 [3] NCCL INFO Received and initiated operation=Setup res=0
amd-mi355x-5:85875:85899 [3] NCCL INFO resp.opId=0x76e9641f2c50 matches expected opId=0x76e9641f2c50
amd-mi355x-5:85875:85899 [3] NCCL INFO Channel 17/0 : 3[75000] -> 0[5000] via P2P/IPC comm 0xf5f2140 nRanks 04
amd-mi355x-5:85875:85957 [3] NCCL INFO New proxy send connection 65 from local rank 3, transport 0
amd-mi355x-5:85875:85957 [3] NCCL INFO proxyProgressAsync opId=0x76e9641f2c50 op.type=1 op.reqBuff=0x76e934006c10 op.respSize=16 done
amd-mi355xamd-mi355x-5:85873:85959 [1] NCCL INFO /workspace/rccl/build/release/hipify/src/transport/p2p.cc:248 Cuda Alloc Size 2097152 pointer 0x73fa93a00000 flags 3
amd-mi355x-5:85873:85959 [1] NCCL INFO Allocated shareable buffer 0x73fa93a00000 size 2097152 ipcDesc 0x73fac0004db0
amd-mi355x-5:85873:85959 [1] NCCL INFO proxyProgressAsync opId=0x73faf01f5d20 op.type=3 op.reqamd-mi355x-5:85875:85957 [3] NCCL INFO /workspace/rccl/build/release/hipify/src/transport/p2p.cc:248 Cuda Alloc Size 2097152 pointer 0x76e908000000 flags 3
amd-mi355x-5:85875:85957 [3] NCCL INFO Allocated shareable buffer 0x76e908000000 size 2097152 ipcDesc 0x76e934004db0
amd-mi355x-5:85875:85957 [3] NCCL INFO proxyProgressAsync opId=0x76e9641f2c50 op.type=3 op.reqBuff=0x76e93400b0e0 op.respSize=88 done
amd-mi355x-5:85875:85899 [3] NCCL INFO ncclPollProxyResponse Received new opId=0x76e9641f2c50
amd-mi355x-5:85875:85957 [3] NCCL INFO Received and initiated operation=Setup res=0
amd-mi355x-5:85875:85899 [3] NCCL INFO resp.opId=0x76e9641f2c50 matches expected opId=0x76e9641f2c50
amd-mi355x-5:85875:85899 [3] NCCL INFO Channel 22/0 : 3[75000] -> 0[5000] via P2P/IPC comm 0xf5f2140 nRanks 04
amd-mi355x-5:85875:85957 [3] NCCL INFO New proxy send connection 66 from local rank 3, transport 0
amd-mi355x-5:85875:85957 [3] NCCL INFO proxyProgressAsync opId=0x76e9641f2c50 op.type=1 op.reqBuff=0x76e93400ab40 op.respSize=16 done
amd-mi355x-5amd-mi355x-5:85873:85959 [1] NCCL INFO /workspace/rccl/build/release/hipify/src/transport/p2p.cc:248 Cuda Alloc Size 2097152 pointer 0x73fa93600000 flags 3
amd-mi355x-5:85873:85959 [1] NCCL INFO Allocated shareable buffer 0x73fa93600000 size 2097152 ipcDesc 0x73fac0004db0
amd-mi355x-5:85873:85959 [1] NCCL INFO proxyProgressAsync opId=0x73faf01f5d20 op.type=3 op.ramd-mi355x-5:85875:85957 [3] NCCL INFO /workspace/rccl/build/release/hipify/src/transport/p2p.cc:248 Cuda Alloc Size 2097152 pointer 0x76e907c00000 flags 3
amd-mi355x-5:85875:85957 [3] NCCL INFO Allocated shareable buffer 0x76e907c00000 size 2097152 ipcDesc 0x76e934004db0
amd-mi355xamd-mi355x-5:85872:85955 [0] NCCL INFO New proxy recv connection 64 from local rank 0, transport 0
amd-mi355x-5:85872:85955 [0] NCCL INFO proxyProgressAsync opId=0x7053101fc650 op.type=1 op.reqBuff=0x7052e000b190 op.respSize=16 done
amd-mi355x-5:85872:85897 [0] NCCL INFO ncclPollProxyResponse Received new opId=0x7053101fc650
amd-mi355x-5:85872:85955 [0] NCCL INFO Received and initiated operation=Init res=0
amd-mi355x-5:85872:85897 [0] NCCL INFO resp.opId=0x7053101fc650 matches expected opId=0x7053101fc650
amd-mi355x-5:85872:85897 [0] NCCL INFO Connected to proxy localRank 0 -> connection 0x7052e0002f30
amd-mi355x-5:85872:85955 [0] NCCL INFO /workspace/rccl/build/release/hipify/src/transport/p2p.cc:248 Cuda Alloc Size 6291456 pointer 0x7052b6200000 flags 3
amd-mi355x-5:85872:85955 [0] NCCL INFO Allocated shareable buffer 0x7052b6200000 size 6291456 ipcDesc 0x7052e0004db0
amd-mi355x-5:85872:85955 [0] NCCL INFO proxyProgressAsync opId=0x7053101fc650 op.type=3 op.reqBuff=0x7052e0006c10 op.respSize=88 done
amd-mi355x-5:85872:85897 [0] NCCL INFO ncclPollProxyResponse Received new opId=0x7053101fc650
amd-mi355x-5:85872:85955 [0] NCCL INFO Received and initiated operation=Setup res=0
amd-mi355x-5:85872:85897 [0] NCCL INFO resp.opId=0x7053101fc650 matches expected opId=0x7053101fc650
amd-mi355x-5:85872:85955 [0] NCCL INFO New proxy recv connection 65 from local rank 0, transport 0
amd-mi355x-5:85872:85955 [0] NCCL INFO proxyProgressAsync opId=0x7053101fc650 op.type=1 op.reqBuff=0x7052e001d470 op.respSize=16 done
amd-mi355x-5:85872:85897 [0] NCCL INFO ncclPollProxyResponse Received new opId=0x7053101fc650
amd-mi355x-5:85872:85955 [0] NCCL INFO Received and initiated operation=Init res=0
amd-mi355x-5:85872:85897 [0] NCCL INFO resp.opId=0x7053101fc650 matches expected opId=0x7053101fc650
amdamd-mi355x-5:85875:85957 [3] NCCL INFO New proxy recv connection 68 from local rank 3, transport 0
amd-mi355x-5:85875:85957 [3] NCCL INFO proxyProgressAsync opId=0x76e9641f2c50 op.type=1 op.reqBuff=0x76e93401efa0 op.respSize=16 done
amd-mi355x-5:85875:85899 [3] NCCL INFO ncclPollProxyResponse Received new opId=0x76e9641f2c50
amd-mi355x-5:85875:85957 [3] NCCL INFO Received and initiated operation=Init res=0
amd-mi355x-5:85875:85899 [3] NCCL INFO resp.opId=0x76e9641f2c50 matches expected opId=0x76e9641f2c50
amd-mi355x-5:85875:85899 [3] NCCL INFO Connected to proxy localRank 3 -> connection 0x76e934003110
amd-mi355x-5:85875:85957 [3] NCCL INFO /workspace/rccl/build/release/hipify/src/transport/p2p.cc:248 Cuda Alloc Size 6291456 pointer 0x76e907000000 flags 3
amd-mi355x-5:85875:85957 [3] NCCL INFO Allocated shareable buffer 0x76e907000000 size 6291456 ipcDesc 0x76e934004db0
amd-mi355x-5:85875:85957 [3] NCCL INFO proxyProgressAsync opId=0x76e9641f2c50 op.type=3 op.reqBuff=0x76e93401efc0 op.respSize=88 done
amd-mi355x-5:85875:85899 [3] NCCL INFO ncclPollProxyResponse Received new opId=0x76e9641f2c50
amd-mi355x-5:85875:85957 [3] NCCL INFO Received and initiated operation=Setup res=0
amd-mi355x-5:85875:85899 [3] NCCL INFO resp.opId=0x76e9641f2c50 matches expected opId=0x76e9641f2c50
amd-mi355x-5:85875:85957 [3] NCCL INFO New proxy recv connection 69 from local rank 3, transport 0
amd-mi355x-5:85875:85957 [3] NCCL INFO proxyProgressAsync opId=0x76e9641f2c50 op.type=1 op.reqBuff=0x76e9340183e0 op.respSize=16 done
amd-mi355x-5:85875:85899 [3] NCCL INFO ncclPollProxyResponse Received new opId=0x76e9641f2c50
amd-mi355x-5:85875:85899 [3] NCCL INFO resp.opId=0x76e9641f2c50 matches expected opId=0x76e9641f2c50
amd-mi355x-5:85875:85899 [3] NCCL INFO Connected to proxy localRank 3 -> connection 0x76e934003188
amd-mi355x-5:85875:85957 [3] NCCL INFO Received and initiated operation=Init res=0
amd-mi355x-5:85875:85957 [3] NCCL INFO /workspace/rccl/build/release/hipify/src/transport/p2p.cc:248 Cuda Alloc Size 6291456 pointer 0x76e906800000 flags 3
amd-mi355x-5:85875:85957 [3] NCCL INFO Allocated shareable buffer 0x76e906800000 size 6291456 ipcDesc 0x76e934004db0
amd-mi355x-5:85875:85957 [3] NCCL INFO proxyProgressAsync opId=0x76e9641f2c50 op.type=3 op.reqBuff=0x76e93400e1d0 op.respSize=88 done
amd-mi355x-5:85875:85899 [3] NCCL INFO ncclPollProxyResponse Received new opId=0x76e9641f2c50
amd-mi355x-5:85875:85957 [3] NCCL INFO Received and initiated operation=Setup res=0
amd-mi355x-5:85875:85899 [3] NCCL INFO resp.opId=0x76e9641f2c50 matches expected opId=0x76e9641f2c50
amd-mi355x-5:85875:85957 [3] NCCL INFO New proxy recv connection 70 from local rank 3, transport 0
amd-mi355x-5:85875:85957 [3] NCCL INFO proxyProgressAsync opId=0x76e9641f2c50 op.type=1 op.reqBuff=0x76e934010890 op.respSize=16 done
amd-mi355x-5:85875:85899 [3] NCCL INFO ncclPollProxyResponse Received new opId=0x76e9641f2c50
amd-mi355x-5:85875:85957 [3] NCCL INFO Received and initiated operation=Init res=0
amd-mi355x-5:85875:85899 [3] NCCL INFO resp.opId=0x76e9641f2c50 matches expected opId=0x76e9641f2c50
amd-mi355x-5:85875:85899 [3] NCCL INFO Connected to proxy localRank 3 -> connection 0x76e934003200
amd-mi355x-5:85875:85957 [3] NCCL INFO /workspace/rccl/build/release/hipify/src/transport/p2p.cc:248 Cuda Alloc Size 6291456 pointer 0x76e906000000 flags 3
amd-mi355x-5:85875:85957 [3] NCCL INFO Allocated shareable buffer 0x76e906000000 size 6291456 ipcDesc 0x76e934004db0
amd-mi355x-5:85875:85957 [3] NCCL INFO proxyProgressAsync opId=0x76e9641f2c50 op.type=3 op.reqBuff=0x76e934009c40 op.respSize=88 done
amd-mi355x-5:85875:85899 [3] NCCL INFO ncclPollProxyResponse Received new opId=0x76e9641f2c50
amd-mi355x-5:85875:85957 [3] NCCL INFO Received and initiated operation=Setup res=0
amd-mi355x-5:85875:85899 [3] NCCL INFO resp.opId=0x76e9641f2c50 matches expected opId=0x76e9641f2c50
amd-mi355x-5:85875:85957 [3] NCCL INFO New proxy recv connection 71 from local rank 3, transport 0
amd-mi355x-5:85875:85957 [3] NCCL INFO proxyProgressAsync opId=0x76e9641f2c50 op.type=1 op.reqBuff=0x76e93400b220 op.respSize=16 done
amd-mi355x-5:85875:85899 [3] NCCL INFO ncclPollProxyResponse Received new opId=0x76e9641f2c50
amd-mi355x-5:85875:85957 [3] NCCL INFO Received and initiated operation=Init res=0
amd-mi355x-5:85875:85899 [3] NCCL INFO resp.opId=0x76e9641f2c50 matches expected opId=0x76e9641f2c50
amd-mi355x-5:85875:85899 [3] NCCL INFO Connected to proxy localRank 3 -> connection 0x76e934003278
amd-mi355x-5:85875:85957 [3] NCCL INFO /workspace/rccl/build/release/hipify/src/transport/p2p.cc:248 Cuda Alloc Size 6291456 pointer 0x76e905800000 flags 3
amd-mi355x-5:85875:85957 [3] NCCL INFO Allocated shareable buffer 0x76e905800000 size 6291456 ipcDesc 0x76e934004db0
amd-mi355x-5:85875:85957 [3] NCCL INFO proxyProgressAsync opId=0x76e9641f2c50 op.type=3 op.reqBuff=0x76e934007cf0 op.respSize=88 done
amd-mi355x-5:85875:85899 [3] NCCL INFO ncclPollProxyResponse Received new opId=0x76e9641f2c50
amd-mi355x-5:85875:85957 [3] NCCL INFO Received and initiated operation=Setup res=0
amd-mi355x-5:85875:85899 [3] NCCL INFO resp.opId=0x76e9641f2c50 matches expected opId=0x76e9641f2c50
amd-mi355x-5:85875:85899 [3] NCCL INFO Channel 03/0 : 3[75000] -> 1[15000] via P2P/IPC comm 0xf5f2140 nRanks 04
amd-mi355x-5:85875:85957 [3] NCCL INFO New proxy send connection 72 from local rank 3, transport 0
amd-mi355x-5:85875:85957 [3] NCCL INFO proxyProgressAsync opId=0x76e9641f2c50 op.type=1 op.reqBuff=0x76e93400ab40 op.respSize=16 done
amd-mi355x-5:85875:85899 [3] NCCL INFO ncclPollProxyResponse Received new opId=0x76e9641f2c50
amd-mi355x-5:85875:85957 [3] NCCL INFO Received and initiated operation=Init res=0
amd-mi355x-5:85875:85899 [3] NCCL INFO resp.opId=0x76e9641f2c50 matches expected opId=0x76e9641f2c50
amd-mi355x-5:85875:85899 [3] NCCL INFO Connected to proxy localRank 3 -> connection 0x76e9340032f0
amd-mi355x-5:85875:85957 [3] NCCL INFO /workspace/rccl/build/release/hipify/src/transport/p2p.cc:248 Cuda Alloc Size 2097152 pointer 0x76e905400000 flags 3
amd-mi355x-5:85875:85957 [3] NCCL INFO Allocated shareable buffer 0x76e905400000 size 2097152 ipcDesc 0x76e934004db0
amd-mi355x-5:85875:85957 [3] NCCL INFO proxyProgressAsync opId=0x76e9641f2c50 op.type=3 op.reqBuff=0x76e934006c10 op.respSize=88 done
amd-mi355x-5:85875:85899 [3] NCCL INFO ncclPollProxyResponse Received new opId=0x76e9641f2c50
amd-mi355x-5:85875:85957 [3] NCCL INFO Received and initiated operation=Setup res=0
amd-mi355x-5:85875:85899 [3] NCCL INFO resp.opId=0x76e9641f2c50 matches expected opId=0x76e9641f2c50
amd-mi355x-5:85875:85899 [3] NCCL INFO Channel 09/0 : 3[75000] -> 1[15000] via P2P/IPC comm 0xf5f2140 nRanks 04
amd-mi355x-5:85875:85957 [3] NCCL INFO New proxy send connection 73 from local rank 3, transport 0
amd-mi355x-5:85875:85957 [3] NCCL INFO proxyProgressAsync opId=0x76e9641f2c50 op.type=1 op.reqBuff=0x76e93400af10 op.respSize=16 done
amd-mi355x-5:85875:85899 [3] NCCL INFO ncclPollProxyResponse Received new opId=0x76e9641f2c50
amd-mi355x-5:85875:85957 [3] NCCL INFO Received and initiated operation=Init res=0
amd-mi355x-5:85875:85899 [3] NCCL INFO resp.opId=0x76e9641f2c50 matches expected opId=0x76e9641f2c50
amd-mi355x-5:85875:85899 [3] NCCL INFO Connected to proxy localRank 3 -> connection 0x76e934003368
amd-mi355x-5:85875:85957 [3] NCCL INFO /workspace/rccl/build/release/hipify/src/transport/p2p.cc:248 Cuda Alloc Size 2097152 pointer 0x76e905000000 flags 3
amd-mi355x-5:85875:85957 [3] NCCL INFO Allocated shareable buffer 0x76e905000000 size 2097152 ipcDesc 0x76e934004db0
amd-mi355x-5:85875:85957 [3] NCCL INFO proxyProgressAsync opId=0x76e9641f2c50 op.type=3 op.reqBuff=0x76e93400ab40 op.respSize=88 done
amd-mi355x-5:85875:85899 [3] NCCL INFO ncclPollProxyResponse Received new opId=0x76e9641f2c50
amd-mi355x-5:85875:85957 [3] NCCL INFO Received and initiated operation=Setup res=0
amd-mi355x-5:85875:85899 [3] NCCL INFO resp.opId=0x76e9641f2c50 matches expected opId=0x76e9641f2c50
amd-mi355x-5:85875:85899 [3] NCCL INFO Channel 15/0 : 3[75000] -> 1[15000] via P2P/IPC comm 0xf5f2140 nRanks 04
amd-mi355x-5:85875:85957 [3] NCCL INFO New proxy send connection 74 from local rank 3, transport 0
amd-mi355x-5:85875:85957 [3] NCCL INFO proxyProgressAsync opId=0x76e9641f2c50 op.type=1 op.reqBuff=0x76e93400a160 op.respSize=16 done
amd-mi355x-5:85875:85899 [3] NCCL INFO ncclPollProxyResponse Received new opId=0x76e9641f2c50
amd-mi355x-5:85875:85957 [3] NCCL INFO Received and initiated operation=Init res=0
amd-mi355x-5:85875:85899 [3] NCCL INamd-mi355x-5:85872:85955 [0] NCCL INFO New proxy recv connection 72 from local rank 0, transport 0
amd-mi355x-5:85872:85955 [0] NCCL INFO proxyProgressAsync opId=0xamd-mi355x-5:85875:85957 [3] NCCL INFO /workspace/rccl/build/release/hipify/src/transport/p2p.cc:248 Cuda Alloc Size 2097152 pointer 0x76e904c00000 flags 3
amd-mi355x-5:85875:85957 [3] NCCL INFO Allocated shareable buffer 0x76e904c00000 size 2097152 ipcDesc 0x76e934004db0
amd-mi355x-5:85875:85957 [3] NCCL INFO proxyProgressAsync opId=0x76e9641f2c50 op.type=3 op.reqBuff=0x76e9340229a0 op.respSize=88 done
amd-mi355x-5:85875:85899 [3] NCCL INFO amd-mi355x-5:85872:85955 [0] NCCL INFO /workspace/rccl/build/release/hipify/src/transport/p2p.cc:248 Cuda Alloc Size 6291456 pointer 0x7052b2200000 flags 3
amd-mi355x-5:85872:85955 [0] NCCL INFO Allocated shareable buffer 0x7052b2200000 size 6291456 ipcDesc 0x7052e0004db0
amd-mi355x-5:85872:85955 [0] NCCL INFO proxyProgressAsync opId=0x7053101fc650 op.type=3 op.reqBuff=0x7052e000d450 op.respSize=88 done
amd-mi355x-5:85872:85897 [0] NCCL INFO ncclPollProxyResponse Received new opId=0x7053101fc650
amd-mi355x-5:85872:85955 [0] NCCL INFO Received and initiated operation=Setup res=0
amd-mi355x-5:85872:85897 [0] NCCL INFO resp.opId=0x7053101fc650 matches expected opId=0x7053101fc650
amd-mi355x-5:85872:85955 [0] NCCL INFO New proxy recv connection 73 from local rank 0, transport 0
amd-mi355x-5:85872:85955 [0] NCCL INFO proxyProgressAsync opId=0x7053101fc650 op.type=1 op.reqBuff=0x7052e0009af0 op.respSize=16 done
amd-mi355x-5:85872:85897 [0] NCCL INFO ncclamd-mi355x-5:85875:85957 [3] NCCL INFO /workspace/rccl/build/release/hipify/src/transport/p2p.cc:248 Cuda Alloc Size 2097152 pointer 0x76e904800000 flags 3
amd-mi355x-5:85875:85957 [3] NCCL INFO Allocated shareable buffer 0x76e904800000 size 2097152 ipcDesc 0x76e934004db0
amd-mi355x-5:85875:85957 [3] NCCL INFO proxyProgressAsync opIamd-mi355x-5:85872:85955 [0] NCCL INFO /workspace/rccl/build/release/hipify/src/transport/p2p.cc:248 Cuda Alloc Size 6291456 pointer 0x7052b1a00000 flags 3
amd-mi355x-5:85872:85955 [0] NCCL INFO Allocated shareable buffer 0x7052b1a00000 size 6291456 ipcDesc 0x7052e0004db0
amd-mi355x-5:85872:85955 [0] NCCL INFO proxyProgressAsync opId=0x7053101fc650 op.type=3 op.reqBuff=0x7052e0006c10 op.respSize=88 done
amd-mi355x-5:85872:85897 [0] NCCL INFO ncclPollProxyResponse Received new opId=0x7053101fc650
amd-mi355x-5:85872:85955 [0] NCCL INFO Received and initiated operation=Setup res=0
amd-mi355x-5:85872:85897 [0] NCCL INFO resp.opId=0x7053101fc650 matches expected opId=0x7053101fc650
amd-mi355x-5:85872:85955 [0] NCCL INFO New proxy recv connection 74 from local rank 0, transport 0
amd-mi355x-5:85872:85955 [0] NCCL INFO proxyProgressAsync opId=0x7053101fc650 op.type=1 op.reqBuff=0x7052e00132b0 op.respSize=16 done
amd-mi355x-5:85872:85897 [0] NCCL INFO ncclPollProxyResponse Received new opId=0x7053101fc650
amd-mi355x-5:85872:85955 [0] NCCL INFO Received and initiatedamd-mi355x-5:85875:85957 [3] NCCL INFO /workspace/rccl/build/release/hipify/src/transport/p2p.cc:248 Cuda Alloc Size 2097152 pointer 0x76e904400000 flags 3
amd-mi355x-5:85875:85957 [3] NCCL INFO Allocated shareable buffer amd-mi355x-5:85872:85955 [0] NCCL INFO /workspace/rccl/build/release/hipify/src/transport/p2p.cc:248 Cuda Alloc Size 6291456 pointer 0x7052b1200000 flags 3
amd-mi355x-5:85872:85955 [0] NCCL INFO Allocated shareable buffer 0x7052b1200000 size 6291456 ipcDesc 0x7052e0004db0
amd-mi355x-5:85872:85955 [0] NCCL INFO proxyProgressAsync opId=0x7053101fc650 op.type=3 op.reqBuff=0x7052e000c6d0 op.respSize=88 done
amd-mi355x-5:85872:85897 [0] NCCL INFO ncclPollProxyResponse Received new opId=0x7053101fc650
amd-mi355x-5:85872:85955 [0] NCCL INFO Received and initiated operation=Setup res=0
amd-mi355x-5:85872:85897 [0] NCCL INFO resp.opId=0x7053101fc650 matches expected opId=0x7053101fc650
amd-mi355x-5:85872:85955 [0] NCCL INFO New proxy recv connection 75 from local rank 0, transport 0
amd-mi355x-5:85872:85955 [0] NCCL INFO proxyProgressAsync opId=0x7053101fc650 op.type=1 op.reqBuff=0x7052e00217c0 op.respSize=16 done
amd-mi355x-5:85872:85897 [0] NCCL INFO ncclPollProxyResponse Received new opId=0x7053101fc650
amd-mi355x-5:85872:85955 [0] NCCL INFO Received and initiated operation=Init res=0
amd-mi355x-5:85872:85897 [0] NCCL INFO resp.opId=0x7053101fc650 matches expected opId=0x70amd-mi355x-5:85875:85957 [3] NCCL INFO /workspace/rccl/build/release/hipify/src/transport/p2p.cc:248 Cuda Alloamd-mi355x-5:85872:85955 [0] NCCL INFO /workspace/rccl/build/release/hipify/src/transport/p2p.cc:248 Cuda Alloc Size 6291456 pointer 0x7052b0a00000 flags 3
amd-mi355x-5:85872:85955 [0] NCCL INFO Allocated shareable buffer 0x7052b0a00000 size 6291456 ipcDesc 0x7052e0004db0
amd-mi355x-5:85872:85955 [0] NCCL INFO proxyProgressAsync opId=0x7053101fc650 op.type=3 op.reqBuff=0x7052e00229f0 op.respSize=88 done
amd-mi355x-5:85872:85897 [0] NCCL INFO ncclPollProxyResponse Received new opId=0x7053101fc650
amd-mi355x-5:85872:85955 [0] NCCL INFO Received and initiated operation=Setup res=0
amd-mi355x-5:85872:85897 [0] NCCL INFO resp.opId=0x7053101fc650 matches expected opId=0x7053101fc650
amd-mi355x-5:85872:85955 [0] NCCL INFO New proxy recv connection 76 from local rank 0, transport 0
amd-mi355x-5:85872:85955 [0] NCCL INFO proxyProgressAsync opId=0x7053101fc650 op.type=1 op.reqBuff=0x7052e000c6d0 op.respSize=16 done
amd-mi355x-5:85872:85897 [0] NCCL INFO ncclPollProxyResponse Received new opId=0x7053101fc650
amd-mi355x-5:85872:85955 [0] NCCL INFO Received and initiated operation=Init res=0
amd-mi355x-5:85872:85897 [0] NCCL INFO resp.opId=0x7053101fc650 matches expected opId=0x7053101fc650
amd-mi355x-5:85872:85897 [0] NCCL INFO Connected to proxy localRank 0 -> connection 0x7052e00034d0
amd-mi355x-5:85872:85955 [0] NCCL INFO /workspace/rccl/build/release/hipify/src/transport/p2p.cc:248 Cuda Alloc Size 6291456 pointer 0x7052b0200000 flags 3
amd-mi355x-5:85872:85955 [0] NCCL INFO Allocated shareable buffer 0x7052b0200000 size 6291456 ipcDesc 0x7052e0004db0
amd-mi355x-5:85872:85955 [0] NCCL INFO proxyProgressAsync opId=0x7053101fc650 op.type=3 op.reqBuff=0x7052e0015ad0 op.respSize=88 done
amd-mi355x-5:85872:85897 [0] NCCL INFO ncclPollProxyResponse Received new opId=0x7053101fc650
amd-mi355x-5:85872:85955 [0] NCCL INFO Received and initiated operation=Setup res=0
amd-mi355x-5:85872:85897 [0] NCCL INFO resp.opId=0x7053101fc650 matches expected opId=0x7053101fc650
amd-mi355x-5:85872:85955 [0] NCCL INFO New proxy recv connection 77 from local rank 0, transport 0
amd-mi355x-5:85872:85955 [0] NCCL INFO proxyProgressAsync opId=0x7053101fc650 op.type=1 op.reqBuff=0x7052e00208f0 op.respSize=16 done
amd-mi355x-5:85872:85897 [0] NCCL INFO ncclPollProxyResponse Received new opId=0x7053101fc650
amd-mi355x-5:85872:85955 [0] NCCL INFO Received and initiated operation=Init res=0
amd-mi355x-5:85872:85897 [0] NCCL INFO resp.opId=0x7053101fc650 matches expected opId=0x7053101fc650
amd-mi355x-5:85872:85897 [0] NCCL INFO Connected to proxy localRank 0 -> connection 0x7052e0003548
amd-mi355x-5:85872:85955 [0] NCCL INFO /workspace/rccl/build/release/hipify/src/transport/p2p.cc:248 Cuda Alloc Size 6291456 pointer 0x7052afa00000 flags 3
amd-mi355x-5:85872:85955 [0] NCCL INFO Allocated shareable buffer 0x7052afa00000 size 6291456 ipcDesc 0x7052e0004db0
amd-mi355x-5:85872:85955 [0] NCCL INFO proxyProgressAsync opId=0x7053101fc650 op.type=3 op.reqBuff=0x7052e0007cf0 op.respSize=88 done
amd-mi355x-5:85872:85897 [0] NCCL INFO ncclPollProxyResponse Received new opId=0x7053101fc650
amd-mi355x-5:85872:85955 [0] NCCL INFO Received and initiated operation=Setup res=0
amd-mi355x-5:85872:85897 [0] NCCL INFO resp.opId=0x7053101fc650 matches expected opId=0x7053101fc650
amd-mi355x-5:85872:85955 [0] NCCL INFO New proxy recv connection 78 from local rank 0, transport 0
amd-mi355x-5:85872:85955 [0] NCCL INFO proxyProgressAsync opId=0x7053101fc650 op.type=1 op.reqBuff=0x7052e000e1d0 op.respSize=16 done
amd-mi355x-5:85872:85897 [0] NCCL INFO ncclPollProxyResponse Received new opId=0x7053101fc650
