amd-mi355x-5:86342:86412 [1] NCCL INFO ncclPollProxyResponse Received new opId=0x7187683eef50
amd-mi355x-5:86342:86529 [1] NCCL INFO Received and initiated operation=Init res=0
amd-mi355x-5:86342:86412 [1] NCCL INFO resp.opId=0x7187683eef50 matches expected opId=0x7187683eef50
amd-mi355x-5:86342:86412 [1] NCCL INFO Connected to proxy localRank 1 -> connection 0x7187380011c8
amd-mi355x-5:86342:86529 [1] NCCL INFO /workspace/rccl/build/release/hipify/src/transport/p2p.cc:248 Cuda Alloc Size 6291456 pointer 0x71873ea00000 flags 3
amd-mi355x-5:86342:86529 [1] NCCL INFO Allocated shareable buffer 0x71873ea00000 size 6291456 ipcDesc 0x718738004dd0
amd-mi355x-5:86342:86529 [1] NCCL INFO proxyProgressAsync opId=0x7187683eef50 op.type=3 op.reqBuff=0x718738007590 op.respSize=88 done
amd-mi355x-5:86342:86412 [1] NCCL INFO ncclPollProxyResponse Received new opId=0x7187683eef50
amd-mi355x-5:86342:86529 [1] NCCL INFO Received and initiated operation=Setup res=0
amd-mi355x-5:86342:86412 [1] NCCL INFO resp.opId=0x7187683eef50 matches expected opId=0x7187683eef50
amd-mi355x-5:86342:86529 [1] NCCL INFO New proxy recv connection 2 from local rank 1, transport 0
amd-mi355x-5:86342:86529 [1] NCCL INFO proxyProgressAsync opId=0x7187683eef50 op.type=1 op.reqBuff=0x718738007660 op.respSize=16 done
amd-mi355x-5:86342:86412 [1] NCCL INFO ncclPollProxyResponse Received new opId=0x7187683eef50
amd-mi355x-5:86342:86529 [1] NCCL INFO Received and initiated operation=Init res=0
amd-mi355x-5:86342:86412 [1] NCCL INFO resp.opId=0x7187683eef50 matches expected opId=0x7187683eef50
amd-mi355x-5:86342:86412 [1] NCCL INFO Connected to proxy localRank 1 -> connection 0x718738001240
amd-mi355x-5:86342:86529 [1] NCCL INFO /workspace/rccl/build/release/hipify/src/transport/p2p.cc:248 Cuda Alloc Size 6291456 pointer 0x71873e200000 flags 3
amd-mi355x-5:86342:86529 [1] NCCL INFO Allocated shareable buffer 0x71873e200000 size 6291456 ipcDesc 0x718738004dd0
amd-mi355x-5:86342:86529 [1] NCCL INFO proxyPamd-mi355x-5:86347:86525 [6] NCCL INFO /workspace/rccl/build/release/hipify/src/transport/p2p.cc:248 Cuda Alloc Size 6291456 pointer 0x7c7034a00000 flags 3
amd-mi355x-5:86347:86525 [6] NCCL INFO Allocated shareable buffer 0x7c7034a00000 size 6291456 ipcDesc 0x7c7030004dd0
amd-mi355x-5:86347:86525 [6] NCCL INFO proxyProgressAsync opId=0x7c7060401c40 op.type=3 op.reqBuff=0x7c7030007680 op.respSize=88 done
amd-mi355x-5:86347:86409 [6] NCCL INFO ncclPollProxyResponse Received new opId=0x7c7060401c40
amd-mi355x-5:86347:86525 [6] NCCL INFO Received and initiated operation=Setup res=0
amd-mi355x-5:86347:86409 [6] NCCL INFO resp.opId=0x7c7060401c40 matches expected opId=0x7c7060401c40
amd-mi355x-5:86347:86525 [6] NCCL INFO New proxy recv connection 3 from local rank 6, transport 0
amd-mi355x-5:86347:86525 [6] NCCL INFO proxyProgressAsync opId=0x7c7060401c40 op.type=1 op.reqBuff=0x7c7030007cf0 op.respSize=16 done
amd-mi355x-5:86347:86409 [6] NCCL INFO ncclPollProxyResponsamd-mi355x-5:86342:86529 [1] NCCL INFO /workspace/rccl/build/release/hipify/src/transport/p2p.cc:248 Cuda Alloc Size 6291456 pointer 0x71873da00000 flags 3
amd-mi355x-5:86342:86529 [1] NCCL INFO Allocated shareable buffer 0x71873da00000 size 6291456 ipcDesc 0x718738004dd0
amd-mi355x-5:86342:86529 [1] NCCL INFO proxyPamd-mi355x-5:86347:86525 [6] NCCL INFO /workspace/rccl/build/release/hipify/src/transport/p2p.cc:248 Cuda Alloc Size 6291456 pointer 0x7c7034200000 flags 3
amd-mi355x-5:86347:86525 [6] NCCL INFO Allocated shareable buffer 0x7c7034200000 size 6291456 ipcDesc 0x7c7030004dd0
amd-mi355x-5:86347:86525 [6] NCCL INFO proxyProgressAsync opId=0x7c7060401c40 op.type=3 op.reqBuff=0x7c7030007d10 op.respSize=88 done
amd-mi355x-5:86347:86409 [6] NCCL INFO ncclPollProxyResponse Received new opId=0x7c7060401c40
amd-mi355x-5:86347:86525 [6] NCCL INFO Received and initiated operation=Setup res=0
amd-mi355x-5:86347:86409 [6] NCCL INFO resp.opId=0x7c7060401c40 matches expected opId=0x7c7060401c40
amd-mi355x-5:86347:86525 [6] NCCL INFO New proxy recv connection 4 from local rank 6, transport 0
amd-mi355x-5:86347:86525 [6] NCCL INFO proxyProgressAsync opId=0x7c7060401c40 op.type=1 op.reqBuff=0x7c7030007de0 op.respSize=16 done
amd-mi355x-5:86347:86409 [6] NCCL INFO ncclPollProxyResponsamd-mi355x-5:86342:86529 [1] NCCL INFO /workspace/rccl/build/release/hipify/src/transport/p2p.cc:248 Cuda Alloc Size 6291456 pointer 0x71873d200000 flags 3
amd-mi355x-5:86342:86529 [1] NCCL INFO Allocated shareable buffer 0x71873d200000 size 6291456 ipcDesc 0x718738004dd0
amd-mi355x-5:86342:86529 [1] NCCL INFO proxyPamd-mi355x-5:86347:86525 [6] NCCL INFO /workspace/rccl/build/release/hipify/src/transport/p2p.cc:248 Cuda Alloc Size 6291456 pointer 0x7c702f800000 flags 3
amd-mi355x-5:86347:86525 [6] NCCL INFO Allocated shareable buffer 0x7c702f800000 size 6291456 ipcDesc 0x7c7030004dd0
amd-mi355x-5:86347:86525 [6] NCCL INFO proxyProgressAsync opId=0x7c7060401c40 op.type=3 op.reqBuff=0x7c7030007e00 op.respSize=88 done
amd-mi355x-5:86347:86409 [6] NCCL INFO ncclPollProxyResponse Received new opId=0x7c7060401c40
amd-mi355x-5:86347:86525 [6] NCCL INFO Received and initiated operation=Setup res=0
amd-mi355x-5:86347:86409 [6] NCCL INFO resp.opId=0x7c7060401c40 matches expected opId=0x7c7060401c40
amd-mi355x-5:86347:86525 [6] NCCL INFO New proxy recv connection 5 from local rank 6, transport 0
amd-mi355x-5:86347:86525 [6] NCCL INFO proxyProgressAsync opId=0x7c7060401c40 op.type=1 op.reqBuff=0x7c7030001110 op.respSize=16 done
amd-mi355x-5:86347:86409 [6] NCCL INFO ncclPollProxyResponsamd-mi355x-5:86342:86529 [1] NCCL INFO /workspace/rccl/build/release/hipify/src/transport/p2p.cc:248 Cuda Alloc Size 6291456 pointer 0x71873ca00000 flags 3
amd-mi355x-5:86342:86529 [1] NCCL INFO Allocated shareable buffer 0x71873ca00000 size 6291456 ipcDesc 0x718738004dd0
amd-mi355x-5:86342:86529 [1] NCCL INFO proxyPamd-mi355x-5:86347:86525 [6] NCCL INFO /workspace/rccl/build/release/hipify/src/transport/p2p.cc:248 Cuda Alloc Size 6291456 pointer 0x7c702f000000 flags 3
amd-mi355x-5:86347:86525 [6] NCCL INFO Allocated shareable buffer 0x7c702f000000 size 6291456 ipcDesc 0x7c7030004dd0
amd-mi355x-5:86347:86525 [6] NCCL INFO proxyProgressAsync opId=0x7c7060401c40 op.type=3 op.reqBuff=0x7c7030008470 op.respSize=88 done
amd-mi355x-5:86347:86409 [6] NCCL INFO ncclPollProxyResponse Received new opId=0x7c7060401c40
amd-mi355x-5:86347:86525 [6] NCCL INFO Received and initiated operation=Setup res=0
amd-mi355x-5:86347:86409 [6] NCCL INFO resp.opId=0x7c7060401c40 matches expected opId=0x7c7060401c40
amd-mi355x-5:86347:86525 [6] NCCL INFO New proxy recv connection 6 from local rank 6, transport 0
amd-mi355x-5:86347:86525 [6] NCCL INFO proxyProgressAsync opId=0x7c7060401c40 op.type=1 op.reqBuff=0x7c703000d870 op.respSize=16 done
amd-mi355x-5:86347:86409 [6] NCCL INFO ncclPollProxyResponsamd-mi355x-5:86342:86529 [1] NCCL INFO /workspace/rccl/build/release/hipify/src/transport/p2p.cc:248 Cuda Alloc Size 6291456 pointer 0x71873c200000 flags 3
amd-mi355x-5:86342:86529 [1] NCCL INFO Allocated shareable buffer 0x71873c200000 size 6291456 ipcDesc 0x718738004dd0
amd-mi355x-5:86342:86529 [1] NCCL INFO proxyPamd-mi355x-5:86347:86525 [6] NCCL INFO /workspace/rccl/build/release/hipify/src/transport/p2p.cc:248 Cuda Alloc Size 6291456 pointer 0x7c702e800000 flags 3
amd-mi355x-5:86347:86525 [6] NCCL INFO Allocated shareable buffer 0x7c702e800000 size 6291456 ipcDesc 0x7c7030004dd0
amd-mi355x-5:86347:86525 [6] NCCL INFO proxyProgressAsync opId=0x7c7060401c40 op.type=3 op.reqBuff=0x7c7030008560 op.respSize=88 done
amd-mi355x-5:86347:86409 [6] NCCL INFO ncclPollProxyResponse Received new opId=0x7c7060401c40
amd-mi355x-5:86347:86525 [6] NCCL INFO Received and initiated operation=Setup res=0
amd-mi355x-5:86347:86409 [6] NCCL INFO resp.opId=0x7c7060401c40 matches expected opId=0x7c7060401c40
amd-mi355x-5:86347:86525 [6] NCCL INFO New proxy recv connection 7 from local rank 6, transport 0
amd-mi355x-5:86347:86525 [6] NCCL INFO proxyProgressAsync opId=0x7c7060401c40 op.type=1 op.reqBuff=0x7c7030008490 op.respSize=16 done
amd-mi355x-5:86347:86409 [6] NCCL INFO ncclPollProxyResponse Received new opId=0x7c7060401c40
amd-mi355x-5:86347:86409 [6] NCCL INFO resp.opId=0x7c7060401c40 matches expected opId=0x7c7060401c40
amd-mi355x-5:86347:86409 [6] NCCL INFO Connected to proxy localRank 6 -> connection 0x7c7030001498
amd-mi355x-5:86347:86525 [6] NCCL INFO Received and initiated operation=Init res=0
amd-mi355x-5:86347:86525 [6] NCCL INFO /workspace/rccl/build/release/hipify/src/transport/p2p.cc:248 Cuda Alloc Size 6291456 pointer 0x7c702e000000 flags 3
amd-mi355x-5:86347:86525 [6] NCCL INFO Allocated shareable buffer 0x7c702e000000 size 6291456 ipcDesc 0x7c7030004dd0
amd-mi355x-5:86347:86525 [6] NCCL INFO proxyProgressAsync opId=0x7c7060401c40 op.type=3 op.reqBuff=0x7c7030008bf0 op.respSize=88 done
amd-mi355x-5:86347:86409 [6] NCCL INFO ncclPollProxyResponse Received new opId=0x7c7060401c40
amd-mi355x-5:86347:86525 [6] NCCL INFO Received and initiated operation=Setup res=0
amd-mi355x-5:86347:86409 [6] NCCL INFO resp.opId=0x7c7060401c40 matches expected opId=0x7c7060401c40
amd-mi355x-5:86347:86525 [6] NCCL INFO New proxy recv connection 8 from local rank 6, transport 0
amd-mi355x-5:86347:86525 [6] NCCL INFO proxyProgressAsync opId=0x7c7060401c40 op.type=1 op.reqBuff=0x7c7030008c10 op.respSize=16 done
amd-mi355x-5:86347:86409 [6] NCCL INFO ncclPollProxyResponse Received new opId=0x7c7060401c40
amd-mi355x-5:86347:86525 [6] NCCL INFO Received and initiated operation=Init res=0
amd-mi355x-5:86347:86409 [6] NCCL INFO resp.opId=0x7c7060401c40 matches expected opId=0x7c7060401c40
amd-mi355x-5:86347:86409 [6] NCCL INFO Connected to proxy localRank 6 -> connection 0x7c7030001510
amd-mi355x-5:86347:86525 [6] NCCL INFO /workspace/rccl/build/release/hipify/src/transport/p2p.cc:248 Cuda Alloc Size 6291456 pointer 0x7c702d800000 flags 3
amd-mi355x-5:86347:86525 [6] NCCL INFO Allocated shareable buffer 0x7c702d800000 size 6291456 ipcDesc 0x7c7030004dd0
amd-mi355x-5:86347:86525 [6] NCCL INFO proxyProgressAsync opId=0x7c7060401c40 op.type=3 op.reqBuff=0x7c7030008490 op.respSize=88 done
amd-mi355x-5:86347:86409 [6] NCCL INFO ncclPollProxyResponse Received new opId=0x7c7060401c40
amd-mi355x-5:86347:86525 [6] NCCL INFO Received and initiated operation=Setup res=0
amd-mi355x-5:86347:86409 [6] NCCL INFO resp.opId=0x7c7060401c40 matches expected opId=0x7c7060401c40
amd-mi355x-5:86347:86525 [6] NCCL INFO New proxy recv connection 9 from local rank 6, transport 0
amd-mi355x-5:86347:86525 [6] NCCL INFO proxyProgressAsync opId=0x7c7060401c40 op.type=1 op.reqBuff=0x7c7030007d30 op.respSize=16 done
amd-mi355x-5:86347:86409 [6] NCCL INFO ncclPollProxyResponse Received new opId=0x7c7060401c40
amd-mi355x-5:86347:86525 [6] NCCL INFO Received and initiated operation=Init res=0
amd-mi355x-5:86347:86409 [6] NCCL INFO resp.opId=0x7c7060401c40 matches expected opId=0x7c7060401c40
amd-mi355x-5:86347:86409 [6] NCCL INFO Connected to proxy localRank 6 -> connection 0x7c7030001588
amd-mi355x-5:86347:86525 [6] NCCL INFO /workspace/rccl/build/release/hipify/src/transport/p2p.cc:248 Cuda Alloc Size 6291456 pointer 0x7c702d000000 flags 3
amd-mi355x-5:86347:86525 [6] NCCL INFO Allocated shareable buffer 0x7c702d000000 size 6291456 ipcDesc 0x7c7030004dd0
amd-mi355x-5:86347:86525 [6] NCCL INFO proxyProgressAsync opId=0x7c7060401c40 op.type=3 op.reqBuff=0x7c7030009370 op.respSize=88 done
amd-mi355x-5:86347:86409 [6] NCCL INFO ncclPollProxyResponse Received new opId=0x7c7060401c40
amd-mi355x-5:86347:86525 [6] NCCL INFO Received and initiated operation=Setup res=0
amd-mi355x-5:86347:86409 [6] NCCL INFO resp.opId=0x7c7060401c40 matches expected opId=0x7c7060401c40
amd-mi355x-5:86347:86525 [6] NCCL INFO New proxy recv connection 10 from local rank 6, transport 0
amd-mi355x-5:86347:86525 [6] NCCL INFO proxyProgressAsync opId=0x7c7060401c40 op.type=1 op.reqBuff=0x7c7030009460 op.respSize=16 done
amd-mi355x-5:86347:86409 [6] NCCL INFO ncclPollProxyResponse Received new opId=0x7c7060401c40
amd-mi355x-5:86347:86525 [6] NCCL INFO Received and initiated operation=Init res=0
amd-mi355x-5:86347:86409 [6] NCCL INFO resp.opId=0x7c7060401c40 matches expected opId=0x7c7060401c40
amd-mi355x-5:86347:86409 [6] NCCL INFO Connected to proxy localRank 6 -> connection 0x7c7030001600
amd-mi355x-5:86347:86525 [6] NCCL INFO /workspace/rccl/build/release/hipify/src/transport/p2p.cc:248 Cuda Alloc Size 6291456 pointer 0x7c702c800000 flags 3
amd-mi355x-5:86347:86525 [6] NCCL INFO Allocated shareable buffer 0x7c702c800000 size 6291456 ipcDesc 0x7c7030004dd0
amd-mi355x-5:86347:86525 [6] NCCL INFO proxyProgressAsync opId=0x7c7060401c40 op.type=3 op.reqBuff=0x7c7030009480 op.respSize=88 done
amd-mi355x-5:86347:86409 [6] NCCL INFO ncclPollProxyResponse Received new opId=0x7c7060401c40
amd-mi355x-5:86347:86525 [6] NCCL INFO Received and initiated operation=Setup res=0
amd-mi355x-5:86347:86409 [6] NCCL INFO resp.opId=0x7c7060401c40 matches expected opId=0x7c7060401c40
amd-mi355x-5:86347:86525 [6] NCCL INFO New proxy recv connection 11 from local rank 6, transport 0
amd-mi355x-5:86347:86525 [6] NCCL INFO proxyProgressAsync opId=0x7c7060401c40 op.type=1 op.reqBuff=0x7c7030009390 op.respSize=16 done
amd-mi355x-5:86347:86409 [6] NCCL INFO ncclPollProxyResponse Received new opId=0x7c7060401c40
amd-mi355x-5:86347:86525 [6] NCCL INFO Received and initiated operation=Init res=0
amd-mi355x-5:86347:86409 [6] NCCL INFO resp.opId=0x7c7060401c40 matches expected opId=0x7c7060401c40
amd-mi355x-5:86347:86409 [6] NCCL INFO Connected to proxy localRank 6 -> connection 0x7c7030001678
amd-mi355x-5:86347:86525 [6] NCCL INFO /workspace/rccl/build/release/hipify/src/transport/p2p.cc:248 Cuda Alloc Size 6291456 pointer 0x7c7027800000 flags 3
amd-mi355x-5:86347:86525 [6] NCCL INFO Allocated shareable buffer 0x7c7027800000 size 6291456 ipcDesc 0x7c7030004dd0
amd-mi355x-5:86347:86525 [6] NCCL INFO proxyProgressAsync opId=0x7c7060401c40 op.type=3 op.reqBuff=0x7c7030007d30 op.respSize=88 done
amd-mi355x-5:86347:86409 [6] NCCL INFO ncclPollProxyResponse Received new opId=0x7c7060401c40
amd-mi355x-5:86347:86525 [6] NCCL INFO Received and initiated operation=Setup res=0
amd-mi355x-5:86347:86409 [6] NCCL INFO resp.opId=0x7c7060401c40 matches expected opId=0x7c7060401c40
amd-mi355x-5:86347:86525 [6] NCCL INFO New proxy recv connection 12 from local rank 6, transport 0
amd-mi355x-5:86347:86525 [6] NCCL INFO proxyProgressAsync opId=0x7c7060401c40 op.type=1 op.reqBuff=0x7c7030009be0 op.respSize=16 done
amd-mi355x-5:86347:86409 [6] NCCL INFO ncclPollProxyResponse Received new opId=0x7c7060401c40
amd-mi355x-5:86347:86525 [6] NCCL INFO Received and initiated operation=Init res=0
amd-mi355x-5:86347:86409 [6] NCCL INFO resp.opId=0x7c7060401c40 matches expected opId=0x7c7060401c40
amd-mi355x-5:86347:86409 [6] NCCL INFO Connected to proxy localRank 6 -> connection 0x7c70300016f0
amd-mi355x-5:86347:86525 [6] NCCL INFO /workspace/rccl/build/release/hipify/src/transport/p2p.cc:248 Cuda Alloc Size 6291456 pointer 0x7c7027000000 flags 3
amd-mi355x-5:86347:86525 [6] NCCL INFO Allocated shareable buffer 0x7c7027000000 size 6291456 ipcDesc 0x7c7030004dd0
amd-mi355x-5:86347:86525 [6] NCCL INFO proxyProgressAsync opId=0x7c7060401c40 op.type=3 op.reqBuff=0x7c7030009c20 op.respSize=88 done
amd-mi355x-5:86347:86409 [6] NCCL INFO ncclPollProxyResponse Received new opId=0x7c7060401c40
amd-mi355x-5:86347:86525 [6] NCCL INFO Received and initiated operation=Setup res=0
amd-mi355x-5:86347:86409 [6] NCCL INFO resp.opId=0x7c7060401c40 matches expected opId=0x7c7060401c40
amd-mi355x-5:86347:86525 [6] NCCL INFO New proxy recv connection 13 from local rank 6, transport 0
amd-mi355x-5:86347:86525 [6] NCCL INFO proxyProgressAsync opId=0x7c7060401c40 op.type=1 op.reqBuff=0x7c7030011000 op.respSize=16 done
amd-mi355x-5:86347:86409 [6] NCCL INFO ncclPollProxyResponse Received new opId=0x7c7060401c40
amd-mi355x-5:86347:86525 [6] NCCL INFO Received and initiated operation=Init res=0
amd-mi355x-5:86347:86409 [6] NCCL INFO resp.opId=0x7c7060401c40 matches expected opId=0x7c7060401c40
amd-mi355x-5:86347:86409 [6] NCCL INFO Connected to proxy localRank 6 -> connection 0x7c7030001768
amd-mi355x-5:86347:86525 [6] NCCL INFO /workspace/rccl/build/release/hipify/src/transport/p2p.cc:248 Cuda Alloc Size 6291456 pointer 0x7c7026800000 flags 3
amd-mi355x-5:86347:86525 [6] NCCL INFO Allocated shareable buffer 0x7c7026800000 size 6291456 ipcDesc 0x7c7030004dd0
amd-mi355x-5:86347:86525 [6] NCCL INFO proxyProgressAsync opId=0x7c7060401c40 op.type=3 op.reqBuff=0x7c7030007c20 op.respSize=88 done
amd-mi355x-5:86347:86409 [6] NCCL INFO ncclPollProxyResponse Received new opId=0x7c7060401c40
amd-mi355x-5:86347:86525 [6] NCCL INFO Received and initiated operation=Setup res=0
amd-mi355x-5:86347:86409 [6] NCCL INFO resp.opId=0x7c7060401c40 matches expected opId=0x7c7060401c40
amd-mi355x-5:86347:86525 [6] NCCL INFO New proxy recv connection 14 from local rank 6, transport 0
amd-mi355x-5:86347:86525 [6] NCCL INFO proxyProgressAsync opId=0x7c7060401c40 op.type=1 op.reqBuff=0x7c703000a9f0 op.respSize=16 done
amd-mi355x-5:86347:86409 [6] NCCL INFO ncclPollProxyResponse Received new opId=0x7c7060401c40
amd-mi355x-5:86347:86525 [6] NCCL INFO Received and initiated operation=Init res=0
amd-mi355x-5:86347:86409 [6] NCCL INFO resp.opId=0x7c7060401c40 matches expected opId=0x7c7060401c40
amd-mi355x-5:86347:86409 [6] NCCL INFO Connected to proxy localRank 6 -> connection 0x7c70300017e0
amd-mi355x-5:86347:86525 [6] NCCL INFO /workspace/rccl/build/release/hipify/src/transport/p2p.cc:248 Cuda Alloc Size 6291456 pointer 0x7c7026000000 flags 3
amd-mi355x-5:86347:86525 [6] NCCL INFO Allocated shareable buffer 0x7c7026000000 size 6291456 ipcDesc 0x7c7030004dd0
amd-mi355x-5:86347:86525 [6] NCCL INFO proxyProgressAsync opId=0x7c7060401c40 op.type=3 op.reqBuff=0x7c703000aa10 op.respSize=88 done
amd-mi355x-5:86347:86409 [6] NCCL INFO ncclPollProxyResponse Received new opId=0x7c7060401c40
amd-mi355x-5:86347:86525 [6] NCCL INFO Received and initiated operation=Setup res=0
amd-mi355x-5:86347:86409 [6] NCCL INFO resp.opId=0x7c7060401c40 matches expected opId=0x7c7060401c40
amd-mi355x-5:86347:86525 [6] NCCL INFO New proxy recv connection 15 from local rank 6, transport 0
amd-mi355x-5:86347:86525 [6] NCCL INFO proxyProgressAsync opId=0x7c7060401c40 op.type=1 op.reqBuff=0x7c7030008380 op.respSize=16 done
amd-mi355x-5:86347:86409 [6] NCCL INFO ncclPollProxyResponse Received new opId=0x7c7060401c40
amd-mi355x-5:86347:86525 [6] NCCL INFO Received and initiated operation=Init res=0
amd-mi355x-5:86347:86409 [6] NCCL INFO resp.opId=0x7c7060401c40 matches expected opId=0x7c7060401c40
amd-mi355x-5:86347:86409 [6] NCCL INFO Connected to proxy localRank 6 -> connection 0x7c7030001858
amd-mi355x-5:86347:86525 [6] NCCL INFO /workspace/rccl/build/release/hipify/src/transport/p2p.cc:248 Cuda Alloc Size 6291456 pointer 0x7c7025800000 flags 3
amd-mi355x-5:86347:86525 [6] NCCL INFO Allocated shareable buffer 0x7c7025800000 size 6291456 ipcDesc 0x7c7030004dd0
amd-mi355x-5:86347:86525 [6] NCCL INFO proxyProgressAsync opId=0x7c7060401c40 op.type=3 op.reqBuff=0x7c70300083a0 op.respSize=88 done
amd-mi355x-5:86347:86409 [6] NCCL INFO ncclPollProxyResponse Received new opId=0x7c7060401c40
amd-mi355x-5:86347:86525 [6] NCCL INFO Received and initiated operation=Setup res=0
amd-mi355x-5:86347:86409 [6] NCCL INFO resp.opId=0x7c7060401c40 matches expected opId=0x7c7060401c40
amd-mi355x-5:86347:86409 [6] NCCL INFO Channel 00/0 : 6[e5000] -> 7[f5000] via P2P/IPC comm 0x1c052ed0 nRanks 08
amd-mi355x-5:86347:86525 [6] NCCL INFO New proxy send connection 16 from local rank 6, transport 0
amd-mi355x-5:86347:86525 [6] NCCL INFO proxyProgressAsync opId=0x7c7060401c40 op.type=1 op.reqBuff=0x7c703000adb0 op.respSize=16 done
amd-mi355x-5:86347:86409 [6] NCCL INFO ncclPollProxyResponse Received new opId=0x7c7060401c40
amd-mi355x-5:86347:86525 [6] NCCL INFO Received and initiated operation=Init res=0
amd-mi355x-5:86347:86409 [6] NCCL INFO resp.opId=0x7c7060401c40 matches expected opId=0x7c7060401c40
amd-mi355x-5:86347:86409 [6] NCCL INFO Connected to proxy localRank 6 -> connection 0x7c70300018d0
amd-mi355x-5:86347:86525 [6] NCCL INFO /workspace/rccl/build/release/hipify/src/transport/p2p.cc:248 Cuda Alloc Size 2097152 pointer 0x7c702c400000 flags 3
amd-mi355x-5:86347:86525 [6] NCCL INFO Allocated shareable buffer 0x7c702c400000 size 2097152 ipcDesc 0x7c7030004dd0
amd-mi355x-5:86347:86525 [6] NCCL INFO proxyProgressAsync opId=0x7c7060401c40 op.type=3 op.reqBuff=0x7c703000add0 op.respSize=88 done
amd-mi355x-5:86347:86409 [6] NCCL INFO ncclPollProxyResponse Received new opId=0x7c7060401c40
amd-mi355x-5:86347:86525 [6] NCCL INFO Received and initiated operation=Setup res=0
amd-mi355x-5:86347:86409 [6] NCCL INFO resp.opId=0x7c7060401c40 matches expected opId=0x7c7060401c40
amd-mi355x-5:86347:86409 [6] NCCL INFO Channel 08/0 : 6[e5000] -> 7[f5000] via P2P/IPC comm 0x1c052ed0 nRanks 08
amd-mi355x-5:86347:86525 [6] NCCL INFO New proxy send connection 17 from local rank 6, transport 0
amd-mi355x-5:86347:86525 [6] NCCL INFO proxyProgressAsync opId=0x7c7060401c40 op.type=1 op.reqBuff=0x7c7030007660 op.respSize=16 done
amd-mi355x-5:86347:86409 [6] NCCL INFO ncclPollProxyResponse Received new opId=0x7c7060401c40
amd-mi355x-5:86347:86525 [6] NCCL INFO Received and initiated operation=Init res=0
amd-mi355x-5:86347:86409 [6] NCCL INFO resp.opId=0x7c7060401c40 matches expected opId=0x7c7060401c40
amd-mi355x-5:86347:86409 [6] NCCL INFO Connected to proxy localRank 6 -> connection 0x7c7030001948
amd-mi355x-5:86347:86525 [6] NCCL INFO /workspace/rccl/build/release/hipify/src/transport/p2p.cc:248 Cuda Alloc Size 2097152 pointer 0x7c7025400000 flags 3
amd-mi355x-5:86347:86525 [6] NCCL INFO Allocated shareable buffer 0x7c7025400000 size 2097152 ipcDesc 0x7c7030004dd0
amd-mi355x-5:86347:86525 [6] NCCL INFO proxyProgressAsync opId=0x7c7060401c40 op.type=3 op.reqBuff=0x7c7030008b20 op.respSize=88 done
amd-mi355x-5:86347:86409 [6] NCCL INFO ncclPollProxyResponse Received new opId=0x7c7060401c40
amd-mi355x-5:86347:86525 [6] NCCL INFO Received and initiated operation=Setup res=0
amd-mi355x-5:86347:86409 [6] NCCL INFO resp.opId=0x7c7060401c40 matches expected opId=0x7c7060401c40
amd-mi355x-5:86347:86409 [6] NCCL INFO Channel 14/0 : 6[e5000] -> 7[f5000] via P2P/IPC comm 0x1c052ed0 nRanks 08
amd-mi355x-5:86347:86525 [6] NCCL INFO New proxy send connection 18 from local rank 6, transport 0
amd-mi355x-5:86347:86525 [6] NCCL INFO proxyProgressAsync opId=0x7c7060401c40 op.type=1 op.reqBuff=0x7c703000abd0 op.respSize=16 done
amd-mi355x-5:86347:86409 [6] NCCL INFO ncclPollProxyResponse Received new opId=0x7c7060401c40
amd-mi355x-5:86347:86525 [6] NCCL INFO Received and initiated operation=Init res=0
amd-mi355x-5:86347:86409 [6] NCCL INFO resp.opId=0x7c7060401c40 matches expected opId=0x7c7060401c40
amd-mi355x-5:86347:86409 [6] NCCL INFO Connected to proxy localRank 6 -> connection 0x7c70300019c0
amd-mi355x-5:86347:86525 [6] NCCL INFO /workspace/rccl/build/release/hipify/src/transport/p2p.cc:248 Cuda Alloc Size 2097152 pointer 0x7c7025000000 flags 3
amd-mi355x-5:86347:86525 [6] NCCL INFO Allocated shareable buffer 0x7c7025000000 size 2097152 ipcDesc 0x7c7030004dd0
amd-mi355x-5:86347:86525 [6] NCCL INFO proxyProgressAsync opId=0x7c7060401c40 op.type=3 op.reqBuff=0x7c703000abf0 op.respSize=88 done
amd-mi355x-5:86347:86409 [6] NCCL INFO ncclPollProxyResponse Received new opId=0x7c7060401c40
amd-mi355x-5:86347:86525 [6] NCCL INFO Received and initiated operation=Setup res=0
amd-mi355x-5:86347:86409 [6] NCCL INFO resp.opId=0x7c7060401c40 matches expected opId=0x7c7060401c40
amd-mi355x-5:86347:86409 [6] NCCL INFO Channel 22/0 : 6[e5000] -> 7[f5000] via P2P/IPC comm 0x1c052ed0 nRanks 08
amd-mi355x-5:86347:86525 [6] NCCL INFO New proxy send connection 19 from local rank 6, transport 0
amd-mi355x-5:86347:86525 [6] NCCL INFO proxyProgressAsync opId=0x7c7060401c40 op.type=1 op.reqBuff=0x7c7030009280 op.respSize=16 done
amd-mi355x-5:86347:86409 [6] NCCL INFO ncclPollProxyResponse Received new opId=0x7c7060401c40
amd-mi355x-5:86347:86525 [6] NCCL INFO Received and initiated operation=Init res=0
amd-mi355x-5:86347:86409 [6] NCCL INFO resp.opId=0x7c7060401c40 matches expected opId=0x7c7060401c40
amd-mi355x-5:86347:86409 [6] NCCL INFO Connected to proxy localRank 6 -> connection 0x7c7030001a38
amd-mi355x-5:86347:86525 [6] NCCL INFO /workspace/rccl/build/release/hipify/src/transport/p2p.cc:248 Cuda Alloc Size 2097152 pointer 0x7c7024c00000 flags 3
amd-mi355x-5:86347:86525 [6] NCCL INFO Allocated shareable buffer 0x7c7024c00000 size 2097152 ipcDesc 0x7c7030004dd0
amd-mi355x-5:86347:86525 [6] NCCL INFO proxyProgressAsync opId=0x7c7060401c40 op.type=3 op.reqBuff=0x7c70300092a0 op.respSize=88 done
amd-mi355x-5:86347:86409 [6] NCCL INFO ncclPollProxyResponse Received new opId=0x7c7060401c40
amd-mi355x-5:86347:86525 [6] NCCL INFO Received and initiated operation=Setup res=0
amd-mi355x-5:86347:86409 [6] NCCL INFO resp.opId=0x7c7060401c40 matches expected opId=0x7c7060401c40
amd-mi355x-5:86347:86409 [6] NCCL INFO Channel 28/0 : 6[e5000] -> 7[f5000] via P2P/IPC comm 0x1c052ed0 nRanks 08
amd-mi355x-5:86347:86525 [6] NCCL INFO New proxy send connection 20 from local rank 6, transport 0
amd-mi355x-5:86347:86525 [6] NCCL INFO proxyProgressAsync opId=0x7c7060401c40 op.type=1 op.reqBuff=0x7c70300072a0 op.respSize=16 done
amd-mi355x-5:86347:86409 [6] NCCL INFO ncclPollProxyResponse Received new opId=0x7c7060401c40
amd-mi355x-5:86347:86525 [6] NCCL INFO Received and initiated operation=Init res=0
amd-mi355x-5:86347:86409 [6] NCCL INFO resp.opId=0x7c7060401c40 matches expected opId=0x7c7060401c40
amd-mi355x-5:86347:86409 [6] NCCL INFO Connected to proxy localRank 6 -> connection 0x7c7030001ab0
amd-mi355x-5:86347:86525 [6] NCCL INFO /workspace/rccl/build/release/hipify/src/transport/p2p.cc:248 Cuda Alloc Size 2097152 pointer 0x7c7024800000 flags 3
amd-mi355x-5:86347:86525 [6] NCCL INFO Allocated shareable buffer 0x7c7024800000 size 2097152 ipcDesc 0x7c7030004dd0
amd-mi355x-5:86347:86525 [6] NCCL INFO proxyProgressAsync opId=0x7c7060401c40 op.type=3 op.reqBuff=0x7c70300072c0 op.respSize=88 done
amd-mi355x-5:86347:86409 [6] NCCL INFO ncclPollProxyResponse Received new opId=0x7c7060401c40
amd-mi355x-5:86347:86525 [6] NCCL INFO Received and initiated operation=Setup res=0
amd-mi355x-5:86347:86409 [6] NCCL INFO resp.opId=0x7c7060401c40 matches expected opId=0x7c7060401c40
amd-mi355x-5:86347:86409 [6] NCCL INFO Channel 36/0 : 6[e5000] -> 7[f5000] via P2P/IPC comm 0x1c052ed0 nRanks 08
amd-mi355x-5:86347:86525 [6] NCCL INFO New proxy send connection 21 from local rank 6, transport 0
amd-mi355x-5:86347:86525 [6] NCCL INFO proxyProgressAsync opId=0x7c7060401c40 op.type=1 op.reqBuff=0x7c7030009a00 op.respSize=16 done
amd-mi355x-5:86347:86409 [6] NCCL INFO ncclPollProxyResponse Received new opId=0x7c7060401c40
amd-mi355x-5:86347:86525 [6] NCCL INFO Received and initiated operation=Init res=0
amd-mi355x-5:86347:86409 [6] NCCL INFO resp.opId=0x7c7060401c40 matches expected opId=0x7c7060401c40
amd-mi355x-5:86347:86409 [6] NCCL INFO Connected to proxy localRank 6 -> connection 0x7c7030001b28
amd-mi355x-5:86347:86525 [6] NCCL INFO /workspace/rccl/build/release/hipify/src/transport/p2p.cc:248 Cuda Alloc Size 2097152 pointer 0x7c7024400000 flags 3
amd-mi355x-5:86347:86525 [6] NCCL INFO Allocated shareable buffer 0x7c7024400000 size 2097152 ipcDesc 0x7c7030004dd0
amd-mi355x-5:86347:86525 [6] NCCL INFO proxyProgressAsync opId=0x7c7060401c40 op.type=3 op.reqBuff=0x7c7030009a20 op.respSize=88 done
amd-mi355x-5:86347:86409 [6] NCCL INFO ncclPollProxyResponse Received new opId=0x7c7060401c40
amd-mi355x-5:86347:86525 [6] NCCL INFO Received and initiated operation=Setup res=0
amd-mi355x-5:86347:86409 [6] NCCL INFO resp.opId=0x7c7060401c40 matches expected opId=0x7c7060401c40
amd-mi355x-5:86347:86409 [6] NCCL INFO Channel 42/0 : 6[e5000] -> 7[f5000] via P2P/IPC comm 0x1c052ed0 nRanks 08
amd-mi355x-5:86347:86525 [6] NCCL INFO New proxy send connection 22 from local rank 6, transport 0
amd-mi355x-5:86347:86525 [6] NCCL INFO proxyProgressAsync opId=0x7c7060401c40 op.type=1 op.reqBuff=0x7c703000b2b0 op.respSize=16 done
amd-mi355x-5:86347:86409 [6] NCCL INFO ncclPollProxyResponse Received new opId=0x7c7060401c40
amd-mi355x-5:86347:86525 [6] NCCL INFO Received and initiated operation=Init res=0
amd-mi355x-5:86347:86409 [6] NCCL INFO resp.opId=0x7c7060401c40 matches expected opId=0x7c7060401c40
amd-mi355x-5:86347:86409 [6] NCCL INFO Connected to proxy localRank 6 -> connection 0x7c7030001ba0
amd-mi355x-5:86347:86525 [6] NCCL INFO /workspace/rccl/build/release/hipify/src/transport/p2p.cc:248 Cuda Alloc Size 2097152 pointer 0x7c7024000000 flags 3
amd-mi355x-5:86347:86525 [6] NCCL INFO Allocated shareable buffer 0x7c7024000000 size 2097152 ipcDesc 0x7c7030004dd0
amd-mi355x-5:86347:86525 [6] NCCL INFO proxyProgressAsync opId=0x7c7060401c40 op.type=3 op.reqBuff=0x7c703000b2d0 op.respSize=88 done
amd-mi355x-5:86347:86409 [6] NCCL INFO ncclPollProxyResponse Received new opId=0x7c7060401c40
amd-mi355x-5:86347:86525 [6] NCCL INFO Received and initiated operation=Setup res=0
amd-mi355x-5:86347:86409 [6] NCCL INFO resp.opId=0x7c7060401c40 matches expected opId=0x7c7060401c40
amd-mi355x-5:86347:86409 [6] NCCL INFO Channel 50/0 : 6[e5000] -> 7[f5000] via P2P/IPC comm 0x1c052ed0 nRanks 08
amd-mi355x-5:86347:86525 [6] NCCL INFO New proxy send connection 23 from local rank 6, transport 0
amd-mi355x-5:86347:86525 [6] NCCL INFO proxyProgressAsync opId=0x7c7060401c40 op.type=1 op.reqBuff=0x7c703000a180 op.respSize=16 done
amd-mi355x-5:86347:86409 [6] NCCL INFO ncclPollProxyResponse Received new opId=0x7c7060401c40
amd-mi355x-5:86347:86409 [6] NCCL INFO resp.opId=0x7c7060401c40 matches expected opId=0x7c7060401c40
amd-mi355x-5:86347:86409 [6] NCCL INFO Connected to proxy localRank 6 -> connection 0x7c7030001c18
amd-mi355x-5:86347:86525 [6] NCCL INFO Received and initiated operation=Init res=0
amd-mi355x-5:86347:86525 [6] NCCL INFO /workspace/rccl/build/release/hipify/src/transport/p2p.cc:248 Cuda Alloc Size 2097152 pointer 0x7c7023c00000 flags 3
amd-mi355x-5:86347:86525 [6] NCCL INFO Allocated shareable buffer 0x7c7023c00000 size 2097152 ipcDesc 0x7c7030004dd0
amd-mi355x-5:86347:86525 [6] NCCL INFO proxyProgressAsync opId=0x7c7060401c40 op.type=3 op.reqBuff=0x7c703000a1a0 op.respSize=88 done
amd-mi355x-5:86347:86409 [6] NCCL INFO ncclPollProxyResponse Received new opId=0x7c7060401c40
amd-mi355x-5:86347:86525 [6] NCCL INFO Received and initiated operation=Setup res=0
amd-mi355x-5:86347:86409 [6] NCCL INFO resp.opId=0x7c7060401c40 matches expected opId=0x7c7060401c40
amd-mi355x-5:86347:86409 [6] NCCL INFO Channel 56/0 : 6[e5000] -> 7[f5000] via P2P/IPC comm 0x1c052ed0 nRanks 08
amd-mi355x-5:86347:86525 [6] NCCL INFO New proxy send connection 24 from local rank 6, transport 0
amd-mi355x-5:86347:86525 [6] NCCL INFO proxyProgressAsync opId=0x7c7060401c40 op.type=1 op.reqBuff=0x7c703000c790 op.respSize=16 done
amd-mi355x-5:86347:86409 [6] NCCL INFO ncclPollProxyResponse Received new opId=0x7c7060401c40
amd-mi355x-5:86347:86525 [6] NCCL INFO Received and initiated operation=Init res=0
amd-mi355x-5:86347:86409 [6] NCCL INFO resp.opId=0x7c7060401c40 matches expected opId=0x7c7060401c40
amd-mi355x-5:86347:86409 [6] NCCL INFO Connected to proxy localRank 6 -> connection 0x7c7030001c90
amd-mi355x-5:86347:86525 [6] NCCL INFO /workspace/rccl/build/release/hipify/src/transport/p2p.cc:248 Cuda Alloc Size 2097152 pointer 0x7c7023800000 flags 3
amd-mi355x-5:86347:86525 [6] NCCL INFO Allocated shareable buffer 0x7c7023800000 size 2097152 ipcDesc 0x7c7030004dd0
amd-mi355x-5:86347:86525 [6] NCCL INFO proxyProgressAsync opId=0x7c7060401c40 op.type=3 op.reqBuff=0x7c703000c7b0 op.respSize=88 done
amd-mi355x-5:86347:86409 [6] NCCL INFO ncclPollProxyResponse Received new opId=0x7c7060401c40
amd-mi355x-5:86347:86525 [6] NCCL INFO Received and initiated operation=Setup res=0
amd-mi355x-5:86347:86409 [6] NCCL INFO resp.opId=0x7c7060401c40 matches expected opId=0x7c7060401c40
amd-mi355x-5:86347:86409 [6] NCCL INFO Channel 64/0 : 6[e5000] -> 7[f5000] via P2P/IPC comm 0x1c052ed0 nRanks 08
amd-mi355x-5:86347:86525 [6] NCCL INFO New proxy send connection 25 from local rank 6, transport 0
amd-mi355x-5:86347:86525 [6] NCCL INFO proxyProgressAsync opId=0x7c7060401c40 op.type=1 op.reqBuff=0x7c703000a900 op.respSize=16 done
amd-mi355x-5:86347:86409 [6] NCCL INFO ncclPollProxyResponse Received new opId=0x7c7060401c40
amd-mi355x-5:86347:86525 [6] NCCL INFO Received and initiated operation=Init res=0
amd-mi355x-5:86347:86409 [6] NCCL INFO resp.opId=0x7c7060401c40 matches expected opId=0x7c7060401c40
amd-mi355x-5:86347:86409 [6] NCCL INFO Connected to proxy localRank 6 -> connection 0x7c7030001d08
amd-mi355x-5:86347:86525 [6] NCCL INFO /workspace/rccl/build/release/hipify/src/transport/p2p.cc:248 Cuda Alloc Size 2097152 pointer 0x7c7023400000 flags 3
amd-mi355x-5:86347:86525 [6] NCCL INFO Allocated shareable buffer 0x7c7023400000 size 2097152 ipcDesc 0x7c7030004dd0
amd-mi355x-5:86347:86525 [6] NCCL INFO proxyProgressAsync opId=0x7c7060401c40 op.type=3 op.reqBuff=0x7c703000a920 op.respSize=88 done
amd-mi355x-5:86347:86409 [6] NCCL INFO ncclPollProxyResponse Received new opId=0x7c7060401c40
amd-mi355x-5:86347:86525 [6] NCCL INFO Received and initiated operation=Setup res=0
amd-mi355x-5:86347:86409 [6] NCCL INFO resp.opId=0x7c7060401c40 matches expected opId=0x7c7060401c40
amd-mi355x-5:86347:86409 [6] NCCL INFO Channel 70/0 : 6[e5000] -> 7[f5000] via P2P/IPC comm 0x1c052ed0 nRanks 08
amd-mi355x-5:86347:86525 [6] NCCL INFO New proxy send connection 26 from local rank 6, transport 0
amd-mi355x-5:86347:86525 [6] NCCL INFO proxyProgressAsync opId=0x7c7060401c40 op.type=1 op.reqBuff=0x7c703000d3b0 op.respSize=16 done
amd-mi355x-5:86347:86409 [6] NCCL INFO ncclPollProxyResponse Received new opId=0x7c7060401c40
amd-mi355x-5:86347:86525 [6] NCCL INFO Received and initiated operation=Init res=0
amd-mi355x-5:86347:86409 [6] NCCL INFO resp.opId=0x7c7060401c40 matches expected opId=0x7c7060401c40
amd-mi355x-5:86347:86409 [6] NCCL INFO Connected to proxy localRank 6 -> connection 0x7c7030001d80
amd-mi355x-5:86347:86525 [6] NCCL INFO /workspace/rccl/build/release/hipify/src/transport/p2p.cc:248 Cuda Alloc Size 2097152 pointer 0x7c7023000000 flags 3
amd-mi355x-5:86347:86525 [6] NCCL INFO Allocated shareable buffer 0x7c7023000000 size 2097152 ipcDesc 0x7c7030004dd0
amd-mi355x-5:86347:86525 [6] NCCL INFO proxyProgressAsync opId=0x7c7060401c40 op.type=3 op.reqBuff=0x7c703000d3d0 op.respSize=88 done
amd-mi355x-5:86347:86409 [6] NCCL INFO ncclPollProxyResponse Received new opId=0x7c7060401c40
amd-mi355x-5:86347:86525 [6] NCCL INFO Received and initiated operation=Setup res=0
amd-mi355x-5:86347:86409 [6] NCCL INFO resp.opId=0x7c7060401c40 matches expected opId=0x7c7060401c40
amd-mi355x-5:86347:86409 [6] NCCL INFO Channel 78/0 : 6[e5000] -> 7[f5000] via P2P/IPC comm 0x1c052ed0 nRanks 08
amd-mi355x-5:86347:86525 [6] NCCL INFO New proxy send connection 27 from local rank 6, transport 0
amd-mi355x-5:86347:86525 [6] NCCL INFO proxyProgressAsync opId=0x7c7060401c40 op.type=1 op.reqBuff=0x7c703000eab0 op.respSize=16 done
amd-mi355x-5:86347:86409 [6] NCCL INFO ncclPollProxyResponse Received new opId=0x7c7060401c40
amd-mi355x-5:86347:86525 [6] NCCL INFO Received and initiated operation=Init res=0
amd-mi355x-5:86347:86409 [6] NCCL INFO resp.opId=0x7c7060401c40 matches expected opId=0x7c7060401c40
amd-mi355x-5:86347:86409 [6] NCCL INFO Connected to proxy localRank 6 -> connection 0x7c7030001df8
amd-mi355x-5:86347:86525 [6] NCCL INFO /workspace/rccl/build/release/hipify/src/transport/p2p.cc:248 Cuda Alloc Size 2097152 pointer 0x7c7022c00000 flags 3
amd-mi355x-5:86347:86525 [6] NCCL INFO Allocated shareable buffer 0x7c7022c00000 size 2097152 ipcDesc 0x7c7030004dd0
amd-mi355x-5:86347:86525 [6] NCCL INFO proxyProgressAsync opId=0x7c7060401c40 op.type=3 op.reqBuff=0x7c703000ead0 op.respSize=88 done
amd-mi355x-5:86347:86409 [6] NCCL INFO ncclPollProxyResponse Received new opId=0x7c7060401c40
amd-mi355x-5:86347:86525 [6] NCCL INFO Received and initiated operation=Setup res=0
amd-mi355x-5:86347:86409 [6] NCCL INFO resp.opId=0x7c7060401c40 matches expected opId=0x7c7060401c40
amd-mi355x-5:86347:86409 [6] NCCL INFO Channel 84/0 : 6[e5000] -> 7[f5000] via P2P/IPC comm 0x1c052ed0 nRanks 08
amd-mi355x-5:86347:86525 [6] NCCL INFO New proxy send connection 28 from local rank 6, transport 0
amd-mi355x-5:86347:86525 [6] NCCL INFO proxyProgressAsync opId=0x7c7060401c40 op.type=1 op.reqBuff=0x7c703000d690 op.respSize=16 done
amd-mi355x-5:86347:86409 [6] NCCL INFO ncclPollProxyResponse Received new opId=0x7c7060401c40
amd-mi355x-5:86347:86409 [6] NCCL INFO resp.opId=0x7c7060401c40 matches expected opId=0x7c7060401c40
amd-mi355x-5:86347:86409 [6] NCCL INFO Connected to proxy localRank 6 -> connection 0x7c7030001e70
amd-mi355x-5:86347:86525 [6] NCCL INFO Received and initiated operation=Init res=0
amd-mi355x-5:86347:86525 [6] NCCL INFO /workspace/rccl/build/release/hipify/src/transport/p2p.cc:248 Cuda Alloc Size 2097152 pointer 0x7c7022800000 flags 3
amd-mi355x-5:86347:86525 [6] NCCL INFO Allocated shareable buffer 0x7c7022800000 size 2097152 ipcDesc 0x7c7030004dd0
amd-mi355x-5:86347:86525 [6] NCCL INFO proxyProgressAsync opId=0x7c7060401c40 op.type=3 op.reqBuff=0x7c703000d6b0 op.respSize=88 done
amd-mi355x-5:86347:86409 [6] NCCL INFO ncclPollProxyResponse Received new opId=0x7c7060401c40
amd-mi355x-5:86347:86525 [6] NCCL INFO Received and initiated operation=Setup res=0
amd-mi355x-5:86347:86409 [6] NCCL INFO resp.opId=0x7c7060401c40 matches expected opId=0x7c7060401c40
amd-mi355x-5:86347:86409 [6] NCCL INFO Channel 92/0 : 6[e5000] -> 7[f5000] via P2P/IPC comm 0x1c052ed0 nRanks 08
amd-mi355x-5:86347:86525 [6] NCCL INFO New proxy send connection 29 from local rank 6, transport 0
amd-mi355x-5:86347:86525 [6] NCCL INFO proxyProgressAsync opId=0x7c7060401c40 op.type=1 op.reqBuff=0x7c703000e1e0 op.respSize=16 done
amd-mi355x-5:86347:86409 [6] NCCL INFO ncclPollProxyResponse Received new opId=0x7c7060401c40
amd-mi355x-5:86347:86525 [6] NCCL INFO Received and initiated operation=Init res=0
amd-mi355x-5:86347:86409 [6] NCCL INFO resp.opId=0x7c7060401c40 matches expected opId=0x7c7060401c40
amd-mi355x-5:86347:86409 [6] NCCL INFO Connected to proxy localRank 6 -> connection 0x7c7030001ee8
amd-mi355x-5:86347:86525 [6] NCCL INFO /workspace/rccl/build/release/hipify/src/transport/p2p.cc:248 Cuda Alloc Size 2097152 pointer 0x7c7022400000 flags 3
amd-mi355x-5:86347:86525 [6] NCCL INFO Allocated shareable buffer 0x7c7022400000 size 2097152 ipcDesc 0x7c7030004dd0
amd-mi355x-5:86347:86525 [6] NCCL INFO proxyProgressAsync opId=0x7c7060401c40 op.type=3 op.reqBuff=0x7c703000e200 op.respSize=88 done
amd-mi355x-5:86347:86409 [6] NCCL INFO ncclPollProxyResponse Received new opId=0x7c7060401c40
amd-mi355x-5:86347:86525 [6] NCCL INFO Received and initiated operation=Setup res=0
amd-mi355x-5:86347:86409 [6] NCCL INFO resp.opId=0x7c7060401c40 matches expected opId=0x7c7060401c40
amd-mi355x-5:86347:86409 [6] NCCL INFO Channel 98/0 : 6[e5000] -> 7[f5000] via P2P/IPC comm 0x1c052ed0 nRanks 08
amd-mi355x-5:86347:86525 [6] NCCL INFO New proxy send connection 30 from local rank 6, transport 0
amd-mi355x-5:86347:86525 [6] NCCL INFO proxyProgressAsync opId=0x7c7060401c40 op.type=1 op.reqBuff=0x7c703000ffa0 op.respSize=16 done
amd-mi355x-5:86347:86409 [6] NCCL INFO ncclPollProxyResponse Received new opId=0x7c7060401c40
amd-mi355x-5:86347:86525 [6] NCCL INFO Received and initiated operation=Init res=0
amd-mi355x-5:86347:86409 [6] NCCL INFO resp.opId=0x7c7060401c40 matches expected opId=0x7c7060401c40
amd-mi355x-5:86347:86409 [6] NCCL INFO Connected to proxy localRank 6 -> connection 0x7c7030001f60
amd-mi355x-5:86347:86525 [6] NCCL INFO /workspace/rccl/build/release/hipify/src/transport/p2p.cc:248 Cuda Alloc Size 2097152 pointer 0x7c7022000000 flags 3
amd-mi355x-5:86347:86525 [6] NCCL INFO Allocated shareable buffer 0x7c7022000000 size 2097152 ipcDesc 0x7c7030004dd0
amd-mi355x-5:86347:86525 [6] NCCL INFO proxyProgressAsync opId=0x7c7060401c40 op.type=3 op.reqBuff=0x7c703000ffc0 op.respSize=88 done
amd-mi355x-5:86347:86409 [6] NCCL INFO ncclPollProxyResponse Received new opId=0x7c7060401c40
amd-mi355x-5:86347:86525 [6] NCCL INFO Received and initiated operation=Setup res=0
amd-mi355x-5:86347:86409 [6] NCCL INFO resp.opId=0x7c7060401c40 matches expected opId=0x7c7060401c40
amd-mi355x-5:86347:86409 [6] NCCL INFO Channel 106/0 : 6[e5000] -> 7[f5000] via P2P/IPC comm 0x1c052ed0 nRanks 08
amd-mi355x-5:86347:86525 [6] NCCL INFO New proxy send connection 31 from local rank 6, transport 0
amd-mi355x-5:86347:86525 [6] NCCL INFO proxyProgressAsync opId=0x7c7060401c40 op.type=1 op.reqBuff=0x7c703000f1c0 op.respSize=16 done
amd-mi355x-5:86347:86409 [6] NCCL INFO ncclPollProxyResponse Received new opId=0x7c7060401c40
amd-mi355x-5:86347:86525 [6] NCCL INFO Received and initiated operation=Init res=0
amd-mi355x-5:86347:86409 [6] NCCL INFO resp.opId=0x7c7060401c40 matches expected opId=0x7c7060401c40
amd-mi355x-5:86347:86409 [6] NCCL INFO Connected to proxy localRank 6 -> connection 0x7c7030001fd8
amd-mi355x-5:86347:86525 [6] NCCL INFO /workspace/rccl/build/release/hipify/src/transport/p2p.cc:248 Cuda Alloc Size 2097152 pointer 0x7c7021c00000 flags 3
amd-mi355x-5:86347:86525 [6] NCCL INFO Allocated shareable buffer 0x7c7021c00000 size 2097152 ipcDesc 0x7c7030004dd0
amd-mi355x-5:86347:86525 [6] NCCL INFO proxyProgressAsync opId=0x7c7060401c40 op.type=3 op.reqBuff=0x7c703000f1e0 op.respSize=88 done
amd-mi355x-5:86347:86409 [6] NCCL INFO ncclPollProxyResponse Received new opId=0x7c7060401c40
amd-mi355x-5:86347:86525 [6] NCCL INFO Received and initiated operation=Setup res=0
amd-mi355x-5:86347:86409 [6] NCCLamd-mi355x-5:86346:86527 [5] NCCL INFO New proxy recv connection 32 amd-mi355x-5:86347:86525 [6] NCCL INFO New proxy recv connection 32 from local rank 6, transport 0
amd-mi355x-5:86347:86525 [6] NCCL INFO proxyProgressAsync opId=0x7c7060401c40 op.type=1 op.reqBuff=0x7c703000f890 op.respSize=16 done
amd-mi355x-5:86347:86409 [6] NCCL INFO ncclPollProxyResponamd-mi355x-5:86342:86529 [1] NCCL INFO /workspace/rccl/build/release/hipify/src/transport/p2p.cc:248 Cuda Alloc Size 6291456 pointer 0x71872ac00000 flags 3
amd-mi355x-5:86342:86529 [1] NCCL INFO Allocated shareable buffer 0x71872ac00000 size 6291456 iamd-mi355x-5:86346:86527 [5] NCCL INFO /workspace/rccl/build/releaseamd-mi355x-5:86347:86525 [6] NCCL INFO /workspace/rccl/build/release/hipify/src/transport/p2p.cc:248 Cuda Alloc Size 6291456 pointer 0x7c7021400000 flags 3
amd-mi355x-5:86347:86525 [6] NCCL INFO Allocated shareable buffer 0x7c7021400000 size 6291456 ipcDesc 0x7c7030004dd0
amd-mi355x-5:86347:86525 [6] NCCL INFO proxyProgressAsync opId=0x7c7060401c40 op.type=3 op.reqBuff=0x7c703000f8b0 op.respSize=88 done
amd-mi355x-5:86347:86409 [6] NCCL INFO ncclPollProxyResponse Received new opId=0x7c7060401c40
amd-mi355x-5:86347:86525 [6] NCCL INFO Received and initiated operation=Setup res=0
amd-mi355x-5:86347:86409 [6] NCCL INFO resp.opId=0x7c7060401c40 matches expected opId=0x7c7060401c40
amd-mi355x-5:86347:86525 [6] NCCL INFO New proxy recv connection 33 from local rank 6, transport 0
amd-mi355x-5:86347:86525 [6] NCCL INFO proxyProgressAsync opId=0x7c7060401c40 op.type=1 op.reqBuff=0x7c703000b030 op.respSize=16 done
amd-mi355x-5:86347:86409 [6] NCCL INFO ncclPollProxyResponamd-mi355x-5:86342:86529 [1] NCCL INFO /workspace/rccl/build/release/hipify/src/transport/p2p.cc:248 Cuda Alloc Size 6291456 pointer 0x71872a400000 flags 3
amd-mi355x-5:86342:86529 [1] NCCL INFO Allocated shareable buffer 0x71872a400000 size 6291456 iamd-mi355x-5:86346:86527 [5] NCCL INFO /workspace/rccl/build/releaseamd-mi355x-5:86347:86525 [6] NCCL INFO /workspace/rccl/build/release/hipify/src/transport/p2p.cc:248 Cuda Alloc Size 6291456 pointer 0x7c7020c00000 flags 3
amd-mi355x-5:86347:86525 [6] NCCL INFO Allocated shareable buffer 0x7c7020c00000 size 6291456 ipcDesc 0x7c7030004dd0
amd-mi355x-5:86347:86525 [6] NCCL INFO proxyProgressAsync opId=0x7c7060401c40 op.type=3 op.reqBuff=0x7c703000b050 op.respSize=88 done
amd-mi355x-5:86347:86409 [6] NCCL INFO ncclPollProxyResponse Received new opId=0x7c7060401c40
amd-mi355x-5:86347:86525 [6] NCCL INFO Received and initiated operation=Setup res=0
amd-mi355x-5:86347:86409 [6] NCCL INFO resp.opId=0x7c7060401c40 matches expected opId=0x7c7060401c40
amd-mi355x-5:86347:86525 [6] NCCL INFO New proxy recv connection 34 from local rank 6, transport 0
amd-mi355x-5:86347:86525 [6] NCCL INFO proxyProgressAsync opId=0x7c7060401c40 op.type=1 op.reqBuff=0x7c70300114c0 op.respSize=16 done
amd-mi355x-5:86347:86409 [6] NCCL INFO ncclPollProxyResponamd-mi355x-5:86342:86529 [1] NCCL INFO /workspace/rccl/build/release/hipify/src/transport/p2p.cc:248 Cuda Alloc Size 6291456 pointer 0x718729c00000 flags 3
amd-mi355x-5:86342:86529 [1] NCCL INFO Allocated shareable buffer 0x718729c00000 size 6291456 iamd-mi355x-5:86346:86527 [5] NCCL INFO /workspace/rccl/build/releaseamd-mi355x-5:86347:86525 [6] NCCL INFO /workspace/rccl/build/release/hipify/src/transport/p2p.cc:248 Cuda Alloc Size 6291456 pointer 0x7c7020400000 flags 3
amd-mi355x-5:86347:86525 [6] NCCL INFO Allocated shareable buffer 0x7c7020400000 size 6291456 ipcDesc 0x7c7030004dd0
amd-mi355x-5:86347:86525 [6] NCCL INFO proxyProgressAsync opId=0x7c7060401c40 op.type=3 op.reqBuff=0x7c70300114e0 op.respSize=88 done
amd-mi355x-5:86347:86409 [6] NCCL INFO ncclPollProxyResponse Received new opId=0x7c7060401c40
amd-mi355x-5:86347:86525 [6] NCCL INFO Received and initiated operation=Setup res=0
amd-mi355x-5:86347:86409 [6] NCCL INFO resp.opId=0x7c7060401c40 matches expected opId=0x7c7060401c40
amd-mi355x-5:86347:86525 [6] NCCL INFO New proxy recv connection 35 from local rank 6, transport 0
amd-mi355x-5:86347:86525 [6] NCCL INFO proxyProgressAsync opId=0x7c7060401c40 op.type=1 op.reqBuff=0x7c7030011bb0 op.respSize=16 done
amd-mi355x-5:86347:86409 [6] NCCL INFO ncclPollProxyResponse Received new opId=0x7c7060401c40
amd-mi355x-5:86347:86525 [6] NCCL INFO Received and initiated operation=Init res=0
amd-mi355x-5:86347:86409 [6] NCCL INFO resp.opId=0x7c7060401c40 matches expected opId=0x7c7060401c40
amd-mi355x-5:86347:86409 [6] NCamd-mi355x-5:86346:86527 [5] NCCL INFO /workspace/rccl/build/releaseamd-mi355x-5:86347:86525 [6] NCCL INFO /workspace/rccl/build/release/hipify/src/transport/p2p.cc:248 Cuda Alloc Size 6291456 pointer 0x7c701fc00000 flags 3
amd-mi355x-5:86347:86525 [6] NCCL INFO Allocated shareable buffer 0x7c701fc00000 size 6291456 ipcDesc 0x7c7030004dd0
amd-mi355x-5:86347:86525 [6] NCCL INFO proxyProgressAsync opId=0x7c7060401c40 op.type=3 op.reqBuff=0x7c7030011bd0 op.respSize=88 done
amd-mi355x-5:86347:86409 [6] NCCL INFO ncclPollProxyResponse Received new opId=0x7c7060401c40
amd-mi355x-5:86347:86525 [6] NCCL INFO Received and initiated operation=Setup res=0
amd-mi355x-5:86347:86409 [6] NCCL INFO resp.opId=0x7c7060401c40 matches expected opId=0x7c7060401c40
amd-mi355x-5:86347:86525 [6] NCCL INFO New proxy recv connection 36 from local rank 6, transport 0
amd-mi355x-5:86347:86525 [6] NCCL INFO proxyProgressAsync opId=0x7c7060401c40 op.type=1 op.reqBuff=0x7c70300122c0 op.respSize=16 done
amd-mi355x-5:86347:86409 [6] NCCL INFO ncclPollProxyResponse Received new opId=0x7c7060401c40
amd-mi355x-5:86347:86525 [6] NCCL INFO Received and initiated operation=Init res=0
amd-mi355x-5:86347:86409 [6] NCCL INFO resp.opId=0x7c7060401c40 matches expected opId=0x7c7060401c40
amd-mi355x-5:86347:86409 [6] NCamd-mi355x-5:86346:86527 [5] NCCL INFO /workspace/rccl/build/releaseamd-mi355x-5:86347:86525 [6] NCCL INFO /workspace/rccl/build/release/hipify/src/transport/p2p.cc:248 Cuda Alloc Size 6291456 pointer 0x7c701f400000 flags 3
amd-mi355x-5:86347:86525 [6] NCCL INFO Allocated shareable buffer 0x7c701f400000 size 6291456 ipcDesc 0x7c7030004dd0
amd-mi355x-5:86347:86525 [6] NCCL INFO proxyProgressAsync opId=0x7c7060401c40 op.type=3 op.reqBuff=0x7c70300122e0 op.respSize=88 done
amd-mi355x-5:86347:86409 [6] NCCL INFO ncclPollProxyResponse Received new opId=0x7c7060401c40
amd-mi355x-5:86347:86525 [6] NCCL INFO Received and initiated operation=Setup res=0
amd-mi355x-5:86347:86409 [6] NCCL INFO resp.opId=0x7c7060401c40 matches expected opId=0x7c7060401c40
amd-mi355x-5:86347:86525 [6] NCCL INFO New proxy recv connection 37 from local rank 6, transport 0
amd-mi355x-5:86347:86525 [6] NCCL INFO proxyProgressAsync opId=0x7c7060401c40 op.type=1 op.reqBuff=0x7c70300129b0 op.respSize=16 done
amd-mi355x-5:86347:86409 [6] NCCL INFO ncclPollProxyResponse Received new opId=0x7c7060401c40
amd-mi355x-5:86347:86525 [6] NCCL INFO Received and initiated operation=Init res=0
amd-mi355x-5:86347:86409 [6] NCCL INFO resp.opId=0x7c7060401c40 matches expected opId=0x7c7060401c40
amd-mi355x-5:86347:86409 [6] NCamd-mi355x-5:86346:86527 [5] NCCL INFO /workspace/rccl/build/releaseamd-mi355x-5:86347:86525 [6] NCCL INFO /workspace/rccl/build/release/hipify/src/transport/p2p.cc:248 Cuda Alloc Size 6291456 pointer 0x7c701ec00000 flags 3
amd-mi355x-5:86347:86525 [6] NCCL INFO Allocated shareable buffer 0x7c701ec00000 size 6291456 ipcDesc 0x7c7030004dd0
amd-mi355x-5:86347:86525 [6] NCCL INFO proxyProgressAsync opId=0x7c7060401c40 op.type=3 op.reqBuff=0x7c70300129d0 op.respSize=88 done
amd-mi355x-5:86347:86409 [6] NCCL INFO ncclPollProxyResponse Received new opId=0x7c7060401c40
amd-mi355x-5:86347:86525 [6] NCCL INFO Received and initiated operation=Setup res=0
amd-mi355x-5:86347:86409 [6] NCCL INFO resp.opId=0x7c7060401c40 matches expected opId=0x7c7060401c40
amd-mi355x-5:86347:86525 [6] NCCL INFO New proxy recv connection 38 from local rank 6, transport 0
