amd-mi355x-5:86346:86414 [5] NCCL INFO Connected to proxy localRank 5 -> connection 0x7f76e00045d0
amd-mi355x-5:86346:86527 [5] NCCL INFO /workspace/rccl/build/release/hipify/src/transport/p2p.cc:248 amd-mi355x-5:86347:86525 [6] NCCL INFO /workspace/rccl/build/release/hipify/src/transport/p2p.cc:248 Cuda Alloc Size 2097152 pointer 0x7c7001800000 flags 3
amd-mi355x-5:86347:86525 [6] NCCL INFO Allocated shareable buffer 0x7c7001800000 size 2097152 ipcDesc 0x7c7030004dd0
amd-mi355x-5:86347:86525 [6] NCCL INFO proxyProgressAsync opId=0x7c7060401c40 op.type=3 op.reqBuff=0x7c703002b090 op.respSize=88 done
amd-mi355x-5:86347:86409 [6] NCCL INFO ncclPollProxyResponse Received new opId=0x7c7060401c40
amd-mi355x-5:86347:86525 [6] NCCL INFO Received and initiated operation=Setup res=0
amd-mi355x-5:86347:86409 [6] NCCL INFO resp.opId=0x7c7060401c40 matches expected opId=0x7c7060401c40
amd-mi355x-5:86347:86409 [6] NCCL INFO Channel 06/0 : 6[e5000] -> 2[65000] via P2P/IPC comm 0x1c052ed0 nRanks 08
amd-mi355x-5:86347:86525 [6] NCCL INFO New proxy send connection 113 from local rank 6, transport 0
amd-mi355x-5:86347:86525 [6] NCCL INFO proxyProgressAsync opId=0x7c7060401c40 op.type=1 op.reqBuff=0x7c7030030f70 op.respSize=16 done
amd-mi355x-5:86347:86409 [6] NCCL INFO ncclPollProxyResponse Received new opId=0x7c7060401c40
amd-mi355x-5:86347:86525 [6] NCCL INFO Received and initiated operation=Init res=0
amd-mi355x-5:86347:86409 [6] NCCL INFO resp.opId=0x7c7060401c40 matches expected opId=0x7c7060401camd-mi355x-5:86346:86527 [5] NCCL INFO /workspace/rccl/build/release/hipify/src/transport/p2p.cc:248 Camd-mi355x-5:86347:86525 [6] NCCL INFO /workspace/rccl/build/release/hipify/src/transport/p2p.cc:248 Cuda Alloc Size 2097152 pointer 0x7c7001400000 flags 3
amd-mi355x-5:86347:86525 [6] NCCL INFO Allocated shareable buffer 0x7c7001400000 size 2097152 ipcDesc 0x7c7030004dd0
amd-mi355x-5:86347:86525 [6] NCCL INFO proxyProgressAsync opId=0x7c7060401c40 op.type=3 op.reqBuff=0x7c703001edd0 op.respSize=88 done
amd-mi355x-5:86347:86409 [6] NCCL INFO ncclPollProxyResponse Received new opId=0x7c7060401c40
amd-mi355x-5:86347:86525 [6] NCCL INFO Received and initiated operation=Setup res=0
amd-mi355x-5:86347:86409 [6] NCCL INFO resp.opId=0x7c7060401c40 matches expected opId=0x7c7060401c40
amd-mi355x-5:86347:86409 [6] NCCL INFO Channel 19/0 : 6[e5000] -> 2[65000] via P2P/IPC comm 0x1c052ed0 nRanks 08
amd-mi355x-5:86347:86525 [6] NCCL INFO New proxy send connection 114 from local rank 6, transport 0
amd-mi355x-5:86347:86525 [6] NCCL INFO proxyProgressAsync opId=0x7c7060401c40 op.type=1 op.reqBuff=0x7c7030007750 op.respSize=16 done
amd-mi355x-5:86347:86409 [6] NCCL INFO ncclPollProxyResponse Received new opId=0x7c7060401c40
amd-mi355x-5:86347:86525 [6] NCCL INFO Received and initiated operation=Init res=0
amd-mi355x-5:86347:86409 [6] NCCL INFO resp.opId=0x7c7060401c40 matches expected opId=0x7c7060401amd-mi355x-5:86346:86527 [5] NCCL INFO /workspace/rccl/build/release/hipify/src/transport/p2p.cc:248 Cuamd-mi355x-5:86347:86525 [6] NCCL INFO /workspace/rccl/build/release/hipify/src/transport/p2p.cc:248 Cuda Alloc Size 2097152 pointer 0x7c7001000000 flags 3
amd-mi355x-5:86347:86525 [6] NCCL INFO Allocated shareable buffer 0x7c7001000000 size 2097152 ipcDesc 0x7c7030004dd0
amd-mi355x-5:86347:86525 [6] NCCL INFO proxyProgressAsync opId=0x7c7060401c40 op.type=3 op.reqBuff=0x7c703002e630 op.respSize=88 done
amd-mi355x-5:86347:86409 [6] NCCL INFO ncclPollProxyResponse Received new opId=0x7c7060401c40
amd-mi355x-5:86347:86525 [6] NCCL INFO Received and initiated operation=Setup res=0
amd-mi355x-5:86347:86409 [6] NCCL INFO resp.opId=0x7c7060401c40 matches expected opId=0x7c7060401c40
amd-mi355x-5:86347:86409 [6] NCCL INFO Channel 20/0 : 6[e5000] -> 2[65000] via P2P/IPC comm 0x1c052ed0 nRanks 08
amd-mi355x-5:86347:86525 [6] NCCL INFO New proxy send connection 115 from local rank 6, transport 0
amd-mi355x-5:86347:86525 [6] NCCL INFO proxyProgressAsync opId=0x7c7060401c40 op.type=1 op.reqBuff=0x7c7030008830 op.respSize=16 done
amd-mi355x-5:86347:86409 [6] NCCL INFO ncclPollProxyResponse Received new opId=0x7c7060401c40
amd-mi355x-5:86347:86525 [6] NCCL INFO Received and initiated operation=Init res=0
amd-mi355x-5:86347:86409 [6] NCCL INFO resp.opId=0x7c7060401c40 matches expected opId=0x7c706040amd-mi355x-5:86346:86527 [5] NCCL INFO /workspace/rccl/build/release/hipify/src/transport/p2p.cc:248 Cudamd-mi355x-5:86347:86525 [6] NCCL INFO /workspace/rccl/build/release/hipify/src/transport/p2p.cc:248 Cuda Alloc Size 2097152 pointer 0x7c7000c00000 flags 3
amd-mi355x-5:86347:86525 [6] NCCL INFO Allocated shareable buffer 0x7c7000c00000 size 2097152 ipcDesc 0x7c7030004dd0
amd-mi355x-5:86347:86525 [6] NCCL INFO proxyProgressAsync opId=0x7c7060401c40 op.type=3 op.reqBuff=0x7c7030007750 op.respSize=88 done
amd-mi355x-5:86347:86409 [6] NCCL INFO ncclPollProxyResponse Received new opId=0x7c7060401c40
amd-mi355x-5:86347:86525 [6] NCCL INFO Received and initiated operation=Setup res=0
amd-mi355x-5:86347:86409 [6] NCCL INFO resp.opId=0x7c7060401c40 matches expected opId=0x7c7060401c40
amd-mi355x-5:86347:86409 [6] NCCL INFO Channel 33/0 : 6[e5000] -> 2[65000] via P2P/IPC comm 0x1c052ed0 nRanks 08
amd-mi355x-5:86347:86525 [6] NCCL INFO New proxy send connection 116 from local rank 6, transport 0
amd-mi355x-5:86347:86525 [6] NCCL INFO proxyProgressAsync opId=0x7c7060401c40 op.type=1 op.reqBuff=0x7c7030016210 op.respSize=16 done
amd-mi355x-5:86347:86409 [6] NCCL INFO ncclPollProxyResponse Received new opId=0x7c7060401c40
amd-mi355x-5:86347:86525 [6] NCCL INFO Received and initiated operation=Init res=0
amd-mi355x-5:86347:86409 [6] NCCL INFO resp.opId=0x7c7060401c40 matches expected opId=0x7c70604amd-mi355x-5:86346:86527 [5] NCCL INFO /workspace/rccl/build/release/hipify/src/transport/p2p.cc:248 Cudaamd-mi355x-5:86347:86525 [6] NCCL INFO /workspace/rccl/build/release/hipify/src/transport/p2p.cc:248 Cuda Alloc Size 2097152 pointer 0x7c7000800000 flags 3
amd-mi355x-5:86347:86525 [6] NCCL INFO Allocated shareable buffer 0x7c7000800000 size 2097152 ipcDesc 0x7c7030004dd0
amd-mi355x-5:86347:86525 [6] NCCL INFO proxyProgressAsync opId=0x7c7060401c40 op.type=3 op.reqBuff=0x7c703000a450 op.respSize=88 done
amd-mi355x-5:86347:86409 [6] NCCL INFO ncclPollProxyResponse Received new opId=0x7c7060401c40
amd-mi355x-5:86347:86525 [6] NCCL INFO Received and initiated operation=Setup res=0
amd-mi355x-5:86347:86409 [6] NCCL INFO resp.opId=0x7c7060401c40 matches expected opId=0x7c7060401c40
amd-mi355x-5:86347:86409 [6] NCCL INFO Channel 34/0 : 6[e5000] -> 2[65000] via P2P/IPC comm 0x1c052ed0 nRanks 08
amd-mi355x-5:86347:86525 [6] NCCL INFO New proxy send connection 117 from local rank 6, transport 0
amd-mi355x-5:86347:86525 [6] NCCL INFO proxyProgressAsync opId=0x7c7060401c40 op.type=1 op.reqBuff=0x7c703000a810 op.respSize=16 done
amd-mi355x-5:86347:86409 [6] NCCL INFO ncclPollProxyResponse Received new opId=0x7c7060401c40
amd-mi355x-5:86347:86525 [6] NCCL INFO Received and initiated operation=Init res=0
amd-mi355x-5:86347:86409 [6] NCCL INFO resp.opId=0x7c7060401c40 matches expected opId=0x7c7060amd-mi355x-5:86346:86527 [5] NCCL INFO /workspace/rccl/build/release/hipify/src/transport/p2p.cc:248 Cuda amd-mi355x-5:86347:86525 [6] NCCL INFO /workspace/rccl/build/release/hipify/src/transport/p2p.cc:248 Cuda Alloc Size 2097152 pointer 0x7c7000400000 flags 3
amd-mi355x-5:86347:86525 [6] NCCL INFO Allocated shareable buffer 0x7c7000400000 size 2097152 ipcDesc 0x7c7030004dd0
amd-mi355x-5:86347:86525 [6] NCCL INFO proxyProgressAsync opId=0x7c7060401c40 op.type=3 op.reqBuff=0x7c703000a830 op.respSize=88 done
amd-mi355x-5:86347:86409 [6] NCCL INFO ncclPollProxyResponse Received new opId=0x7c7060401c40
amd-mi355x-5:86347:86525 [6] NCCL INFO Received and initiated operation=Setup res=0
amd-mi355x-5:86347:86409 [6] NCCL INFO resp.opId=0x7c7060401c40 matches expected opId=0x7c7060401c40
amd-mi355x-5:86347:86409 [6] NCCL INFO Channel 47/0 : 6[e5000] -> 2[65000] via P2P/IPC comm 0x1c052ed0 nRanks 08
amd-mi355x-5:86347:86525 [6] NCCL INFO New proxy send connection 118 from local rank 6, transport 0
amd-mi355x-5:86347:86525 [6] NCCL INFO proxyProgressAsync opId=0x7c7060401c40 op.type=1 op.reqBuff=0x7c703000a850 op.respSize=16 done
amd-mi355x-5:86347:86409 [6] NCCL INFO ncclPollProxyResponse Received new opId=0x7c7060401c40
amd-mi355x-5:86347:86525 [6] NCCL INFO Received and initiated operation=Init res=0
amd-mi355x-5:86347:86409 [6] NCCL INFO resp.opId=0x7c7060401c40 matches expected opId=0x7c706amd-mi355x-5:86346:86527 [5] NCCL INFO /workspace/rccl/build/release/hipify/src/transport/p2p.cc:248 Cuda Aamd-mi355x-5:86347:86525 [6] NCCL INFO /workspace/rccl/build/release/hipify/src/transport/p2p.cc:248 Cuda Alloc Size 2097152 pointer 0x7c7000000000 flags 3
amd-mi355x-5:86347:86525 [6] NCCL INFO Allocated shareable buffer 0x7c7000000000 size 2097152 ipcDesc 0x7c7030004dd0
amd-mi355x-5:86347:86525 [6] NCCL INFO proxyProgressAsync opId=0x7c7060401c40 op.type=3 op.reqBuff=0x7c7030006c10 op.respSize=88 done
amd-mi355x-5:86347:86409 [6] NCCL INFO ncclPollProxyResponse Received new opId=0x7c7060401c40
amd-mi355x-5:86347:86409 [6] NCCL INFO resp.opId=0x7c7060401c40 matches expected opId=0x7c7060401c40
amd-mi355x-5:86347:86409 [6] NCCL INFO Channel 48/0 : 6[e5000] -> 2[65000] via P2P/IPC comm 0x1c052ed0 nRanks 08
amd-mi355x-5:86347:86525 [6] NCCL INFO Received and initiated operation=Setup res=0
amd-mi355x-5:86347:86525 [6] NCCL INFO New proxy send connection 119 from local rank 6, transport 0
amd-mi355x-5:86347:86525 [6] NCCL INFO proxyProgressAsync opId=0x7c7060401c40 op.type=1 op.reqBuff=0x7c7030016210 op.respSize=16 done
amd-mi355x-5:86347:86409 [6] NCCL INFO ncclPollProxyResponse Received new opId=0x7c7060401c40
amd-mi355x-5:86347:86525 [6] NCCL INFO Received and initiated operation=Init res=0
amd-mi355x-5:86347:86409 [6] NCCL INFO resp.opId=0x7c7060401c40 matches expected opId=0x7c70amd-mi355x-5:86346:86527 [5] NCCL INFO /workspace/rccl/build/release/hipify/src/transport/p2p.cc:248 Cuda Alamd-mi355x-5:86347:86525 [6] NCCL INFO /workspace/rccl/build/release/hipify/src/transport/p2p.cc:248 Cuda Alloc Size 2097152 pointer 0x7c6fffc00000 flags 3
amd-mi355x-5:86347:86525 [6] NCCL INFO Allocated shareable buffer 0x7c6fffc00000 size 2097152 ipcDesc 0x7c7030004dd0
amd-mi355x-5:86347:86525 [6] NCCL INFO proxyProgressAsync opId=0x7c7060401c40 op.type=3 op.reqBuff=0x7c703002b090 op.respSize=88 done
amd-mi355x-5:86347:86409 [6] NCCL INFO ncclPollProxyResponse Received new opId=0x7c7060401c40
amd-mi355x-5:86347:86525 [6] NCCL INFO Received and initiated operation=Setup res=0
amd-mi355x-5:86347:86409 [6] NCCL INFO resp.opId=0x7c7060401c40 matches expected opId=0x7c7060401c40
amd-mi355x-5:86347:86409 [6] NCCL INFO Channel 61/0 : 6[e5000] -> 2[65000] via P2P/IPC comm 0x1c052ed0 nRanks 08
amd-mi355x-5:86347:86525 [6] NCCL INFO New proxy send connection 120 from local rank 6, transport 0
amd-mi355x-5:86347:86525 [6] NCCL INFO proxyProgressAsync opId=0x7c7060401c40 op.type=1 op.reqBuff=0x7c7030031d70 op.respSize=16 done
amd-mi355x-5:86347:86409 [6] NCCL INFO ncclPollProxyResponse Received new opId=0x7c7060401c40
amd-mi355x-5:86347:86525 [6] NCCL INFO Received and initiated operation=Init res=0
amd-mi355x-5:86347:86409 [6] NCCL INFO resp.opId=0x7c7060401c40 matches expected opId=0x7c7amd-mi355x-5:86346:86527 [5] NCCL INFO /workspace/rccl/build/release/hipify/src/transport/p2p.cc:248 Cuda Allamd-mi355x-5:86347:86525 [6] NCCL INFO /workspace/rccl/build/release/hipify/src/transport/p2p.cc:248 Cuda Alloc Size 2097152 pointer 0x7c6fff800000 flags 3
amd-mi355x-5:86347:86525 [6] NCCL INFO Allocated shareable buffer 0x7c6fff800000 size 2097152 ipcDesc 0x7c7030004dd0
amd-mi355x-5:86347:86525 [6] NCCL INFO proxyProgressAsync opId=0x7c7060401c40 op.type=3 op.reqBuff=0x7c703000a630 op.respSize=88 done
amd-mi355x-5:86347:86409 [6] NCCL INFO ncclPollProxyResponse Received new opId=0x7c7060401c40
amd-mi355x-5:86347:86525 [6] NCCL INFO Received and initiated operation=Setup res=0
amd-mi355x-5:86347:86409 [6] NCCL INFO resp.opId=0x7c7060401c40 matches expected opId=0x7c7060401c40
amd-mi355x-5:86347:86409 [6] NCCL INFO Channel 62/0 : 6[e5000] -> 2[65000] via P2P/IPC comm 0x1c052ed0 nRanks 08
amd-mi355x-5:86347:86525 [6] NCCL INFO New proxy send connection 121 from local rank 6, transport 0
amd-mi355x-5:86347:86525 [6] NCCL INFO proxyProgressAsync opId=0x7c7060401c40 op.type=1 op.reqBuff=0x7c7030017dd0 op.respSize=16 done
amd-mi355x-5:86347:86409 [6] NCCL INFO ncclPollProxyResponse Received new opId=0x7c7060401c40
amd-mi355x-5:86347:86409 [6] NCCL INFO resp.opId=0x7c7060401c40 matches expected opId=0x7c7060401c40
amd-mi355x-5:86347:86409 [6] NCCL INFO Connected to proxy localRank 6 ->amd-mi355x-5:86346:86527 [5] NCCL INFO /workspace/rccl/build/release/hipify/src/transport/p2p.cc:248 Cuda Alloamd-mi355x-5:86347:86525 [6] NCCL INFO /workspace/rccl/build/release/hipify/src/transport/p2p.cc:248 Cuda Alloc Size 2097152 pointer 0x7c6fff400000 flags 3
amd-mi355x-5:86347:86525 [6] NCCL INFO Allocated shareable buffer 0x7c6fff400000 size 2097152 ipcDesc 0x7c7030004dd0
amd-mi355x-5:86347:86525 [6] NCCL INFO proxyProgressAsync opId=0x7c7060401c40 op.type=3 op.reqBuff=0x7c7030007750 op.respSize=88 done
amd-mi355x-5:86347:86409 [6] NCCL INFO ncclPollProxyResponse Received new opId=0x7c7060401c40
amd-mi355x-5:86347:86525 [6] NCCL INFO Received and initiated operation=Setup res=0
amd-mi355x-5:86347:86409 [6] NCCL INFO resp.opId=0x7c7060401c40 matches expected opId=0x7c7060401c40
amd-mi355x-5:86347:86409 [6] NCCL INFO Channel 75/0 : 6[e5000] -> 2[65000] via P2P/IPC comm 0x1c052ed0 nRanks 08
amd-mi355x-5:86347:86525 [6] NCCL INFO New proxy send connection 122 from local rank 6, transport 0
amd-mi355x-5:86347:86525 [6] NCCL INFO proxyProgressAsync opId=0x7c7060401c40 op.type=1 op.reqBuff=0x7c7030030f70 op.respSize=16 done
amd-mi355x-5:86347:86409 [6] NCCL INFO ncclPollProxyResponse Received new opId=0x7c7060401c40
amd-mi355x-5:86347:86525 [6] NCCL INFO Received and initiated operation=Init res=0
amd-mi355x-5:86347:86409 [6] NCCL INFO resp.opId=0x7c7060401c40 matches expected opId=0x7amd-mi355x-5:86346:86527 [5] NCCL INFO /workspace/rccl/build/release/hipify/src/transport/p2p.cc:248 Cuda Allocamd-mi355x-5:86347:86525 [6] NCCL INFO /workspace/rccl/build/release/hipify/src/transport/p2p.cc:248 Cuda Alloc Size 2097152 pointer 0x7c6fff000000 flags 3
amd-mi355x-5:86347:86525 [6] NCCL INFO Allocated shareable buffer 0x7c6fff000000 size 2097152 ipcDesc 0x7c7030004dd0
amd-mi355x-5:86347:86525 [6] NCCL INFO proxyProgressAsync opId=0x7c7060401c40 op.type=3 op.reqBuff=0x7c7030037d10 op.respSize=88 done
amd-mi355x-5:86347:86409 [6] NCCL INFO ncclPollProxyResponse Received new opId=0x7c7060401c40
amd-mi355x-5:86347:86525 [6] NCCL INFO Received and initiated operation=Setup res=0
amd-mi355x-5:86347:86409 [6] NCCL INFO resp.opId=0x7c7060401c40 matches expected opId=0x7c7060401c40
amd-mi355x-5:86347:86409 [6] NCCL INFO Channel 76/0 : 6[e5000] -> 2[65000] via P2P/IPC comm 0x1c052ed0 nRanks 08
amd-mi355x-5:86347:86525 [6] NCCL INFO New proxy send connection 123 from local rank 6, transport 0
amd-mi355x-5:86347:86525 [6] NCCL INFO proxyProgressAsync opId=0x7c7060401c40 op.type=1 op.reqBuff=0x7c7030039870 op.respSize=16 done
amd-mi355x-5:86347:86409 [6] NCCL INFO ncclPollProxyResponse Received new opId=0x7c7060401c40
amd-mi355x-5:86347:86409 [6] NCCL INFO resp.opId=0x7c7060401c40 matches expected opId=0x7c7060401c40
amd-mi355x-5:86347:86409 [6] NCCL INFO Connected to proxy localRank 6 amd-mi355x-5:86346:86527 [5] NCCL INFO /workspace/rccl/build/release/hipify/src/transport/p2p.cc:248 Cuda Alloc amd-mi355x-5:86347:86525 [6] NCCL INFO /workspace/rccl/build/release/hipify/src/transport/p2p.cc:248 Cuda Alloc Size 2097152 pointer 0x7c6ffec00000 flags 3
amd-mi355x-5:86347:86525 [6] NCCL INFO Allocated shareable buffer 0x7c6ffec00000 size 2097152 ipcDesc 0x7c7030004dd0
amd-mi355x-5:86347:86525 [6] NCCL INFO proxyProgressAsync opId=0x7c7060401c40 op.type=3 op.reqBuff=0x7c70300398b0 op.respSize=88 done
amd-mi355x-5:86347:86409 [6] NCCL INFO ncclPollProxyResponse Received new opId=0x7c7060401c40
amd-mi355x-5:86347:86525 [6] NCCL INFO Received and initiated operation=Setup res=0
amd-mi355x-5:86347:86409 [6] NCCL INFO resp.opId=0x7c7060401c40 matches expected opId=0x7c7060401c40
amd-mi355x-5:86347:86409 [6] NCCL INFO Channel 89/0 : 6[e5000] -> 2[65000] via P2P/IPC comm 0x1c052ed0 nRanks 08
amd-mi355x-5:86347:86525 [6] NCCL INFO New proxy send connection 124 from local rank 6, transport 0
amd-mi355x-5:86347:86525 [6] NCCL INFO proxyProgressAsync opId=0x7c7060401c40 op.type=1 op.reqBuff=0x7c7030007930 op.respSize=16 done
amd-mi355x-5:86347:86409 [6] NCCL INFO ncclPollProxyResponse Received new opId=0x7c7060401c40
amd-mi355x-5:86347:86525 [6] NCCL INFO Received and initiated operation=Init res=0
amd-mi355x-5:86347:86409 [6] NCCL INFO resp.opId=0x7c7060401c40 matches expected opId=0amd-mi355x-5:86346:86527 [5] NCCL INFO /workspace/rccl/build/release/hipify/src/transport/p2p.cc:248 Cuda Alloc Samd-mi355x-5:86347:86525 [6] NCCL INFO /workspace/rccl/build/release/hipify/src/transport/p2p.cc:248 Cuda Alloc Size 2097152 pointer 0x7c6ffe800000 flags 3
amd-mi355x-5:86347:86525 [6] NCCL INFO Allocated shareable buffer 0x7c6ffe800000 size 2097152 ipcDesc 0x7c7030004dd0
amd-mi355x-5:86347:86525 [6] NCCL INFO proxyProgressAsync opId=0x7c7060401c40 op.type=3 op.reqBuff=0x7c7030007950 op.respSize=88 done
amd-mi355x-5:86347:86409 [6] NCCL INFO ncclPollProxyResponse Received new opId=0x7c7060401c40
amd-mi355x-5:86347:86525 [6] NCCL INFO Received and initiated operation=Setup res=0
amd-mi355x-5:86347:86409 [6] NCCL INFO resp.opId=0x7c7060401c40 matches expected opId=0x7c7060401c40
amd-mi355x-5:86347:86409 [6] NCCL INFO Channel 90/0 : 6[e5000] -> 2[65000] via P2P/IPC comm 0x1c052ed0 nRanks 08
amd-mi355x-5:86347:86525 [6] NCCL INFO New proxy send connection 125 from local rank 6, transport 0
amd-mi355x-5:86347:86525 [6] NCCL INFO proxyProgressAsync opId=0x7c7060401c40 op.type=1 op.reqBuff=0x7c7030007970 op.respSize=16 done
amd-mi355x-5:86347:86409 [6] NCCL INFO ncclPollProxyResponse Received new opId=0x7c7060401c40
amd-mi355x-5:86347:86525 [6] NCCL INFO Received and initiated operation=Init res=0
amd-mi355x-5:86347:86409 [6] NCCL INFO resp.opId=0x7c7060401c40 matches expected opId=amd-mi355x-5:86346:86527 [5] NCCL INFO /workspace/rccl/build/release/hipify/src/transport/p2p.cc:248 Cuda Alloc Siamd-mi355x-5:86347:86525 [6] NCCL INFO /workspace/rccl/build/release/hipify/src/transport/p2p.cc:248 Cuda Alloc Size 2097152 pointer 0x7c6ffe400000 flags 3
amd-mi355x-5:86347:86525 [6] NCCL INFO Allocated shareable buffer 0x7c6ffe400000 size 2097152 ipcDesc 0x7c7030004dd0
amd-mi355x-5:86347:86525 [6] NCCL INFO proxyProgressAsync opId=0x7c7060401c40 op.type=3 op.reqBuff=0x7c7030037d10 op.respSize=88 done
amd-mi355x-5:86347:86409 [6] NCCL INFO ncclPollProxyResponse Received new opId=0x7c7060401c40
amd-mi355x-5:86347:86525 [6] NCCL INFO Received and initiated operation=Setup res=0
amd-mi355x-5:86347:86409 [6] NCCL INFO resp.opId=0x7c7060401c40 matches expected opId=0x7c7060401c40
amd-mi355x-5:86347:86409 [6] NCCL INFO Channel 103/0 : 6[e5000] -> 2[65000] via P2P/IPC comm 0x1c052ed0 nRanks 08
amd-mi355x-5:86347:86525 [6] NCCL INFO New proxy send connection 126 from local rank 6, transport 0
amd-mi355x-5:86347:86525 [6] NCCL INFO proxyProgressAsync opId=0x7c7060401c40 op.type=1 op.reqBuff=0x7c703000a850 op.respSize=16 done
amd-mi355x-5:86347:86409 [6] NCCL INFO ncclPollProxyResponse Received new opId=0x7c7060401c40
amd-mi355x-5:86347:86525 [6] NCCL INFO Received and initiated operation=Init res=0
amd-mi355x-5:86347:86409 [6] NCCL INFO resp.opId=0x7c7060401c40 matches expected opIdamd-mi355x-5:86346:86527 [5] NCCL INFO /workspace/rccl/build/release/hipify/src/transport/p2p.cc:248 Cuda Alloc Sizamd-mi355x-5:86347:86525 [6] NCCL INFO /workspace/rccl/build/release/hipify/src/transport/p2p.cc:248 Cuda Alloc Size 2097152 pointer 0x7c6ffe000000 flags 3
amd-mi355x-5:86347:86525 [6] NCCL INFO Allocated shareable buffer 0x7c6ffe000000 size 2097152 ipcDesc 0x7c7030004dd0
amd-mi355x-5:86347:86525 [6] NCCL INFO proxyProgressAsync opId=0x7c7060401c40 op.type=3 op.reqBuff=0x7c7030009730 op.respSize=88 done
amd-mi355x-5:86347:86409 [6] NCCL INFO ncclPollProxyResponse Received new opId=0x7c7060401c40
amd-mi355x-5:86347:86525 [6] NCCL INFO Received and initiated operation=Setup res=0
amd-mi355x-5:86347:86409 [6] NCCL INFO resp.opId=0x7c7060401c40 matches expected opId=0x7c7060401c40
amd-mi355x-5:86347:86409 [6] NCCL INFO Channel 104/0 : 6[e5000] -> 2[65000] via P2P/IPC comm 0x1c052ed0 nRanks 08
amd-mi355x-5:86347:86525 [6] NCCL INFO New proxy send connection 127 from local rank 6, transport 0
amd-mi355x-5:86347:86525 [6] NCCL INFO proxyProgressAsync opId=0x7c7060401c40 op.type=1 op.reqBuff=0x7c7030017dd0 op.respSize=16 done
amd-mi355x-5:86347:86409 [6] NCCL INFO ncclPollProxyResponse Received new opId=0x7c7060401c40
amd-mi355x-5:86347:86525 [6] NCCL INFO Received and initiated operation=Init res=0
amd-mi355x-5:86347:86409 [6] NCCL INFO resp.opId=0x7c7060401c40 matches expected opIamd-mi355x-5:86346:86527 [5] NCCL INFO /workspace/rccl/build/release/hipify/src/transport/p2p.cc:248 Cuda Alloc Sizeamd-mi355x-5:86347:86525 [6] NCCL INFO /workspace/rccl/build/release/hipify/src/transport/p2p.cc:248 Cuda Alloc Size 2097152 pointer 0x7c6ffdc00000 flags 3
amd-mi355x-5:86347:86525 [6] NCCL INFO Allocated shareable buffer 0x7c6ffdc00000 size 2097152 ipcDesc 0x7c7030004dd0
amd-mi355x-5:86347:86525 [6] NCCL INFO proxyProgressAsync opId=0x7c7060401c40 op.type=3 op.reqBuff=0x7c7030030f70 op.respSize=88 done
amd-mi355x-5:86347:86409 [6] NCCL INFO ncclPollProxyResponse Received new opId=0x7c7060401c40
amd-mi355x-5:86347:86525 [6] NCCL INFO Received and initiated operation=Setup res=0
amd-mi355x-5:86347:86409 [6] NCCL INFO resp.opId=0x7c7amd-mi355x-5:86345:86524 [4] NCCL INFO Mem Realloc old size 8, new size 16 pointer 0x7cf01c042a40
amd-mi355x-5:86345:86524 [4] NCCL INFO New proxy recv connection 128 from local rank 4, transport 0
amd-mi355x-5:86345:86524 [4] NCCL INFO proxyProgressAsync opId=0x7cf04c3fe3c0 op.type=1 op.reqBuff=0x7cf01c00a810 op.respSize=16 done
amd-mi355x-5:86345:86410 [4] NCCL INFO ncclPollProxyResponse Received new opId=0x7cf04c3fe3c0
amd-mi355x-5:86345:86524 [4]amd-mi355x-5:86342:86529 [1] NCCL INFO /workspace/rccl/build/release/hipify/src/transport/p2p.cc:248 Cuda Alloc Size 6291456 pointer 0x718706c00000 flags 3
amd-mi355x-5:86342:86529 [1] Namd-mi355x-5:86346:86527 [5] NCCL INFO /workspace/rccl/build/release/amd-mi355x-5:86345:86524 [4] NCCL INFO /workspace/rccl/build/release/hipify/src/transport/p2p.cc:248 Cuda Alloc Size 6291456 pointer 0x7cefe9400000 flags 3
amd-mi355x-5:86345:86524 [4] NCCL INFO Allocated shareable buffer 0x7cefe9400000 size 6291456 ipcDesc 0x7cf01c004dd0
amd-mi355x-5:86345:86524 [4] NCCL INFO proxyProgressAsync opId=0x7cf04c3fe3c0 op.type=3 op.reqBuff=0x7cf01c028970 op.respSize=88 done
amd-mi355x-5:86345:86524 [4] NCCL INFO Received and initiated operation=Setup res=0
amd-mi355x-5:86345:86410 [4] NCCL INFO ncclPollProxyResponse Received new opId=0x7cf04c3fe3c0
amd-mi355x-5:86345:86410 [4] NCCL INFO resp.opId=0x7cf04c3fe3c0 matches expected opId=0x7cf04c3fe3c0
amd-mi355x-5:86345:86524 [4] NCCL INFO New proxy recv connection 129 from local rank 4, transport 0
amd-mi355x-5:86345:86524 [4] NCCL INFO proxyProgressAsync opId=0x7cf04c3fe3c0 op.type=1 op.reqBuff=0x7cf01c034020 op.respSize=16 done
amd-mi355x-5:86345:86410 [4] NCCL INFO ncclPollProxyResponse Received new opId=0x7cf04c3fe3c0
amd-mi355x-5:86345:86524 [4] NCCL INFO Received and initiated operation=Init res=0
amd-mi355x-5:86345:86410 [4] NCCL INFO resp.opId=0x7cf04c3fe3c0 matches expected opId=0x7cf04c3fe3c0
amd-mi355x-5:86345:86410 [4] Namd-mi355x-5:86346:86527 [5] NCCL INFO /workspace/rccl/build/release/amd-mi355x-5:86345:86524 [4] NCCL INFO /workspace/rccl/build/release/hipify/src/transport/p2p.cc:248 Cuda Alloc Size 6291456 pointer 0x7cefe8c00000 flags 3
amd-mi355x-5:86345:86524 [4] NCCL INFO Allocated shareable buffer 0x7cefe8c00000 size 6291456 ipcDesc 0x7cf01c004dd0
amd-mi355x-5:86345:86524 [4] NCCL INFO proxyProgressAsync opId=0x7cf04c3fe3c0 op.type=3 op.reqBuff=0x7cf01c035d60 op.respSize=88 done
amd-mi355x-5:86345:86410 [4] NCCL INFO ncclPollProxyResponse Received new opId=0x7cf04c3fe3c0
amd-mi355x-5:86345:86524 [4] NCCL INFO Received and initiated operation=Setup res=0
amd-mi355x-5:86345:86410 [4] NCCL INFO resp.opId=0x7cf04c3fe3c0 matches expected opId=0x7cf04c3fe3c0
amd-mi355x-5:86345:86524 [4] NCCL INFO New proxy recv connection 130 from local rank 4, transport 0
amd-mi355x-5:86345:86524 [4] NCCL INFO proxyProgressAsync opId=0x7cf04c3fe3c0 op.type=1 op.reqBuff=0x7cf01c03fa20 op.respSize=16 done
amd-mi355x-5:86345:86410 [4] NCCL INFO ncclPollProxyResponse Received new opId=0x7cf04c3fe3c0
amd-mi355x-5:86345:86524 [4] NCCL INFO Received and initiated operation=Init res=0
amd-mi355x-5:86345:86410 [4] NCCL INFO resp.opId=0x7cf04c3fe3c0 matches expected opId=0x7cf04c3fe3c0
amd-mi355x-5:86345:86410 [4] NCCL INFO Connected to proxy localRank 4 -> connection 0x7cf01c042b50
amd-mi355x-5:86345:86524 [4] NCCL INFO /workspace/rccl/build/release/hipify/src/transport/p2p.cc:248 Cuda Alloc Size 6291456 pointer 0x7cefe8400000 flags 3
amd-mi355x-5:86345:86524 [4] NCCL INFO Allocated shareable buffer 0x7cefe8400000 size 6291456 ipcDesc 0x7cf01c004dd0
amd-mi355x-5:86345:86524 [4] NCCL INFO proxyProgressAsync opId=0x7cf04c3fe3c0 op.type=3 op.reqBuff=0x7cf01c00afc0 op.respSize=88 done
amd-mi355x-5:86345:86410 [4] NCCL INFO ncclPollProxyResponse Received new opId=0x7cf04c3fe3c0
amd-mi355x-5:86345:86524 [4] NCCL INFO Received and initiated operation=Setup res=0
amd-mi355x-5:86345:86410 [4] NCCL INFO resp.opId=0x7cf04c3fe3c0 matches expected opId=0x7cf04c3fe3c0
amd-mi355x-5:86345:86524 [4] NCCL INFO New proxy recv connection 131 from local rank 4, transport 0
amd-mi355x-5:86345:86524 [4] NCCL INFO proxyProgressAsync opId=0x7cf04c3fe3c0 op.type=1 op.reqBuff=0x7cf01c038410 op.respSize=16 done
amd-mi355x-5:86345:86410 [4] NCCL INFO ncclPollProxyResponse Received new opId=0x7cf04c3fe3c0
amd-mi355x-5:86345:86524 [4] NCCL INFO Received and initiated operation=Init res=0
amd-mi355x-5:86345:86410 [4] NCCL INFO resp.opId=0x7cf04c3fe3c0 matches expected opId=0x7cf04c3fe3c0
amd-mi355x-5:86345:86410 [4] NCCL INFO Connected to proxy localRank 4 -> connection 0x7cf01c042bc8
amd-mi355x-5:86345:86524 [4] NCCL INFO /workspace/rccl/build/release/hipify/src/transport/p2p.cc:248 Cuda Alloc Size 6291456 pointer 0x7cefe7c00000 flags 3
amd-mi355x-5:86345:86524 [4] NCCL INFO Allocated shareable buffer 0x7cefe7c00000 size 6291456 ipcDesc 0x7cf01c004dd0
amd-mi355x-5:86345:86524 [4] NCCL INFO proxyProgressAsync opId=0x7cf04c3fe3c0 op.type=3 op.reqBuff=0x7cf01c0129f0 op.respSize=88 done
amd-mi355x-5:86345:86410 [4] NCCL INFO ncclPollProxyResponse Received new opId=0x7cf04c3fe3c0
amd-mi355x-5:86345:86524 [4] NCCL INFO Received and initiated operation=Setup res=0
amd-mi355x-5:86345:86410 [4] NCCL INFO resp.opId=0x7cf04c3fe3c0 matches expected opId=0x7cf04c3fe3c0
amd-mi355x-5:86345:86524 [4] NCCL INFO New proxy recv connection 132 from local rank 4, transport 0
amd-mi355x-5:86345:86524 [4] NCCL INFO proxyProgressAsync opId=0x7cf04c3fe3c0 op.type=1 op.reqBuff=0x7cf01c016270 op.respSize=16 done
amd-mi355x-5:86345:86410 [4] NCCL INFO ncclPollProxyResponse Received new opId=0x7cf04c3fe3c0
amd-mi355x-5:86345:86524 [4] NCCL INFO Received and initiated operation=Init res=0
amd-mi355x-5:86345:86410 [4] NCCL INFO resp.opId=0x7cf04c3fe3c0 matches expected opId=0x7cf04c3fe3c0
amd-mi355x-5:86345:86410 [4] NCCL INFO Connected to proxy localRank 4 -> connection 0x7cf01c042c40
amd-mi355x-5:86345:86524 [4] NCCL INFO /workspace/rccl/build/release/hipify/src/transport/p2p.cc:248 Cuda Alloc Size 6291456 pointer 0x7cefe7400000 flags 3
amd-mi355x-5:86345:86524 [4] NCCL INFO Allocated shareable buffer 0x7cefe7400000 size 6291456 ipcDesc 0x7cf01c004dd0
amd-mi355x-5:86345:86524 [4] NCCL INFO proxyProgressAsync opId=0x7cf04c3fe3c0 op.type=3 op.reqBuff=0x7cf01c039f90 op.respSize=88 done
amd-mi355x-5:86345:86410 [4] NCCL INFO ncclPollProxyResponse Received new opId=0x7cf04c3fe3c0
amd-mi355x-5:86345:86524 [4] NCCL INFO Received and initiated operation=Setup res=0
amd-mi355x-5:86345:86410 [4] NCCL INFO resp.opId=0x7cf04c3fe3c0 matches expected opId=0x7cf04c3fe3c0
amd-mi355x-5:86345:86524 [4] NCCL INFO New proxy recv connection 133 from local rank 4, transport 0
amd-mi355x-5:86345:86524 [4] NCCL INFO proxyProgressAsync opId=0x7cf04c3fe3c0 op.type=1 op.reqBuff=0x7cf01c033920 op.respSize=16 done
amd-mi355x-5:86345:86410 [4] NCCL INFO ncclPollProxyResponse Received new opId=0x7cf04c3fe3c0
amd-mi355x-5:86345:86524 [4] NCCL INFO Received and initiated operation=Init res=0
amd-mi355x-5:86345:86410 [4] NCCL INFO resp.opId=0x7cf04c3fe3c0 matches expected opId=0x7cf04c3fe3c0
amd-mi355x-5:86345:86410 [4] NCCL INFO Connected to proxy localRank 4 -> connection 0x7cf01c042cb8
amd-mi355x-5:86345:86524 [4] NCCL INFO /workspace/rccl/build/release/hipify/src/transport/p2p.cc:248 Cuda Alloc Size 6291456 pointer 0x7cefe6c00000 flags 3
amd-mi355x-5:86345:86524 [4] NCCL INFO Allocated shareable buffer 0x7cefe6c00000 size 6291456 ipcDesc 0x7cf01c004dd0
amd-mi355x-5:86345:86524 [4] NCCL INFO proxyProgressAsync opId=0x7cf04c3fe3c0 op.type=3 op.reqBuff=0x7cf01c0090c0 op.respSize=88 done
amd-mi355x-5:86345:86410 [4] NCCL INFO ncclPollProxyResponse Received new opId=0x7cf04c3fe3c0
amd-mi355x-5:86345:86524 [4] NCCL INFO Received and initiated operation=Setup res=0
amd-mi355x-5:86345:86410 [4] NCCL INFO resp.opId=0x7cf04c3fe3c0 matches expected opId=0x7cf04c3fe3c0
amd-mi355x-5:86345:86524 [4] NCCL INFO New proxy recv connection 134 from local rank 4, transport 0
amd-mi355x-5:86345:86524 [4] NCCL INFO proxyProgressAsync opId=0x7cf04c3fe3c0 op.type=1 op.reqBuff=0x7cf01c039f90 op.respSize=16 done
amd-mi355x-5:86345:86410 [4] NCCL INFO ncclPollProxyResponse Received new opId=0x7cf04c3fe3c0
amd-mi355x-5:86345:86524 [4] NCCL INFO Received and initiated operation=Init res=0
amd-mi355x-5:86345:86410 [4] NCCL INFO resp.opId=0x7cf04c3fe3c0 matches expected opId=0x7cf04c3fe3c0
amd-mi355x-5:86345:86410 [4] NCCL INFO Connected to proxy localRank 4 -> connection 0x7cf01c042d30
amd-mi355x-5:86345:86524 [4] NCCL INFO /workspace/rccl/build/release/hipify/src/transport/p2p.cc:248 Cuda Alloc Size 6291456 pointer 0x7cefe6400000 flags 3
amd-mi355x-5:86345:86524 [4] NCCL INFO Allocated shareable buffer 0x7cefe6400000 size 6291456 ipcDesc 0x7cf01c004dd0
amd-mi355x-5:86345:86524 [4] NCCL INFO proxyProgressAsync opId=0x7cf04c3fe3c0 op.type=3 op.reqBuff=0x7cf01c026c90 op.respSize=88 done
amd-mi355x-5:86345:86410 [4] NCCL INFO ncclPollProxyResponse Received new opId=0x7cf04c3fe3c0
amd-mi355x-5:86345:86524 [4] NCCL INFO Received and initiated operation=Setup res=0
amd-mi355x-5:86345:86410 [4] NCCL INFO resp.opId=0x7cf04c3fe3c0 matches expected opId=0x7cf04c3fe3c0
amd-mi355x-5:86345:86524 [4] NCCL INFO New proxy recv connection 135 from local rank 4, transport 0
amd-mi355x-5:86345:86524 [4] NCCL INFO proxyProgressAsync opId=0x7cf04c3fe3c0 op.type=1 op.reqBuff=0x7cf01c035d60 op.respSize=16 done
amd-mi355x-5:86345:86410 [4] NCCL INFO ncclPollProxyResponse Received new opId=0x7cf04c3fe3c0
amd-mi355x-5:86345:86524 [4] NCCL INFO Received and initiated operation=Init res=0
amd-mi355x-5:86345:86410 [4] NCCL INFO resp.opId=0x7cf04c3fe3c0 matches expected opId=0x7cf04c3fe3c0
amd-mi355x-5:86345:86410 [4] NCCL INFO Connected to proxy localRank 4 -> connection 0x7cf01c042da8
amd-mi355x-5:86345:86524 [4] NCCL INFO /workspace/rccl/build/release/hipify/src/transport/p2p.cc:248 Cuda Alloc Size 6291456 pointer 0x7cefe5c00000 flags 3
amd-mi355x-5:86345:86524 [4] NCCL INFO Allocated shareable buffer 0x7cefe5c00000 size 6291456 ipcDesc 0x7cf01c004dd0
amd-mi355x-5:86345:86524 [4] NCCL INFO proxyProgressAsync opId=0x7cf04c3fe3c0 op.type=3 op.reqBuff=0x7cf01c03fa20 op.respSize=88 done
amd-mi355x-5:86345:86410 [4] NCCL INFO ncclPollProxyResponse Received new opId=0x7cf04c3fe3c0
amd-mi355x-5:86345:86524 [4] NCCL INFO Received and initiated operation=Setup res=0
amd-mi355x-5:86345:86410 [4] NCCL INFO resp.opId=0x7cf04c3fe3c0 matches expected opId=0x7cf04c3fe3c0
amd-mi355x-5:86345:86524 [4] NCCL INFO New proxy recv connection 136 from local rank 4, transport 0
amd-mi355x-5:86345:86524 [4] NCCL INFO proxyProgressAsync opId=0x7cf04c3fe3c0 op.type=1 op.reqBuff=0x7cf01c03fee0 op.respSize=16 done
amd-mi355x-5:86345:86410 [4] NCCL INFO ncclPollProxyResponse Received new opId=0x7cf04c3fe3c0
amd-mi355x-5:86345:86524 [4] NCCL INFO Received and initiated operation=Init res=0
amd-mi355x-5:86345:86410 [4] NCCL INFO resp.opId=0x7cf04c3fe3c0 matches expected opId=0x7cf04c3fe3c0
amd-mi355x-5:86345:86410 [4] NCCL INFO Connected to proxy localRank 4 -> connection 0x7cf01c042e20
amd-mi355x-5:86345:86524 [4] NCCL INFO /workspace/rccl/build/release/hipify/src/transport/p2p.cc:248 Cuda Alloc Size 6291456 pointer 0x7cefe5400000 flags 3
amd-mi355x-5:86345:86524 [4] NCCL INFO Allocated shareable buffer 0x7cefe5400000 size 6291456 ipcDesc 0x7cf01c004dd0
amd-mi355x-5:86345:86524 [4] NCCL INFO proxyProgressAsync opId=0x7cf04c3fe3c0 op.type=3 op.reqBuff=0x7cf01c03ff20 op.respSize=88 done
amd-mi355x-5:86345:86410 [4] NCCL INFO ncclPollProxyResponse Received new opId=0x7cf04c3fe3c0
amd-mi355x-5:86345:86524 [4] NCCL INFO Received and initiated operation=Setup res=0
amd-mi355x-5:86345:86410 [4] NCCL INFO resp.opId=0x7cf04c3fe3c0 matches expected opId=0x7cf04c3fe3c0
amd-mi355x-5:86345:86524 [4] NCCL INFO New proxy recv connection 137 from local rank 4, transport 0
amd-mi355x-5:86345:86524 [4] NCCL INFO proxyProgressAsync opId=0x7cf04c3fe3c0 op.type=1 op.reqBuff=0x7cf01c00a940 op.respSize=16 done
amd-mi355x-5:86345:86410 [4] NCCL INFO ncclPollProxyResponse Received new opId=0x7cf04c3fe3c0
amd-mi355x-5:86345:86524 [4] NCCL INFO Received and initiated operation=Init res=0
amd-mi355x-5:86345:86410 [4] NCCL INFO resp.opId=0x7cf04c3fe3c0 matches expected opId=0x7cf04c3fe3c0
amd-mi355x-5:86345:86410 [4] Namd-mi355x-5:86346:86527 [5] NCCL INFO /workspace/rccl/build/release/amd-mi355x-5:86345:86524 [4] NCCL INFO /workspace/rccl/build/release/hipify/src/transport/p2p.cc:248 Cuda Alloc Size 6291456 pointer 0x7cefe4c00000 flags 3
amd-mi355x-5:86345:86524 [4] NCCL INFO Allocated shareable buffer 0x7cefe4c00000 size 6291456 ipcDesc 0x7cf01c004dd0
amd-mi355x-5:86345:86524 [4] NCCL INFO proxyProgressAsync opId=0x7cf04c3fe3c0 op.type=3 op.reqBuff=0x7cf01c03cf30 op.respSize=88 done
amd-mi355x-5:86345:86410 [4] NCCL INFO ncclPollProxyResponse Received new opId=0x7cf04c3fe3c0
amd-mi355x-5:86345:86410 [4] NCCL INFO resp.opId=0x7cf04c3fe3c0 matches expected opId=0x7cf04c3fe3c0
amd-mi355x-5:86345:86524 [4] NCCL INFO Received and initiated operation=Setup res=0
amd-mi355x-5:86345:86524 [4] NCCL INFO New proxy recv connection 138 from local rank 4, transport 0
amd-mi355x-5:86345:86524 [4] NCCL INFO proxyProgressAsync opId=0x7cf04c3fe3c0 op.type=1 op.reqBuff=0x7cf01c039f90 op.respSize=16 done
amd-mi355x-5:86345:86410 [4] NCCL INFO ncclPollProxyResponse Received new opId=0x7cf04c3fe3c0
amd-mi355x-5:86345:86524 [4] NCCL INFO Received and initiated operation=Init res=0
amd-mi355x-5:86345:86410 [4] NCCL INFO resp.opId=0x7cf04c3fe3c0 matches expected opId=0x7cf04c3fe3c0
amd-mi355x-5:86345:86410 [4] Namd-mi355x-5:86346:86527 [5] NCCL INFO /workspace/rccl/build/release/amd-mi355x-5:86345:86524 [4] NCCL INFO /workspace/rccl/build/release/hipify/src/transport/p2p.cc:248 Cuda Alloc Size 6291456 pointer 0x7cefe4400000 flags 3
amd-mi355x-5:86345:86524 [4] NCCL INFO Allocated shareable buffer 0x7cefe4400000 size 6291456 ipcDesc 0x7cf01c004dd0
amd-mi355x-5:86345:86524 [4] NCCL INFO proxyProgressAsync opId=0x7cf04c3fe3c0 op.type=3 op.reqBuff=0x7cf01c039930 op.respSize=88 done
amd-mi355x-5:86345:86410 [4] NCCL INFO ncclPollProxyResponse Received new opId=0x7cf04c3fe3c0
amd-mi355x-5:86345:86524 [4] NCCL INFO Received and initiated operation=Setup res=0
amd-mi355x-5:86345:86410 [4] NCCL INFO resp.opId=0x7cf04c3fe3c0 matches expected opId=0x7cf04c3fe3c0
amd-mi355x-5:86345:86524 [4] NCCL INFO New proxy recv connection 139 from local rank 4, transport 0
amd-mi355x-5:86345:86524 [4] NCCL INFO proxyProgressAsync opId=0x7cf04c3fe3c0 op.type=1 op.reqBuff=0x7cf01c00af30 op.respSize=16 done
amd-mi355x-5:86345:86410 [4] NCCL INFO ncclPollProxyResponse Received new opId=0x7cf04c3fe3c0
amd-mi355x-5:86345:86524 [4] NCCL INFO Received and initiated operation=Init res=0
amd-mi355x-5:86345:86410 [4] NCCL INFO resp.opId=0x7cf04c3fe3c0 matches expected opId=0x7cf04c3fe3c0
amd-mi355x-5:86345:86410 [4] Namd-mi355x-5:86346:86527 [5] NCCL INFO /workspace/rccl/build/release/amd-mi355x-5:86345:86524 [4] NCCL INFO /workspaamd-mi355x-5:86347:86525 [6] NCCL INFO /workspace/rccl/build/release/hipify/src/transport/p2p.cc:248 Cuda Alloc Size 6291456 pointer 0x7c6ff7c00000 flags 3
amd-mi355x-5:86347:86525 [6] NCCL INFO Allocated shareable buffer 0x7c6ff7c00000 size 6291456 ipcDesc 0x7c7030004dd0
amd-mi355x-5:86347:86525 [6] NCCL INFO proxyProgressAsync opId=0x7c7060401c40 op.type=3 op.reqBuff=0x7c703003ae00 op.respSize=88 done
amd-mi355x-5:86347:86409 [6] NCCL INFamd-mi355x-5:86345:86410 [4] NCCL INFO ncclPollProxyResponse Received new opId=0x7cf04c3fe3c0
amd-mi355x-5:86345:86410 [4] NCCL INFO resp.opId=0x7cf04c3fe3c0 matches expected opId=0x7cf04c3fe3c0
amd-mi355x-5:86345:86524 [4] NCCL INFO New proxy recv connection 140 from local rank 4, transport 0
amd-mi355x-5:86345:86524 [4] NCCL INFO proxyProgressAsync opId=0x7cf04c3fe3c0 op.type=1 op.reqBuff=0x7cf01c030a00 op.respSize=16 done
amd-mi355x-5:86345:86410 [4] NCCL INFO ncclPollProxyResponse Received new opId=0x7cf04c3fe3c0
amd-mi355x-5:86345:86524 [4] NCCL INFO Received and initiated operation=Init res=0
amd-mi355x-5:86345:86410 [4] NCCL INFO resp.opId=0x7cf04c3fe3c0 matches expected opId=0x7cf04c3fe3c0
amd-mi355x-5:86345:86410 [4] NCCL INFO Connected to proxy localRank 4 -> connection 0x7cf01c043000
amd-mi355x-5:86345:86524 [4] NCCL INFO /workspace/rccl/build/release/hipify/src/transport/p2p.cc:248 Cuda Alloc Size 6291456 pointer 0x7cefe3400000 flags 3
amd-mi355x-5:86345:86524 [4] NCCL INFO Allocated shareable buffer 0x7cefe3400000 size 6291456 ipcDesc 0x7cf01c004dd0
amd-mi355x-5:86345:86524 [4] NCCL INFO proxyProgressAsync opId=0x7cf04c3fe3c0 op.type=3 op.reqBuff=0x7cf01c033940 op.respSize=88 done
amd-mi355x-5:86345:86410 [4] NCCL INFO ncclPollProxyResponse Received new opId=0x7cf04c3fe3c0
amd-mi355x-5:86345:86524 [4] NCCL INFO Received and initiated operation=Setup res=0
amd-mi355x-5:86345:86410 [4] NCCL INFO resp.opId=0x7cf04c3fe3c0 matches expected opId=0x7cf04c3fe3c0
amd-mi355x-5:86345:86524 [4] NCCL INFO New proxy recv connection 141 from local rank 4, transport 0
amd-mi355x-5:86345:86524 [4] NCCL INFO proxyProgressAsync opId=0x7cf04c3fe3c0 op.type=1 op.reqBuff=0x7cf01c022f90 op.respSize=16 done
amd-mi355x-5:86345:86410 [4] NCCL INFO ncclPollProxyResponse Received new opId=0x7cf04c3fe3c0
amd-mi355x-5:86345:86524 [4] NCCL INFO Received and initiated operation=Init res=0
amd-mi355x-5:86345:86410 [4] NCCL INFO resp.opId=0x7cf04c3fe3c0 matches expected opId=0x7cf04c3fe3c0
amd-mi355x-5:86345:86410 [4] Namd-mi355x-5:86346:86527 [5] NCCL INFO /workspace/rccl/build/release/amd-mi355x-5:86345:86524 [4] NCCL INFO /workspace/rccl/build/release/hipify/src/transport/p2p.cc:248 Cuda Alloc Size 6291456 pointer 0x7cefe2c00000 flags 3
amd-mi355x-5:86345:86524 [4] NCCL INFO Allocated shareable buffer 0x7cefe2c00000 size 6291456 ipcDesc 0x7cf01c004dd0
amd-mi355x-5:86345:86524 [4] NCCL INFO proxyProgressAsync opId=0x7cf04c3fe3c0 op.type=3 op.reqBuff=0x7cf01c022fd0 op.respSize=88 done
amd-mi355x-5:86345:86410 [4] NCCL INFO ncclPollProxyResponse Received new opId=0x7cf04c3fe3c0
amd-mi355x-5:86345:86524 [4] NCCL INFO Received and initiated operation=Setup res=0
amd-mi355x-5:86345:86410 [4] NCCL INFO resp.opId=0x7cf04c3fe3c0 matches expected opId=0x7cf04c3fe3c0
amd-mi355x-5:86345:86524 [4] NCCL INFO New proxy recv connection 142 from local rank 4, transport 0
amd-mi355x-5:86345:86524 [4] NCCL INFO proxyProgressAsync opId=0x7cf04c3fe3c0 op.type=1 op.reqBuff=0x7cf01c033940 op.respSize=16 done
amd-mi355x-5:86345:86410 [4] NCCL INFO ncclPollProxyResponse Received new opId=0x7cf04c3fe3c0
amd-mi355x-5:86345:86524 [4] NCCL INFO Received and initiated operation=Init res=0
amd-mi355x-5:86345:86410 [4] NCCL INFO resp.opId=0x7cf04c3fe3c0 matches expected opId=0x7cf04c3fe3c0
amd-mi355x-5:86345:86410 [4] Namd-mi355x-5:86346:86527 [5] NCCL INFO /workspace/rccl/build/release/amd-mi355x-5:86345:86524 [4] NCCL INFO /workspace/rccl/build/release/hipify/src/transport/p2p.cc:248 Cuda Alloc Size 6291456 pointer 0x7cefe2400000 flags 3
amd-mi355x-5:86345:86524 [4] NCCL INFO Allocated shareable buffer 0x7cefe2400000 size 6291456 ipcDesc 0x7cf01c004dd0
amd-mi355x-5:86345:86524 [4] NCCL INFO proxyProgressAsync opId=0x7cf04c3fe3c0 op.type=3 op.reqBuff=0x7cf01c02c410 op.respSize=88 done
amd-mi355x-5:86345:86410 [4] NCCL INFO ncclPollProxyResponse Received new opId=0x7cf04c3fe3c0
amd-mi355x-5:86345:86524 [4] NCCL INFO Received and initiated operation=Setup res=0
amd-mi355x-5:86345:86410 [4] NCCL INFO resp.opId=0x7cf04c3fe3c0 matches expected opId=0x7cf04c3fe3c0
amd-mi355x-5:86345:86524 [4] NCCL INFO New proxy recv connection 143 from local rank 4, transport 0
amd-mi355x-5:86345:86524 [4] NCCL INFO proxyProgressAsync opId=0x7cf04c3fe3c0 op.type=1 op.reqBuff=0x7cf01c030a00 op.respSize=16 done
amd-mi355x-5:86345:86410 [4] NCCL INFO ncclPollProxyResponse Received new opId=0x7cf04c3fe3c0
amd-mi355x-5:86345:86524 [4] NCCL INFO Received and initiated operation=Init res=0
amd-mi355x-5:86345:86410 [4] NCCL INFO resp.opId=0x7cf04c3fe3c0 matches expected opId=0x7cf04c3fe3c0
amd-mi355x-5:86345:86410 [4] Namd-mi355x-5:86346:86527 [5] NCCL INFO /workspace/rccl/build/release/amd-mi355x-5:86345:86524 [4] NCCL INFO /workspace/rccl/build/release/hipify/src/transport/p2p.cc:248 Cuda Alloc Size 6291456 pointer 0x7cefe1c00000 flags 3
amd-mi355x-5:86345:86524 [4] NCCL INFO Allocated shareable buffer 0x7cefe1c00000 size 6291456 ipcDesc 0x7cf01c004dd0
amd-mi355x-5:86345:86524 [4] NCCL INFO proxyProgressAsync opId=0x7cf04c3fe3c0 op.type=3 op.reqBuff=0x7cf01c008490 op.respSize=88 done
amd-mi355x-5:86345:86410 [4] NCCL INFO ncclPollProxyResponse Received new opId=0x7cf04c3fe3c0
amd-mi355x-5:86345:86524 [4] NCCL INFO Received and initiated operation=Setup res=0
amd-mi355x-5:86345:86410 [4] NCCL INFO resp.opId=0x7cf04c3fe3c0 matches expected opId=0x7cf04c3fe3c0
amd-mi355x-5:86345:86410 [4] NCCL INFO Channel 02/0 : 4[85000] -> 1[15000] via P2P/IPC comm 0x3c6f2ba0 nRanks 08
amd-mi355x-5:86345:86524 [4] NCCL INFO New proxy send connection 144 from local rank 4, transport 0
amd-mi355x-5:86345:86524 [4] NCCL INFO proxyProgressAsync opId=0x7cf04c3fe3c0 op.type=1 op.reqBuff=0x7cf01c009730 op.respSize=16 done
amd-mi355x-5:86345:86410 [4] NCCL INFO ncclPollProxyResponse Received new opId=0x7cf04c3fe3c0
amd-mi355x-5:86345:86524 [4] NCCL INFO Received and initiated operation=Init res=0
amd-mi355x-5:86345:86410 [4] NCCL INFO resp.opId=0x7cf04c3fe3c0 matches expected opId=0x7cf04c3fe3c0
amd-mi355x-5:86345:86410 [4] amd-mi355x-5:86346:86527 [5] NCCL INFO /workspace/rccl/build/release/hamd-mi355x-5:86345:86524 [4] NCCL INFO /workspaamd-mi355x-5:86347:86525 [6] NCCL INFO /workspace/rccl/build/release/hipify/src/transport/p2p.cc:248 Cuda Alloc Size 2097152 pointer 0x7c6ff5800000 flags 3
amd-mi355x-5:86347:86525 [6] NCCL INFO Allocated shareable buffer 0x7c6ff5800000 size 2097152 ipcDesc 0x7c7030004dd0
amd-mi355x-5:86347:86525 [6] NCCL INFO proxyProgressAsync opId=0x7c7060401c40 op.type=3 op.reqBuff=0x7c7030037d50 op.respSize=88 done
amd-mi355x-5:86347:86409 [6] NCCL INFO ncclPollProxyResponse Received new opId=0x7c7060401c40
amd-mi355x-5:86347:86525 [6] NCCL INFO Received and initiated operation=Setup res=0
amd-mi355x-5:86347:86409 [6] NCCL INFO resp.opId=0x7c7060401c40 matches expected opId=0x7c7060401c40
amd-mi355x-5:86347:86409 [6] NCCL INFO Channel 13/0 : 6[e5000] -> 3[75000] via P2P/IPC comm 0x1c052ed0 nRanks 08
amd-mi355x-5:86347:86525 [6] NCCL INFO New proxy send connection 145 from local rank 6, transport 0
amd-mi355x-5:86347:86525 [6] NCCL INFO proxyProgressAsync opId=0x7c7060401c40 op.type=1 op.reqBuff=0x7c7030024900 op.respSize=16 done
amd-mi355x-5:86347:86409 [6] NCCL INFO ncclPollProxyResponse Received new opId=0x7c7060401c40
amd-mi355x-5:86347:86525 [6] NCCL INFO Received and initiated operation=Init res=0
amd-mi355x-5:86347:86409 [6] NCCL INFO resp.opId=0x7c7060401c40 matches expected oamd-mi355x-5:86346:86527 [5] NCCL INFO /workspace/rccl/build/release/hiamd-mi355x-5:86345:86524 [4] NCCL INFO /workspaamd-mi355x-5:86347:86525 [6] NCCL INFO /workspace/rccl/build/release/hipify/src/transport/p2p.cc:248 Cuda Alloc Size 2097152 pointer 0x7c6ff5400000 flags 3
amd-mi355x-5:86347:86525 [6] NCCL INFO Allocated shareable buffer 0x7c6ff5400000 size 2097152 ipcDesc 0x7c7030004dd0
amd-mi355x-5:86347:86525 [6] NCCL INFO proxyProgressAsync opId=0x7c7060401c40 op.type=3 op.reqBuff=0x7c7030024940 op.respSize=88 done
amd-mi355x-5:86347:86409 [6] NCCL INFO ncclPollProxyResponse Received new opId=0x7c7060401c40
amd-mi355x-5:86347:86525 [6] NCCL INFO Received and initiated operation=Setup res=0
amd-mi355x-5:86347:86409 [6] NCCL INFO resp.opId=0x7c7060401c40 matches expected opId=0x7c7060401c40
amd-mi355x-5:86347:86409 [6] NCCL INFO Channel 23/0 : 6[e5000] -> 3[75000] via P2P/IPC comm 0x1c052ed0 nRanks 08
amd-mi355x-5:86347:86525 [6] NCCL INFO New proxy send connection 146 from local rank 6, transport 0
amd-mi355x-5:86347:86525 [6] NCCL INFO proxyProgressAsync opId=0x7c7060401c40 op.type=1 op.reqBuff=0x7c7030018bb0 op.respSize=16 done
amd-mi355x-5:86347:86409 [6] NCCL INFO ncclPollProxyResponse Received new opId=0x7c7060401c40
amd-mi355x-5:86347:86525 [6] NCCL INFO Received and initiated operation=Init res=0
amd-mi355x-5:86347:86409 [6] NCCL INFO resp.opId=0x7c7060401c40 matches expected amd-mi355x-5:86346:86527 [5] NCCL INFO /workspace/rccl/build/release/hipamd-mi355x-5:86345:86524 [4] NCCL INFO /workspaamd-mi355x-5:86347:86525 [6] NCCL INFO /workspace/rccl/build/release/hipify/src/transport/p2p.cc:248 Cuda Allamd-mi355x-5:86345:86524 [4] NCCL INFO Allocated shareable buffer 0x7cefe1000000 size 2097152 ipcDesc 0x7cf01c004dd0
amd-mi355x-5:86345:86524 [4] NCCL INFO proxyProgressAsync opId=0x7cf04c3fe3c0 op.type=3 op.reqBuff=0x7cf01c038410 op.respSize=88 done
amd-mi355x-5:86345:86410 [4] NCCL INFO ncclPollProxyResponse Received new opId=0x7cf04c3fe3c0
amd-mi355x-5:86345:86524 [4] NCCL INFO Received and initiated operation=Setup res=0
amd-mi355x-5:86345:86410 [4] NCCL INFO resp.opId=0x7cf04c3fe3c0 matches expected opId=0x7cf04c3fe3c0
amd-mi355x-5:86345:86410 [4] NCCL INFO Channel 20/0 : 4[85000] -> 1[15000] via P2P/IPC comm 0x3c6f2ba0 nRanks 08
amd-mi355x-5:86345:86524 [4] NCCL INFO New proxy send connection 147 from local rank 4, transport 0
amd-mi355x-5:86345:86524 [4] NCCL INFO proxyProgressAsync opId=0x7cf04c3fe3c0 op.type=1 op.reqBuff=0x7cf01c035be0 op.respSize=16 done
amd-mi355x-5:86345:86410 [4] NCCL INFO ncclPollProxyResponse Received new opId=0x7cf04c3fe3c0
amd-mi355x-5:86345:86524 [4] NCCL INFO Received and initiated operation=Init res=0
amd-mi355x-5:86345:86410 [4] NCCL INFO resp.opId=0x7cf04c3fe3c0 matches expected opId=0x7cf04c3fe3c0
amd-mi355x-5:86345:86410 [amd-mi355x-5:86346:86527 [5] NCCL INFO /workspace/rccl/build/release/hipiamd-mi355x-5:86345:86524 [4] NCCL INFO /workspace/rccl/build/release/hipify/src/transport/p2p.cc:248 Cuda Alloc Size 2097152 pointer 0x7cefe0c00000 flags 3
amd-mi355x-5:86345:86524 [4] NCCL INFO Allocated shareable buffer 0x7cefe0c00000 size 2097152 ipcDesc 0x7cf01c004dd0
amd-mi355x-5:86345:86524 [4] NCCL INFO proxyProgressAsync opId=0x7cf04c3fe3c0 op.type=3 op.reqBuff=0x7cf01c009730 op.respSize=88 done
amd-mi355x-5:86345:86410 [4] NCCL INFO ncclPollProxyResponse Received new opId=0x7cf04c3fe3c0
amd-mi355x-5:86345:86524 [4] NCCL INFO Received and initiated operation=Setup res=0
amd-mi355x-5:86345:86410 [4] NCCL INFO resp.opId=0x7cf04c3fe3c0 matches expected opId=0x7cf04c3fe3c0
amd-mi355x-5:86345:86410 [4] NCCL INFO Channel 30/0 : 4[85000] -> 1[15000] via P2P/IPC comm 0x3c6f2ba0 nRanks 08
amd-mi355x-5:86345:86524 [4] NCCL INFO New proxy send connection 148 from local rank 4, transport 0
amd-mi355x-5:86345:86524 [4] NCCL INFO proxyProgressAsync opId=0x7cf04c3fe3c0 op.type=1 op.reqBuff=0x7cf01c042070 op.respSize=16 done
amd-mi355x-5:86345:86410 [4] NCCL INFO ncclPollProxyResponse Received new opId=0x7cf04c3fe3c0
amd-mi355x-5:86345:86524 [4] NCCL INFO Received and initiated operation=Init res=0
amd-mi355x-5:86345:86410 [4] NCCL INFO resp.opId=0x7cf04c3fe3c0 matches expected opId=0x7cf04c3fe3c0
amd-mi355x-5:86345:86410 [4] NCCL INFO Connected to proxy localRank 4 -> connection 0x7cf01c0433c0
amd-mi355x-5:86345:86524 [4] NCCL INFO /workspace/rccl/build/release/hipify/src/transport/p2p.cc:248 Cuda Alloc Size 2097152 pointer 0x7cefe0800000 flags 3
amd-mi355x-5:86345:86524 [4] NCCL INFO Allocated shareable buffer 0x7cefe0800000 size 2097152 ipcDesc 0x7cf01c004dd0
amd-mi355x-5:86345:86524 [4] NCCL INFO proxyProgressAsync opId=0x7cf04c3fe3c0 op.type=3 op.reqBuff=0x7cf01c0420b0 op.respSize=88 done
amd-mi355x-5:86345:86410 [4] NCCL INFO ncclPollProxyResponse Received new opId=0x7cf04c3fe3c0
amd-mi355x-5:86345:86524 [4] NCCL INFO Received and initiated operation=Setup res=0
amd-mi355x-5:86345:86410 [4] NCCL INFO resp.opId=0x7cf04c3fe3c0 matches expected opId=0x7cf04c3fe3c0
