amd-mi355x-5:86348:86532 [7] NCCL INFO proxyProgressAsync opId=0x7e03b848cd80 op.type=1 op.reqBuff=0x7e0388010e50 op.respSize=16 done
amd-mi355x-5:86348:86413 [7] NCCL INFO ncclPollProxyResponse Received new opId=0x7e03b848cd80
amd-mi355x-5:86348:86532 [7] NCCL INFO Received and initiated operation=Init res=0
amd-mi355x-5:86348:86413 [7] NCCL INFO resp.opId=0x7e03b848cd80 matches expected opId=0x7e03b848cd80
amd-mi355x-5:86348:86413 [7] NCCL INFO Connected to proxy localRank 7 -> connection 0x7e0388045d50
amd-mi355x-5:86348:86532 [7] NCCL INFO /workspace/rccl/build/release/hipify/src/transport/p2p.cc:248 Cuda Alloc Size 6291456 pointer 0x7e02d5c00000 flags 3
amd-mi355x-5:86348:86532 [7] NCCL INFO Allocated shareable buffer 0x7e02d5c00000 size 6291456 ipcDesc 0x7e0388004dd0
amd-mi355x-5:86348:86532 [7] NCCL INFO proxyProgressAsync opId=0x7e03b848cd80 op.type=3 op.reqBuff=0x7e03880398b0 op.respSize=88 done
amd-mi355x-5:86348:86413 [7] NCCL INFO ncclPollProxyResponse Received new opId=0x7e03b848cd80
amd-mi355x-5:86348:86532 [7] NCCL INFO Received and initiated operation=Setup res=0
amd-mi355x-5:86348:86413 [7] NCCL INFO resp.opId=0x7e03b848cd80 matches expected opId=0x7e03b848cd80
amd-mi355x-5:86348:86532 [7] NCCL INFO New proxy recv connection 243 from local rank 7, transport 0
amd-mi355x-5:86348:86532 [7] NCCL INFO proxyProgressAsync opId=0x7e03b848cd80 op.type=1 op.reqBuff=0x7e0388073780 op.respSize=16 done
amd-mi355x-5:86348:86413 [7] NCCL INFO ncclPollProxyResponse Received new opId=0x7e03b848cd80
amd-mi355x-5:86348:86532 [7] NCCL INFO Received and initiated operation=Init res=0
amd-mi355x-5:86348:86413 [7] NCCL INFO resp.opId=0x7e03b848cd80 matches expected opId=0x7e03b848cd80
amd-mi355x-5:86348:86413 [7] NCCL INFO Connected to proxy localRank 7 -> connection 0x7e0388045dc8
amd-mi355x-5:86348:86532 [7] NCCL INFO /workspace/rccl/build/release/hipify/src/transport/p2p.cc:248 Cuda Alloc Size 6291456 pointer 0x7e02d5400000 flags 3
amd-mi355x-5:86348:86532 [7] NCCL INFO Allocated shareable buffer 0x7e02d5400000 size 6291456 ipcDesc 0x7e0388004dd0
amd-mi355x-5:86348:86532 [7] NCCL INFO proxyProgressAsync opId=0x7e03b848cd80 op.type=3 op.reqBuff=0x7e03880737c0 op.respSize=88 done
amd-mi355x-5:86348:86413 [7] NCCL INFO ncclPollProxyResponse Received new opId=0x7e03b848cd80
amd-mi355x-5:86348:86532 [7] NCCL INFO Received and initiated operation=Setup res=0
amd-mi355x-5:86348:86413 [7] NCCL INFO resp.opId=0x7e03b848cd80 matches expected opId=0x7e03b848cd80
amd-mi355x-5:86348:86532 [7] NCCL INFO New proxy recv connection 244 from local rank 7, transport 0
amd-mi355x-5:86348:86532 [7] NCCL INFO proxyProgressAsync opId=0x7e03b848cd80 op.type=1 op.reqBuff=0x7e0388077720 op.respSize=16 done
amd-mi355x-5:86348:86413 [7] NCCL INFO ncclPollProxyResponse Received new opId=0x7e03b848cd80
amd-mi355x-5:86348:86532 [7] NCCL INFO Received and initiated operation=Init res=0
amd-mi355x-5:86348:86413 [7] NCCL INFO resp.opId=0x7e03b848cd80 matches expected opId=0x7e03b848cd80
amd-mi355x-5:86348:86413 [7] NCCL INFO Connected to proxy localRank 7 -> connection 0x7e0388045e40
amd-mi355x-5:86348:86532 [7] NCCL INFO /workspace/rccl/build/release/hipify/src/transport/p2p.cc:248 Cuda Alloc Size 6291456 pointer 0x7e02d4c00000 flags 3
amd-mi355x-5:86348:86532 [7] NCCL INFO Allocated shareable buffer 0x7e02d4c00000 size 6291456 ipcDesc 0x7e0388004dd0
amd-mi355x-5:86348:86532 [7] NCCL INFO proxyProgressAsync opId=0x7e03b848cd80 op.type=3 op.reqBuff=0x7e038806b5d0 op.respSize=88 done
amd-mi355x-5:86348:86413 [7] NCCL INFO ncclPollProxyResponse Received new opId=0x7e03b848cd80
amd-mi355x-5:86348:86413 [7] NCCL INFO resp.opId=0x7e03b848cd80 matches expected opId=0x7e03b848cd80
amd-mi355x-5:86348:86532 [7] NCCL INFO Received and initiated operation=Setup res=0
amd-mi355x-5:86348:86532 [7] NCCL INFO New proxy recv connection 245 from local rank 7, transport 0
amd-mi355x-5:86348:86532 [7] NCCL INFO proxyProgressAsync opId=0x7e03b848cd80 op.type=1 op.reqBuff=0x7e038806b5f0 op.respSize=16 done
amd-mi355x-5:86348:86413 [7] NCCL INFO ncclPollProxyResponse Received new opId=0x7e03b848cd80
amd-mi355x-5:86348:86532 [7] NCCL INFO Received and initiated operation=Init res=0
amd-mi355x-5:86348:86413 [7] NCCL INFO resp.opId=0x7e03b848cd80 matches expected opId=0x7e03b848cd80
amd-mi355x-5:86348:86413 [7] NCCL INFO Connected to proxy localRank 7 -> connection 0x7e0388045eb8
amd-mi355x-5:86348:86532 [7] NCCL INFO /workspace/rccl/build/release/hipify/src/transport/p2p.cc:248 Cuda Alloc Size 6291456 pointer 0x7e02d4400000 flags 3
amd-mi355x-5:86348:86532 [7] NCCL INFO Allocated shareable buffer 0x7e02d4400000 size 6291456 ipcDesc 0x7e0388004dd0
amd-mi355x-5:86348:86532 [7] NCCL INFO proxyProgressAsync opId=0x7e03b848cd80 op.type=3 op.reqBuff=0x7e0388073e50 op.respSize=88 done
amd-mi355x-5:86348:86413 [7] NCCL INFO ncclPollProxyResponse Received new opId=0x7e03b848cd80
amd-mi355x-5:86348:86532 [7] NCCL INFO Received and initiated operation=Setup res=0
amd-mi355x-5:86348:86413 [7] NCCL INFO resp.opId=0x7e03b848cd80 matches expected opId=0x7e03b848cd80
amd-mi355x-5:86348:86532 [7] NCCL INFO New proxy recv connection 246 from local rank 7, transport 0
amd-mi355x-5:86348:86532 [7] NCCL INFO proxyProgressAsync opId=0x7e03b848cd80 op.type=1 op.reqBuff=0x7e038806d0d0 op.respSize=16 done
amd-mi355x-5:86348:86413 [7] NCCL INFO ncclPollProxyResponse Received new opId=0x7e03b848cd80
amd-mi355x-5:86348:86532 [7] NCCL INFO Received and initiated operation=Init res=0
amd-mi355x-5:86348:86413 [7] NCCL INFO resp.opId=0x7e03b848cd80 matches expected opId=0x7e03b848cd80
amd-mi355x-5:86348:86413 [7] NCCL INFO Connected to proxy localRank 7 -> connection 0x7e0388045f30
amd-mi355x-5:86348:86532 [7] NCCL INFO /workspace/rccl/build/release/hipify/src/transport/p2p.cc:248 Cuda Alloc Size 6291456 pointer 0x7e02d3c00000 flags 3
amd-mi355x-5:86348:86532 [7] NCCL INFO Allocated shareable buffer 0x7e02d3c00000 size 6291456 ipcDesc 0x7e0388004dd0
amd-mi355x-5:86348:86532 [7] NCCL INFO proxyProgressAsync opId=0x7e03b848cd80 op.type=3 op.reqBuff=0x7e0388063bd0 op.respSize=88 done
amd-mi355x-5:86348:86413 [7] NCCL INFO ncclPollProxyResponse Received new opId=0x7e03b848cd80
amd-mi355x-5:86348:86532 [7] NCCL INFO Received and initiated operation=Setup res=0
amd-mi355x-5:86348:86413 [7] NCCL INFO resp.opId=0x7e03b848cd80 matches expected opId=0x7e03b848cd80
amd-mi355x-5:86348:86532 [7] NCCL INFO New proxy recv connection 247 from local rank 7, transport 0
amd-mi355x-5:86348:86532 [7] NCCL INFO proxyProgressAsync opId=0x7e03b848cd80 op.type=1 op.reqBuff=0x7e0388010e50 op.respSize=16 done
amd-mi355x-5:86348:86413 [7] NCCL INFO ncclPollProxyResponse Received new opId=0x7e03b848cd80
amd-mi355x-5:86348:86532 [7] NCCL INFO Received and initiated operation=Init res=0
amd-mi355x-5:86348:86413 [7] NCCL INFO resp.opId=0x7e03b848cd80 matches expected opId=0x7e03b848cd80
amd-mi355x-5:86348:86413 [7] NCCL INFO Connected to proxy localRank 7 -> connection 0x7e0388045fa8
amd-mi355x-5:86348:86532 [7] NCCL INFO /workspace/rccl/build/release/hipify/src/transport/p2p.cc:248 Cuda Alloc Size 6291456 pointer 0x7e02d3400000 flags 3
amd-mi355x-5:86348:86532 [7] NCCL INFO Allocated shareable buffer 0x7e02d3400000 size 6291456 ipcDesc 0x7e0388004dd0
amd-mi355x-5:86348:86532 [7] NCCL INFO proxyProgressAsync opId=0x7e03b848cd80 op.type=3 op.reqBuff=0x7e0388071590 op.respSize=88 done
amd-mi355x-5:86348:86413 [7] NCCL INFO ncclPollProxyResponse Received new opId=0x7e03b848cd80
amd-mi355x-5:86348:86532 [7] NCCL INFO Received and initiated operation=Setup res=0
amd-mi355x-5:86348:86413 [7] NCCL INFO resp.opId=0x7e03b848cd80 matches expected opId=0x7e03b848cd80
amd-mi355x-5:86348:86532 [7] NCCL INFO New proxy recv connection 248 from local rank 7, transport 0
amd-mi355x-5:86348:86532 [7] NCCL INFO proxyProgressAsync opId=0x7e03b848cd80 op.type=1 op.reqBuff=0x7e0388007930 op.respSize=16 done
amd-mi355x-5:86348:86413 [7] NCCL INFO ncclPollProxyResponse Received new opId=0x7e03b848cd80
amd-mi355x-5:86348:86532 [7] NCCL INFO Received and initiated operation=Init res=0
amd-mi355x-5:86348:86413 [7] NCCL INFO resp.opId=0x7e03b848cd80 matches expected opId=0x7e03b848cd80
amd-mi355x-5:86348:86413 [7] NCCL INFO Connected to proxy localRank 7 -> connection 0x7e0388046020
amd-mi355x-5:86348:86532 [7] NCCL INFO /workspace/rccl/build/release/hipify/src/transport/p2p.cc:248 Cuda Alloc Size 6291456 pointer 0x7e02d2c00000 flags 3
amd-mi355x-5:86348:86532 [7] NCCL INFO Allocated shareable buffer 0x7e02d2c00000 size 6291456 ipcDesc 0x7e0388004dd0
amd-mi355x-5:86348:86532 [7] NCCL INFO proxyProgressAsync opId=0x7e03b848cd80 op.type=3 op.reqBuff=0x7e0388007970 op.respSize=88 done
amd-mi355x-5:86348:86413 [7] NCCL INFO ncclPollProxyResponse Received new opId=0x7e03b848cd80
amd-mi355x-5:86348:86532 [7] NCCL INFO Received and initiated operation=Setup res=0
amd-mi355x-5:86348:86413 [7] NCCL INFO resp.opId=0x7e03b848cd80 matches expected opId=0x7e03b848cd80
amd-mi355x-5:86348:86532 [7] NCCL INFO New proxy recv connection 249 from local rank 7, transport 0
amd-mi355x-5:86348:86532 [7] NCCL INFO proxyProgressAsync opId=0x7e03b848cd80 op.type=1 op.reqBuff=0x7e0388071590 op.respSize=16 done
amd-mi355x-5:86348:86413 [7] NCCL INFO ncclPollProxyResponse Received new opId=0x7e03b848cd80
amd-mi355x-5:86348:86532 [7] NCCL INFO Received and initiated operation=Init res=0
amd-mi355x-5:86348:86413 [7] NCCL INFO resp.opId=0x7e03b848cd80 matches expected opId=0x7e03b848cd80
amd-mi355x-5:86348:86413 [7] NCCL INFO Connected to proxy localRank 7 -> connection 0x7e0388046098
amd-mi355x-5:86348:86532 [7] NCCL INFO /workspace/rccl/build/release/hipify/src/transport/p2p.cc:248 Cuda Alloc Size 6291456 pointer 0x7e02d2400000 flags 3
amd-mi355x-5:86348:86532 [7] NCCL INFO Allocated shareable buffer 0x7e02d2400000 size 6291456 ipcDesc 0x7e0388004dd0
amd-mi355x-5:86348:86532 [7] NCCL INFO proxyProgressAsync opId=0x7e03b848cd80 op.type=3 op.reqBuff=0x7e038801ca90 op.respSize=88 done
amd-mi355x-5:86348:86413 [7] NCCL INFO ncclPollProxyResponse Received new opId=0x7e03b848cd80
amd-mi355x-5:86348:86532 [7] NCCL INFO Received and initiated operation=Setup res=0
amd-mi355x-5:86348:86413 [7] NCCL INFO resp.opId=0x7e03b848cd80 matches expected opId=0x7e03b848cd80
amd-mi355x-5:86348:86532 [7] NCCL INFO New proxy recv connection 250 from local rank 7, transport 0
amd-mi355x-5:86348:86532 [7] NCCL INFO proxyProgressAsync opId=0x7e03b848cd80 op.type=1 op.reqBuff=0x7e0388074c50 op.respSize=16 done
amd-mi355x-5:86348:86413 [7] NCCL INFO ncclPollProxyResponse Received new opId=0x7e03b848cd80
amd-mi355x-5:86348:86532 [7] NCCL INFO Received and initiated operation=Init res=0
amd-mi355x-5:86348:86413 [7] NCCL INFO resp.opId=0x7e03b848cd80 matches expected opId=0x7e03b848cd80
amd-mi355x-5:86348:86413 [7] NCCL INFO Connected to proxy localRank 7 -> connection 0x7e0388046110
amd-mi355x-5:86348:86532 [7] NCCL INFO /workspace/rccl/build/release/hipify/src/transport/p2p.cc:248 Cuda Alloc Size 6291456 pointer 0x7e02d1c00000 flags 3
amd-mi355x-5:86348:86532 [7] NCCL INFO Allocated shareable buffer 0x7e02d1c00000 size 6291456 ipcDesc 0x7e0388004dd0
amd-mi355x-5:86348:86532 [7] NCCL INFO proxyProgressAsync opId=0x7e03b848cd80 op.type=3 op.reqBuff=0x7e0388073e50 op.respSize=88 done
amd-mi355x-5:86348:86413 [7] NCCL INFO ncclPollProxyResponse Received new opId=0x7e03b848cd80
amd-mi355x-5:86348:86532 [7] NCCL INFO Received and initiated operation=Setup res=0
amd-mi355x-5:86348:86413 [7] NCCL INFO resp.opId=0x7e03b848cd80 matches expected opId=0x7e03b848cd80
amd-mi355x-5:86348:86532 [7] NCCL INFO New proxy recv connection 251 from local rank 7, transport 0
amd-mi355x-5:86348:86532 [7] NCCL INFO proxyProgressAsync opId=0x7e03b848cd80 op.type=1 op.reqBuff=0x7e038805a530 op.respSize=16 done
amd-mi355x-5:86348:86413 [7] NCCL INFO ncclPollProxyResponse Received new opId=0x7e03b848cd80
amd-mi355x-5:86348:86532 [7] NCCL INFO Received and initiated operation=Init res=0
amd-mi355x-5:86348:86413 [7] NCCL INFO resp.opId=0x7e03b848cd80 matches expected opId=0x7e03b848cd80
amd-mi355x-5:86348:86413 [7] NCCL INFO Connected to proxy localRank 7 -> connection 0x7e0388046188
amd-mi355x-5:86348:86532 [7] NCCL INFO /workspace/rccl/build/release/hipify/src/transport/p2p.cc:248 Cuda Alloc Size 6291456 pointer 0x7e02d1400000 flags 3
amd-mi355x-5:86348:86532 [7] NCCL INFO Allocated shareable buffer 0x7e02d1400000 size 6291456 ipcDesc 0x7e0388004dd0
amd-mi355x-5:86348:86532 [7] NCCL INFO proxyProgressAsync opId=0x7e03b848cd80 op.type=3 op.reqBuff=0x7e038805cdd0 op.respSize=88 done
amd-mi355x-5:86348:86413 [7] NCCL INFO ncclPollProxyResponse Received new opId=0x7e03b848cd80
amd-mi355x-5:86348:86532 [7] NCCL INFO Received and initiated operation=Setup res=0
amd-mi355x-5:86348:86413 [7] NCCL INFO resp.opId=0x7e03b848cd80 matches expected opId=0x7e03b848cd80
amd-mi355x-5:86348:86532 [7] NCCL INFO New proxy recv connection 252 from local rank 7, transport 0
amd-mi355x-5:86348:86532 [7] NCCL INFO proxyProgressAsync opId=0x7e03b848cd80 op.type=1 op.reqBuff=0x7e0388024970 op.respSize=16 done
amd-mi355x-5:86348:86413 [7] NCCL INFO ncclPollProxyResponse Received new opId=0x7e03b848cd80
amd-mi355x-5:86348:86532 [7] NCCL INFO Received and initiated operation=Init res=0
amd-mi355x-5:86348:86413 [7] NCCL INFO resp.opId=0x7e03b848cd80 matches expected opId=0x7e03b848cd80
amd-mi355x-5:86348:86413 [7] NCCL INFO Connected to proxy localRank 7 -> connection 0x7e0388046200
amd-mi355x-5:86348:86532 [7] NCCL INFO /workspace/rccl/build/release/hipify/src/transport/p2p.cc:248 Cuda Alloc Size 6291456 pointer 0x7e02d0c00000 flags 3
amd-mi355x-5:86348:86532 [7] NCCL INFO Allocated shareable buffer 0x7e02d0c00000 size 6291456 ipcDesc 0x7e0388004dd0
amd-mi355x-5:86348:86532 [7] NCCL INFO proxyProgressAsync opId=0x7e03b848cd80 op.type=3 op.reqBuff=0x7e0388010e50 op.respSize=88 done
amd-mi355x-5:86348:86413 [7] NCCL INFO ncclPollProxyResponse Received new opId=0x7e03b848cd80
amd-mi355x-5:86348:86532 [7] NCCL INFO Received and initiated operation=Setup res=0
amd-mi355x-5:86348:86413 [7] NCCL INFO resp.opId=0x7e03b848cd80 matches expected opId=0x7e03b848cd80
amd-mi355x-5:86348:86532 [7] NCCL INFO New proxy recv connection 253 from local rank 7, transport 0
amd-mi355x-5:86348:86532 [7] NCCL INFO proxyProgressAsync opId=0x7e03b848cd80 op.type=1 op.reqBuff=0x7e0388078310 op.respSize=16 done
amd-mi355x-5:86348:86413 [7] NCCL INFO ncclPollProxyResponse Received new opId=0x7e03b848cd80
amd-mi355x-5:86348:86532 [7] NCCL INFO Received and initiated operation=Init res=0
amd-mi355x-5:86348:86413 [7] NCCL INFO resp.opId=0x7e03b848cd80 matches expected opId=0x7e03b848cd80
amd-mi355x-5:86348:86413 [7] NCCL INFO Connected to proxy localRank 7 -> connection 0x7e0388046278
amd-mi355x-5:86348:86532 [7] NCCL INFO /workspace/rccl/build/release/hipify/src/transport/p2p.cc:248 Cuda Alloc Size 6291456 pointer 0x7e02d0400000 flags 3
amd-mi355x-5:86348:86532 [7] NCCL INFO Allocated shareable buffer 0x7e02d0400000 size 6291456 ipcDesc 0x7e0388004dd0
amd-mi355x-5:86348:86532 [7] NCCL INFO proxyProgressAsync opId=0x7e03b848cd80 op.type=3 op.reqBuff=0x7e0388078330 op.respSize=88 done
amd-mi355x-5:86348:86413 [7] NCCL INFO ncclPollProxyResponse Received new opId=0x7e03b848cd80
amd-mi355x-5:86348:86532 [7] NCCL INFO Received and initiated operation=Setup res=0
amd-mi355x-5:86348:86413 [7] NCCL INFO resp.opId=0x7e03b848cd80 matches expected opId=0x7e03b848cd80
amd-mi355x-5:86348:86532 [7] NCCL INFO New proxy recv connection 254 from local rank 7, transport 0
amd-mi355x-5:86348:86532 [7] NCCL INFO proxyProgressAsync opId=0x7e03b848cd80 op.type=1 op.reqBuff=0x7e0388078350 op.respSize=16 done
amd-mi355x-5:86348:86532 [7] NCCL INFO Received and initiated operation=Init res=0
amd-mi355x-5:86348:86413 [7] NCCL INFO ncclPollProxyResponse Received new opId=0x7e03b848cd80
amd-mi355x-5:86348:86413 [7] NCCL INFO resp.opId=0x7e03b848cd80 matches expected opId=0x7e03b848cd80
amd-mi355x-5:86348:86413 [7] NCCL INFO Connected to proxy localRank 7 -> connection 0x7e03880462f0
amd-mi355x-5:86348:86532 [7] NCCL INFO /workspace/rccl/build/release/hipify/src/transport/p2p.cc:248 Cuda Alloc Size 6291456 pointer 0x7e02cfc00000 flags 3
amd-mi355x-5:86348:86532 [7] NCCL INFO Allocated shareable buffer 0x7e02cfc00000 size 6291456 ipcDesc 0x7e0388004dd0
amd-mi355x-5:86348:86532 [7] NCCL INFO proxyProgressAsync opId=0x7e03b848cd80 op.type=3 op.reqBuff=0x7e0388009cd0 op.respSize=88 done
amd-mi355x-5:86348:86413 [7] NCCL INFO ncclPollProxyResponse Received new opId=0x7e03b848cd80
amd-mi355x-5:86348:86532 [7] NCCL INFO Received and initiated operation=Setup res=0
amd-mi355x-5:86348:86413 [7] NCCL INFO resp.opId=0x7e03b848cd80 matches expected opId=0x7e03b848cd80
amd-mi355x-5:86348:86532 [7] NCCL INFO New proxy recv connection 255 from local rank 7, transport 0
amd-mi355x-5:86348:86532 [7] NCCL INFO proxyProgressAsync opId=0x7e03b848cd80 op.type=1 op.reqBuff=0x7e0388048030 op.respSize=16 done
amd-mi355x-5:86348:86413 [7] NCCL INFO ncclPollProxyResponse Received new opId=0x7e03b848cd80
amd-mi355x-5:86348:86532 [7] NCCL INFO Received and initiated operation=Init res=0
amd-mi355x-5:86348:86413 [7] NCCL INFO resp.opId=0x7e03b848cd80 matches expected opId=0x7e03b848cd80
amd-mi355x-5:86348:86413 [7] NCCL INFO Connected to proxy localRank 7 -> connection 0x7e0388046368
amd-mi355x-5:86348:86532 [7] NCCL INFO /workspace/rccl/build/release/hipify/src/transport/p2p.cc:248 Cuda Alloc Size 6291456 pointer 0x7e02cf400000 flags 3
amd-mi355x-5:86348:86532 [7] NCCL INFO Allocated shareable buffer 0x7e02cf400000 size 6291456 ipcDesc 0x7e0388004dd0
amd-mi355x-5:86348:86532 [7] NCCL INFO proxyProgressAsync opId=0x7e03b848cd80 op.type=3 op.reqBuff=0x7e038801ca90 op.respSize=88 done
amd-mi355x-5:86348:86413 [7] NCCL INFO ncclPollProxyResponse Received new opId=0x7e03b848cd80
amd-mi355x-5:86348:86532 [7] NCCL INFO Received and initiated operation=Setup res=0
amd-mi355x-5:86348:86413 [7] NCCL INFO resp.opId=0x7e03b848cd80 matches expected opId=0x7e03b848cd80
amd-mi355x-5:86348:86413 [7] NCCL INFO Channel 03/0 : 7[f5000] -> 1[15000] via P2P/IPC comm 0x2288c5b0 nRanks 08
amd-mi355x-5:86348:86532 [7] NCCL INFO Mem Realloc old size 16, new size 24 pointer 0x7e0388077c90
amd-mi355x-5:86348:86532 [7] NCCL INFO New proxy send connection 256 from local rank 7, transport 0
amd-mi355x-5:86348:86532 [7] NCCL INFO proxyProgressAsync opId=0x7e03b848cd80 op.type=1 op.reqBuff=0x7e0388077720 op.respSize=16 done
amd-mi355x-5:86348:86413 [7] NCCL INFO ncclPollProxyResponse Received new opId=0x7e03b848cd80
amd-mi355x-5:86348:86532 [7] NCCL INFO Received and initiated operation=Init res=0
amd-mi355x-5:86348:86413 [7] NCCL INFO resp.opId=0x7e03b848cd80 matches expected opId=0x7e03b848cd80
amd-mi355x-5:86348:86413 [7] NCCL INFO Connected to proxy localRank 7 -> connection 0x7e038807cde0
amd-mi355x-5:86348:86532 [7] NCCL INFO /workspace/rccl/build/release/hipify/src/transport/p2p.cc:248 Cuda Alloc Size 2097152 pointer 0x7e02cf000000 flags 3
amd-mi355x-5:86348:86532 [7] NCCL INFO Allocated shareable buffer 0x7e02cf000000 size 2097152 ipcDesc 0x7e0388004dd0
amd-mi355x-5:86348:86532 [7] NCCL INFO proxyProgressAsync opId=0x7e03b848cd80 op.type=3 op.reqBuff=0x7e0388024970 op.respSize=88 done
amd-mi355x-5:86348:86413 [7] NCCL INFO ncclPollProxyResponse Received new opId=0x7e03b848cd80
amd-mi355x-5:86348:86532 [7] NCCL INFO Received and initiated operation=Setup res=0
amd-mi355x-5:86348:86413 [7] NCCL INFO resp.opId=0x7e03b848cd80 matches expected opId=0x7e03b848cd80
amd-mi355x-5:86348:86413 [7] NCCL INFO Channel 06/0 : 7[f5000] -> 1[15000] via P2P/IPC comm 0x2288c5b0 nRanks 08
amd-mi355x-5:86348:86532 [7] NCCL INFO New proxy send connection 257 from local rank 7, transport 0
amd-mi355x-5:86348:86532 [7] NCCL INFO proxyProgressAsync opId=0x7e03b848cd80 op.type=1 op.reqBuff=0x7e0388073130 op.respSize=16 done
amd-mi355x-5:86348:86413 [7] NCCL INFO ncclPollProxyResponse Received new opId=0x7e03b848cd80
amd-mi355x-5:86348:86532 [7] NCCL INFO Received and initiated operation=Init res=0
amd-mi355x-5:86348:86413 [7] NCCL INFO resp.opId=0x7e03b848cd80 matches expected opId=0x7e03b848cd80
amd-mi355x-5:86348:86413 [7] NCCL INFO Connected to proxy localRank 7 -> connection 0x7e038807ce58
amd-mi355x-5:86348:86532 [7] NCCL INFO /workspace/rccl/build/release/hipify/src/transport/p2p.cc:248 Cuda Alloc Size 2097152 pointer 0x7e02cec00000 flags 3
amd-mi355x-5:86348:86532 [7] NCCL INFO Allocated shareable buffer 0x7e02cec00000 size 2097152 ipcDesc 0x7e0388004dd0
amd-mi355x-5:86348:86532 [7] NCCL INFO proxyProgressAsync opId=0x7e03b848cd80 op.type=3 op.reqBuff=0x7e0388075990 op.respSize=88 done
amd-mi355x-5:86348:86413 [7] NCCL INFO ncclPollProxyResponse Received new opId=0x7e03b848cd80
amd-mi355x-5:86348:86532 [7] NCCL INFO Received and initiated operation=Setup res=0
amd-mi355x-5:86348:86413 [7] NCCL INFO resp.opId=0x7e03b848cd80 matches expected opId=0x7e03b848cd80
amd-mi355x-5:86348:86413 [7] NCCL INFO Channel 17/0 : 7[f5000] -> 1[15000] via P2P/IPC comm 0x2288c5b0 nRanks 08
amd-mi355x-5:86348:86532 [7] NCCL INFO New proxy send connection 258 from local rank 7, transport 0
amd-mi355x-5:86348:86532 [7] NCCL INFO proxyProgressAsync opId=0x7e03b848cd80 op.type=1 op.reqBuff=0x7e0388079eb0 op.respSize=16 done
amd-mi355x-5:86348:86413 [7] NCCL INFO ncclPollProxyResponse Received new opId=0x7e03b848cd80
amd-mi355x-5:86348:86532 [7] NCCL INFO Received and initiated operation=Init res=0
amd-mi355x-5:86348:86413 [7] NCCL INFO resp.opId=0x7e03b848cd80 matches expected opId=0x7e03b848cd80
amd-mi355x-5:86348:86413 [7] NCCL INFO Connected to proxy localRank 7 -> connection 0x7e038807ced0
amd-mi355x-5:86348:86532 [7] NCCL INFO /workspace/rccl/build/release/hipify/src/transport/p2p.cc:248 Cuda Alloc Size 2097152 pointer 0x7e02ce800000 flags 3
amd-mi355x-5:86348:86532 [7] NCCL INFO Allocated shareable buffer 0x7e02ce800000 size 2097152 ipcDesc 0x7e0388004dd0
amd-mi355x-5:86348:86532 [7] NCCL INFO proxyProgressAsync opId=0x7e03b848cd80 op.type=3 op.reqBuff=0x7e0388079ef0 op.respSize=88 done
amd-mi355x-5:86348:86413 [7] NCCL INFO ncclPollProxyResponse Received new opId=0x7e03b848cd80
amd-mi355x-5:86348:86532 [7] NCCL INFO Received and initiated operation=Setup res=0
amd-mi355x-5:86348:86413 [7] NCCL INFO resp.opId=0x7e03b848cd80 matches expected opId=0x7e03b848cd80
amd-mi355x-5:86348:86413 [7] NCCL INFO Channel 20/0 : 7[f5000] -> 1[15000] via P2P/IPC comm 0x2288c5b0 nRanks 08
amd-mi355x-5:86348:86532 [7] NCCL INFO New proxy send connection 259 from local rank 7, transport 0
amd-mi355x-5:86348:86532 [7] NCCL INFO proxyProgressAsync opId=0x7e03b848cd80 op.type=1 op.reqBuff=0x7e038805a570 op.respSize=16 done
amd-mi355x-5:86348:86532 [7] NCCL INFO Received and initiated operation=Init res=0
amd-mi355x-5:86348:86413 [7] NCCL INFO ncclPollProxyResponse Received new opId=0x7e03b848cd80
amd-mi355x-5:86348:86413 [7] NCCL INFO resp.opId=0x7e03b848cd80 matches expected opId=0x7e03b848cd80
amd-mi355x-5:86348:86413 [7] NCCL INFO Connected to proxy localRank 7 -> connection 0x7e038807cf48
amd-mi355x-5:86348:86532 [7] NCCL INFO /workspace/rccl/build/release/hipify/src/transport/p2p.cc:248 Cuda Alloc Size 2097152 pointer 0x7e02ce400000 flags 3
amd-mi355x-5:86348:86532 [7] NCCL INFO Allocated shareable buffer 0x7e02ce400000 size 2097152 ipcDesc 0x7e0388004dd0
amd-mi355x-5:86348:86532 [7] NCCL INFO proxyProgressAsync opId=0x7e03b848cd80 op.type=3 op.reqBuff=0x7e0388071590 op.respSize=88 done
amd-mi355x-5:86348:86413 [7] NCCL INFO ncclPollProxyResponse Received new opId=0x7e03b848cd80
amd-mi355x-5:86348:86532 [7] NCCL INFO Received and initiated operation=Setup res=0
amd-mi355x-5:86348:86413 [7] NCCL INFO resp.opId=0x7e03b848cd80 matches expected opId=0x7e03b848cd80
amd-mi355x-5:86348:86413 [7] NCCL INFO Channel 31/0 : 7[f5000] -> 1[15000] via P2P/IPC comm 0x2288c5b0 nRanks 08
amd-mi355x-5:86348:86532 [7] NCCL INFO New proxy send connection 260 from local rank 7, transport 0
amd-mi355x-5:86348:86532 [7] NCCL INFO proxyProgressAsync opId=0x7e03b848cd80 op.type=1 op.reqBuff=0x7e0388078390 op.respSize=16 done
amd-mi355x-5:86348:86413 [7] NCCL INFO ncclPollProxyResponse Received new opId=0x7e03b848cd80
amd-mi355x-5:86348:86532 [7] NCCL INFO Received and initiated operation=Init res=0
amd-mi355x-5:86348:86413 [7] NCCL INFO resp.opId=0x7e03b848cd80 matches expected opId=0x7e03b848cd80
amd-mi355x-5:86348:86413 [7] NCCL INFO Connected to proxy localRank 7 -> connection 0x7e038807cfc0
amd-mi355x-5:86348:86532 [7] NCCL INFO /workspace/rccl/build/release/hipify/src/transport/p2p.cc:248 Cuda Alloc Size 2097152 pointer 0x7e02ce000000 flags 3
amd-mi355x-5:86348:86532 [7] NCCL INFO Allocated shareable buffer 0x7e02ce000000 size 2097152 ipcDesc 0x7e0388004dd0
amd-mi355x-5:86348:86532 [7] NCCL INFO proxyProgressAsync opId=0x7e03b848cd80 op.type=3 op.reqBuff=0x7e0388066680 op.respSize=88 done
amd-mi355x-5:86348:86413 [7] NCCL INFO ncclPollProxyResponse Received new opId=0x7e03b848cd80
amd-mi355x-5:86348:86532 [7] NCCL INFO Received and initiated operation=Setup res=0
amd-mi355x-5:86348:86413 [7] NCCL INFO resp.opId=0x7e03b848cd80 matches expected opId=0x7e03b848cd80
amd-mi355x-5:86348:86413 [7] NCCL INFO Channel 34/0 : 7[f5000] -> 1[15000] via P2P/IPC comm 0x2288c5b0 nRanks 08
amd-mi355x-5:86348:86532 [7] NCCL INFO New proxy send connection 261 from local rank 7, transport 0
amd-mi355x-5:86348:86532 [7] NCCL INFO proxyProgressAsync opId=0x7e03b848cd80 op.type=1 op.reqBuff=0x7e038806e650 op.respSize=16 done
amd-mi355x-5:86348:86532 [7] NCCL INFO Received and initiated operation=Init res=0
amd-mi355x-5:86348:86413 [7] NCCL INFO ncclPollProxyResponse Received new opId=0x7e03b848cd80
amd-mi355x-5:86348:86413 [7] NCCL INFO resp.opId=0x7e03b848cd80 matches expected opId=0x7e03b848cd80
amd-mi355x-5:86348:86413 [7] NCCL INFO Connected to proxy localRank 7 -> connection 0x7e038807d038
amd-mi355x-5:86348:86532 [7] NCCL INFO /workspace/rccl/build/release/hipify/src/transport/p2p.cc:248 Cuda Alloc Size 2097152 pointer 0x7e02cdc00000 flags 3
amd-mi355x-5:86348:86532 [7] NCCL INFO Allocated shareable buffer 0x7e02cdc00000 size 2097152 ipcDesc 0x7e0388004dd0
amd-mi355x-5:86348:86532 [7] NCCL INFO proxyProgressAsync opId=0x7e03b848cd80 op.type=3 op.reqBuff=0x7e0388073130 op.respSize=88 done
amd-mi355x-5:86348:86413 [7] NCCL INFO ncclPollProxyResponse Received new opId=0x7e03b848cd80
amd-mi355x-5:86348:86532 [7] NCCL INFO Received and initiated operation=Setup res=0
amd-mi355x-5:86348:86413 [7] NCCL INFO resp.opId=0x7e03b848cd80 matches expected opId=0x7e03b848cd80
amd-mi355x-5:86348:86413 [7] NCCL INFO Channel 45/0 : 7[f5000] -> 1[15000] via P2P/IPC comm 0x2288c5b0 nRanks 08
amd-mi355x-5:86348:86532 [7] NCCL INFO New proxy send connection 262 from local rank 7, transport 0
amd-mi355x-5:86348:86532 [7] NCCL INFO proxyProgressAsync opId=0x7e03b848cd80 op.type=1 op.reqBuff=0x7e0388066680 op.respSize=16 done
amd-mi355x-5:86348:86413 [7] NCCL INFO ncclPollProxyResponse Received new opId=0x7e03b848cd80
amd-mi355x-5:86348:86413 [7] NCCL INFO resp.opId=0x7e03b848cd80 matches expected opId=0x7e03b848cd80
amd-mi355x-5:86348:86413 [7] NCCL INFO Connected to proxy localRank 7 -> connection 0x7e038807d0b0
amd-mi355x-5:86348:86532 [7] NCCL INFO Received and initiated operation=Init res=0
amd-mi355x-5:86348:86532 [7] NCCL INFO /workspace/rccl/build/release/hipify/src/transport/p2p.cc:248 Cuda Alloc Size 2097152 pointer 0x7e02cd800000 flags 3
amd-mi355x-5:86348:86532 [7] NCCL INFO Allocated shareable buffer 0x7e02cd800000 size 2097152 ipcDesc 0x7e0388004dd0
amd-mi355x-5:86348:86532 [7] NCCL INFO proxyProgressAsync opId=0x7e03b848cd80 op.type=3 op.reqBuff=0x7e0388046820 op.respSize=88 done
amd-mi355x-5:86348:86413 [7] NCCL INFO ncclPollProxyResponse Received new opId=0x7e03b848cd80
amd-mi355x-5:86348:86532 [7] NCCL INFO Received and initiated operation=Setup res=0
amd-mi355x-5:86348:86413 [7] NCCL INFO resp.opId=0x7e03b848cd80 matches expected opId=0x7e03b848cd80
amd-mi355x-5:86348:86413 [7] NCCL INFO Channel 48/0 : 7[f5000] -> 1[15000] via P2P/IPC comm 0x2288c5b0 nRanks 08
amd-mi355x-5:86348:86532 [7] NCCL INFO New proxy send connection 263 from local rank 7, transport 0
amd-mi355x-5:86348:86532 [7] NCCL INFO proxyProgressAsync opId=0x7e03b848cd80 op.type=1 op.reqBuff=0x7e0388079700 op.respSize=16 done
amd-mi355x-5:86348:86532 [7] NCCL INFO Received and initiated operation=Init res=0
amd-mi355x-5:86348:86413 [7] NCCL INFO ncclPollProxyResponse Received new opId=0x7e03b848cd80
amd-mi355x-5:86348:86413 [7] NCCL INFO resp.opId=0x7e03b848cd80 matches expected opId=0x7e03b848cd80
amd-mi355x-5:86348:86413 [7] NCCL INFO Connected to proxy localRank 7 -> connection 0x7e038807d128
amd-mi355x-5:86348:86532 [7] NCCL INFO /workspace/rccl/build/release/hipify/src/transport/p2p.cc:248 Cuda Alloc Size 2097152 pointer 0x7e02cd400000 flags 3
amd-mi355x-5:86348:86532 [7] NCCL INFO Allocated shareable buffer 0x7e02cd400000 size 2097152 ipcDesc 0x7e0388004dd0
amd-mi355x-5:86348:86532 [7] NCCL INFO proxyProgressAsync opId=0x7e03b848cd80 op.type=3 op.reqBuff=0x7e0388079740 op.respSize=88 done
amd-mi355x-5:86348:86413 [7] NCCL INFO ncclPollProxyResponse Received new opId=0x7e03b848cd80
amd-mi355x-5:86348:86532 [7] NCCL INFO Received and initiated operation=Setup res=0
amd-mi355x-5:86348:86413 [7] NCCL INFO resp.opId=0x7e03b848cd80 matches expected opId=0x7e03b848cd80
amd-mi355x-5:86348:86413 [7] NCCL INFO Channel 59/0 : 7[f5000] -> 1[15000] via P2P/IPC comm 0x2288c5b0 nRanks 08
amd-mi355x-5:86348:86532 [7] NCCL INFO New proxy send connection 264 from local rank 7, transport 0
amd-mi355x-5:86348:86532 [7] NCCL INFO proxyProgressAsync opId=0x7e03b848cd80 op.type=1 op.reqBuff=0x7e0388080de0 op.respSize=16 done
amd-mi355x-5:86348:86413 [7] NCCL INFO ncclPollProxyResponse Received new opId=0x7e03b848cd80
amd-mi355x-5:86348:86532 [7] NCCL INFO Received and initiated operation=Init res=0
amd-mi355x-5:86348:86413 [7] NCCL INFO resp.opId=0x7e03b848cd80 matches expected opId=0x7e03b848cd80
amd-mi355x-5:86348:86413 [7] NCCL INFO Connected to proxy localRank 7 -> connection 0x7e038807d1a0
amd-mi355x-5:86348:86532 [7] NCCL INFO /workspace/rccl/build/release/hipify/src/transport/p2p.cc:248 Cuda Alloc Size 2097152 pointer 0x7e02cd000000 flags 3
amd-mi355x-5:86348:86532 [7] NCCL INFO Allocated shareable buffer 0x7e02cd000000 size 2097152 ipcDesc 0x7e0388004dd0
amd-mi355x-5:86348:86532 [7] NCCL INFO proxyProgressAsync opId=0x7e03b848cd80 op.type=3 op.reqBuff=0x7e0388075990 op.respSize=88 done
amd-mi355x-5:86348:86413 [7] NCCL INFO ncclPollProxyResponse Received new opId=0x7e03b848cd80
amd-mi355x-5:86348:86532 [7] NCCL INFO Received and initiated operation=Setup res=0
amd-mi355x-5:86348:86413 [7] NCCL INFO resp.opId=0x7e03b848cd80 matches expected opId=0x7e03b848cd80
amd-mi355x-5:86348:86413 [7] NCCL INFO Channel 62/0 : 7[f5000] -> 1[15000] via P2P/IPC comm 0x2288c5b0 nRanks 08
amd-mi355x-5:86348:86532 [7] NCCL INFO New proxy send connection 265 from local rank 7, transport 0
amd-mi355x-5:86348:86532 [7] NCCL INFO proxyProgressAsync opId=0x7e03b848cd80 op.type=1 op.reqBuff=0x7e03880695f0 op.respSize=16 done
amd-mi355x-5:86348:86532 [7] NCCL INFO Received and initiated operation=Init res=0
amd-mi355x-5:86348:86413 [7] NCCL INFO ncclPollProxyResponse Received new opId=0x7e03b848cd80
amd-mi355x-5:86348:86413 [7] NCCL INFO resp.opId=0x7e03b848cd80 matches expected opId=0x7e03b848cd80
amd-mi355x-5:86348:86413 [7] NCCL INFO Connected to proxy localRank 7 -> connection 0x7e038807d218
amd-mi355x-5:86348:86532 [7] NCCL INFO /workspace/rccl/build/release/hipify/src/transport/p2p.cc:248 Cuda Alloc Size 2097152 pointer 0x7e02ccc00000 flags 3
amd-mi355x-5:86348:86532 [7] NCCL INFO Allocated shareable buffer 0x7e02ccc00000 size 2097152 ipcDesc 0x7e0388004dd0
amd-mi355x-5:86348:86532 [7] NCCL INFO proxyProgressAsync opId=0x7e03b848cd80 op.type=3 op.reqBuff=0x7e03880722f0 op.respSize=88 done
amd-mi355x-5:86348:86413 [7] NCCL INFO namd-mi355x-5:86341:86406 [0] NCCL INFO Channel 11/0 : 0[5000] -> 3[75000] via P2P/IPC comm 0x3c85b900 nRanks 08
amd-mi355x-5:86341:86537 [0] NCCL INFO Mem Realloc old size 16, new size 24 pointer 0x7737d8079e90
amd-mi355x-5:86341:86537 [0] NCCL INFO New proxy send connection 256 from local rank 0, transport 0
amd-mi355x-5:86341:86537 [0] NCCL INFO proxyProgressAsync opId=0x7737fc48c970 op.type=1 op.reqBuff=0x7737d80553f0 op.respSize=16 done
amd-mi355x-5:86341:86406 [0] NCCL INFO ncclPollProxyResponse Received new opId=0x7737fc48c970
amd-mi355x-5:86341:86537 [0] NCCL INFO Received and initiated operation=Init res=0
amd-mi355x-5:86341:86406 [0] NCCL INFO resp.opId=0x7737fc48c970 matches expected opId=0x7737fc48c970
amd-mi355x-5:86341:86406 [0] NCCL INFO Connected to proxy localRank 0 -> connection 0x7737d807cec0
amd-mi355x-5:86341:86537 [0] NCCL INFO /workspace/rccl/build/release/hipify/src/transport/p2p.cc:248 Cuda Alloc Size 2097152 pointer 0x77371aa00000 flags 3
amd-mi355x-5:86341:86537 [0] NCCL INFO Allocated shareable buffer 0x77371aa00000 size 2097152 ipcDesc 0x7737d8004dd0
amd-mi355x-5:86341:86537 [0] NCCL INFO proxyProgressAsync opId=0x7737fc48c970 op.type=3 op.reqBuff=0x7737d8062e90 op.respSize=88 done
amd-mi355x-5:86341:86406 [0] NCCL INFO ncclPollProxyResponse Received new opId=0x7737fc48c970
amd-mi355x-5:86341:86537 [0] NCCL INFO Received and initiated operation=Setup res=0
amd-mi355x-5:86341:86406 [0] NCCL INFO resp.opId=0x7737fc48c970 matches expected opId=0x7737fc48c970
amd-mi355x-5:86341:86406 [0] NCCL INFO Channel 12/0 : 0[5000] -> 3[75000] via P2P/IPC comm 0x3c85b900 nRanks 08
amd-mi355x-5:86341:86537 [0] NCCL INFO New proxy send connection 257 from local rank 0, transport 0
amd-mi355x-5:86341:86537 [0] NCCL INFO proxyProgressAsync opId=0x7737fc48c970 op.type=1 op.reqBuff=0x7737d8079090 op.respSize=16 done
amd-mi355x-5:86341:86406 [0] NCCL INFO ncclPollProxyResponse Received new opId=0x7737fc48c970
amd-mi355x-5:86341:86537 [0] NCCL INFO Received and initiated operation=Init res=0
amd-mi355x-5:86341:86406 [0] NCCL INFO resp.opId=0x7737fc48c970 matches expected opId=0x7737fc48c970
amd-mi355x-5:86341:86406 [0] NCCL INFO Connected to proxy localRank 0 -> connection 0x7737d807cf38
amd-mi355x-5:86341:86537 [0] NCCL INFO /workspace/rccl/build/release/hipify/src/transport/p2p.cc:248 Cuda Alloc Size 2097152 pointer 0x77371a600000 flags 3
amd-mi355x-5:86341:86537 [0] NCCL INFO Allocated shareable buffer 0x77371a600000 size 2097152 ipcDesc 0x7737d8004dd0
amd-mi355x-5:86341:86537 [0] NCCL INFO proxyProgressAsync opId=0x7737fc48c970 op.type=3 op.reqBuff=0x7737d8067210 op.respSize=88 done
amd-mi355x-5:86341:86406 [0] NCCL INFO ncclPollProxyResponse Received new opId=0x7737fc48c970
amd-mi355x-5:86341:86537 [0] NCCL INFO Received and initiated operation=Setup res=0
amd-mi355x-5:86341:86406 [0] NCCL INFO resp.opId=0x7737fc48c970 matches expected opId=0x7737fc48c970
amd-mi355x-5:86341:86406 [0] NCCL INFO Channel 25/0 : 0[5000] -> 3[75000] via P2P/IPC comm 0x3c85b900 nRanks 08
amd-mi355x-5:86341:86537 [0] NCCL INFO New proxy send connection 258 from local rank 0, transport 0
amd-mi355x-5:86341:86537 [0] NCCL INFO proxyProgressAsync opId=0x7737fc48c970 op.type=1 op.reqBuff=0x7737d8078310 op.respSize=16 done
amd-mi355x-5:86341:86406 [0] NCCL INFO ncclPollProxyResponse Received new opId=0x7737fc48c970
amd-mi355x-5:86341:86537 [0] NCCL INFO Received and initiated operation=Init res=0
amd-mi355x-5:86341:86406 [0] NCCL INFO resp.opId=0x7737fc48c970 matches expected opId=0x7737fc48c970
amd-mi355x-5:86341:86406 [0] NCCL INFO Connected to proxy localRank 0 -> connection 0x7737d807cfb0
amd-mi355x-5:86341:86537 [0] NCCL INFO /workspace/rccl/build/release/hipify/src/transport/p2p.cc:248 Cuda Alloc Size 2097152 pointer 0x77371a200000 flags 3
amd-mi355x-5:86341:86537 [0] NCCL INFO Allocated shareable buffer 0x77371a200000 size 2097152 ipcDesc 0x7737d8004dd0
amd-mi355x-5:86341:86537 [0] NCCL INFO proxyProgressAsync opId=0x7737fc48c970 op.type=3 op.reqBuff=0x7737d8078330 op.respSize=88 done
amd-mi355x-5:86341:86406 [0] NCCL INFO ncclPollProxyResponse Received new opId=0x7737fc48c970
amd-mi355x-5:86341:86537 [0] NCCL INFO Received and initiated operation=Setup res=0
amd-mi355x-5:86341:86406 [0] NCCL INFO resp.opId=0x7737fc48c970 matches expected opId=0x7737fc48c970
amd-mi355x-5:86341:86406 [0] NCCL INFO Channel 26/0 : 0[5000] -> 3[75000] via P2P/IPC comm 0x3c85b900 nRanks 08
amd-mi355x-5:86341:86537 [0] NCCL INFO New proxy send connection 259 from local rank 0, transport 0
amd-mi355x-5:86341:86537 [0] NCCL INFO proxyProgressAsync opId=0x7737fc48c970 op.type=1 op.reqBuff=0x7737d8078350 op.respSize=16 done
amd-mi355x-5:86341:86406 [0] NCCL INFO ncclPollProxyResponse Received new opId=0x7737fc48c970
amd-mi355x-5:86341:86537 [0] NCCL INFO Received and initiated operation=Init res=0
amd-mi355x-5:86341:86406 [0] NCCL INFO resp.opId=0x7737fc48c970 matches expected opId=0x7737fc48c970
amd-mi355x-5:86341:86406 [0] NCCL INFO Connected to proxy localRank 0 -> connection 0x7737d807d028
amd-mi355x-5:86341:86537 [0] NCCL INFO /workspace/rccl/build/release/hipify/src/transport/p2p.cc:248 Cuda Alloc Size 2097152 pointer 0x773719e00000 flags 3
amd-mi355x-5:86341:86537 [0] NCCL INFO Allocated shareable buffer 0x773719e00000 size 2097152 ipcDesc 0x7737d8004dd0
amd-mi355x-5:86341:86537 [0] NCCL INFO proxyProgressAsync opId=0x7737fc48c970 op.type=3 op.reqBuff=0x7737d805c070 op.respSize=88 done
amd-mi355x-5:86341:86406 [0] NCCL INFO ncclPollProxyResponse Received new opId=0x7737fc48c970
amd-mi355x-5:86341:86537 [0] NCCL INFO Received and initiated operation=Setup res=0
amd-mi355x-5:86341:86406 [0] NCCL INFO resp.opId=0x7737fc48c970 matches expected opId=0x7737fc48c970
amd-mi355x-5:86341:86406 [0] NCCL INFO Channel 39/0 : 0[5000] -> 3[75000] via P2P/IPC comm 0x3c85b900 nRanks 08
amd-mi355x-5:86341:86537 [0] NCCL INFO New proxy send connection 260 from local rank 0, transport 0
amd-mi355x-5:86341:86537 [0] NCCL INFO proxyProgressAsync opId=0x7737fc48c970 op.type=1 op.reqBuff=0x7737d8009950 op.respSize=16 done
amd-mi355x-5:86341:86406 [0] NCCL INFO ncclPollProxyResponse Received new opId=0x7737fc48c970
amd-mi355x-5:86341:86537 [0] NCCL INFO Received and initiated operation=Init res=0
amd-mi355x-5:86341:86406 [0] NCCL INFO resp.opId=0x7737fc48c970 matches expected opId=0x7737fc48c970
amd-mi355x-5:86341:86406 [0] NCCL INFO Connected to proxy localRank 0 -> connection 0x7737d807d0a0
amd-mi355x-5:86341:86537 [0] NCCL INFO /workspace/rccl/build/release/hipify/src/transport/p2p.cc:248 Cuda Alloc Size 2097152 pointer 0x773719a00000 flags 3
amd-mi355x-5:86341:86537 [0] NCCL INFO Allocated shareable buffer 0x773719a00000 size 2097152 ipcDesc 0x7737d8004dd0
amd-mi355x-5:86341:86537 [0] NCCL INFO proxyProgressAsync opId=0x7737fc48c970 op.type=3 op.reqBuff=0x7737d807a790 op.respSize=88 done
amd-mi355x-5:86341:86406 [0] NCCL INFO ncclPollProxyResponse Received new opId=0x7737fc48c970
amd-mi355x-5:86341:86537 [0] NCCL INFO Received and initiated operation=Setup res=0
amd-mi355x-5:86341:86406 [0] NCCL INFO resp.opId=0x7737fc48c970 matches expected opId=0x7737fc48c970
amd-mi355x-5:86341:86406 [0] NCCL INFO Channel 40/0 : 0[5000] -> 3[75000] via P2P/IPC comm 0x3c85b900 nRanks 08
amd-mi355x-5:86341:86537 [0] NCCL INFO New proxy send connection 261 from local rank 0, transport 0
amd-mi355x-5:86341:86537 [0] NCCL INFO proxyProgressAsync opId=0x7737fc48c970 op.type=1 op.reqBuff=0x7737d8076a40 op.respSize=16 done
amd-mi355x-5:86341:86406 [0] NCCL INFO ncclPollProxyResponse Received new opId=0x7737fc48c970
amd-mi355x-5:86341:86537 [0] NCCL INFO Received and initiated operation=Init res=0
amd-mi355x-5:86341:86406 [0] NCCL INFO resp.opId=0x7737fc48c970 matches expected opId=0x7737fc48c970
amd-mi355x-5:86341:86406 [0] NCCL INFO Connected to proxy localRank 0 -> connection 0x7737d807d118
amd-mi355x-5:86341:86537 [0] NCCL INFO /workspace/rccl/build/release/hipify/src/transport/p2p.cc:248 Cuda Alloc Size 2097152 pointer 0x773719600000 flags 3
amd-mi355x-5:86341:86537 [0] NCCL INFO Allocated shareable buffer 0x773719600000 size 2097152 ipcDesc 0x7737d8004dd0
amd-mi355x-5:86341:86537 [0] NCCL INFO proxyProgressAsync opId=0x7737fc48c970 op.type=3 op.reqBuff=0x7737d8061330 op.respSize=88 done
amd-mi355x-5:86341:86406 [0] NCCL INFO ncclPollProxyResponse Received new opId=0x7737fc48c970
amd-mi355x-5:86341:86537 [0] NCCL INFO Received and initiated operation=Setup res=0
amd-mi355x-5:86341:86406 [0] NCCL INFO resp.opId=0x7737fc48c970 matches expected opId=0x7737fc48c970
amd-mi355x-5:86341:86406 [0] NCCL INFO Channel 53/0 : 0[5000] -> 3[75000] via P2P/IPC comm 0x3c85b900 nRanks 08
amd-mi355x-5:86341:86537 [0] NCCL INamd-mi355x-5:86348:86532 [7] NCCL INFO New proxy recv connection 272 from local rank 7, transport 0
amd-mi355x-5:86348:86532 [7] NCCL INFO proxyProgressAsync opId=0x7e03b848cd80 op.type=1 op.reqBuff=0x7e03880466f0 op.respSize=16 done
amd-mi355x-5:86348:86413 [7] NCCL INFO ncclPollProxyResponse Received new opId=0x7e03b848cd80
amd-mi355x-5:86348:86532 [7] NCCL INFO Received and initiated operation=Init res=0
amd-mi355x-5:86348:86413 [7] NCCL INFO resp.opId=0x7e03b848cd80 matches expected opId=0x7e03b848cd80
amd-mi355x-5:86348:86413 [7] NCCL INFO Connected to proxy localamd-mi355x-5:86341:86537 [0] NCCL INamd-mi355x-5:86348:86532 [7] NCCL INFO /workspace/rccl/build/release/hipify/src/transport/p2p.cc:248 Cuda Alloc Size 6291456 pointer 0x7e02cac00000 flags 3
amd-mi355x-5:86348:86532 [7] NCCL INFO Allocated shareable buffer 0x7e02cac00000 size 6291456 ipcDesc 0x7e0388004dd0
amd-mi355x-5:86348:86532 [7] NCCL INFO proxyProgressAsync opId=0x7e03b848cd80 op.type=3 op.reqBuff=0x7e0388046730 op.respSize=88 done
amd-mi355x-5:86348:86413 [7] NCCL INFO ncclPollProxyResponse Received new opId=0x7e03b848cd80
amd-mi355x-5:86348:86532 [7] NCCL INFO Received and initiated operation=Setup res=0
amd-mi355x-5:86348:86413 [7] NCCL INFO resp.opId=0x7e03b848cd80 matches expected opId=0x7e03b848cd80
amd-mi355x-5:86348:86532 [7] NCCL INFO New proxy recv connection 273 from local rank 7, transport 0
amd-mi355x-5:86348:86532 [7] NCCL INFO proxyProgressAsync opId=0x7e03b848cd80 op.type=1 op.reqBuff=0x7e0388087900 op.respSize=16 done
amd-mi355x-5:86348:86413 [7] NCCL INFO ncclPollProxyResponse Received new opId=0x7e03b848cd80
amd-mi355x-5:86348:86532 [7] NCCL INFO Received and initiated operation=Init res=0
amd-mi355x-5:86348:86413 [7] NCCL INFO resp.opId=0x7e03b848cd80 matches expected opId=0x7e03b848cd80
amd-mi355x-5:86348:86413 [7] NCCL INFO Connected to proxy localRank 7 -> connection 0x7e038807d5d8
amd-mi355x-5:86348:86532 [7] NCCL INFO /workspace/rccl/build/release/hipify/src/transport/p2p.cc:248 Cuda Alloc Size 6291456 pointer 0x7e02ca400000 flags 3
amd-mi355x-5:86348:86532 [7] NCCL INFO Allocated shareable buffer 0x7e02ca400000 size 6291456 ipcDesc 0x7e0388004dd0
amd-mi355x-5:86348:86532 [7] NCCL INFO proxyProgressAsync opId=0x7e03b848cd80 op.type=3 op.reqBuff=0x7e038806e650 op.respSize=88 done
amd-mi355x-5:86348:86413 [7] NCCL INFO ncclPollProxyResponse Received new opId=0x7e03b848cd80
amd-mi355x-5:86348:86532 [7] NCCL INFO Received and initiated operation=Setup res=0
amd-mi355x-5:86348:86413 [7] NCCL INFO resp.opId=0x7e03b848cd80 matches expected opId=0x7e03b848cd80
amd-mi355x-5:86348:86532 [7] NCCL INFO New proxy recv connection 274 from local rank 7, transport 0
amd-mi355x-5:86348:86532 [7] NCCL INFO proxyProgressAsync opId=0x7e03b848cd80 op.type=1 op.reqBuff=0x7e0388077720 op.respSize=16 done
amd-mi355x-5:86348:86532 [7] NCCL INFO Received and initiated operation=Init res=0
amd-mi355x-5:86348:86413 [7] NCCL INFO ncclPollProxyResponse Received new opId=0x7e03b848cd80
amd-mi355x-5:86348:86413 [7] NCCL INFO resp.opId=0x7e03b848cd80 matches expected opId=0x7e03b848cd80
amd-mi355x-5:86348:86413 [7] NCCL INFO Connected to proxy localRank 7 -> connection 0x7e038807d650
amd-mi355x-5:86348:86532 [7] NCCL INFO /workspace/rccl/build/release/hipify/src/transport/p2p.cc:248 Cuda Alloc Size 6291456 pointer 0x7e02c9c00000 flags 3
amd-mi355x-5:86348:86532 [7] NCCL INFO Allocated shareable buffer 0x7e02c9c00000 size 6291456 ipcDesc 0x7e0388004dd0
amd-mi355x-5:86348:86532 [7] NCCL INFO proxyProgressAsync opId=0x7e03b848cd80 op.type=3 op.reqBuff=0x7e0388046520 op.respSize=88 done
amd-mi355x-5:86348:86413 [7] NCCL INFO ncclPollProxyResponse Received new opId=0x7e03b848cd80
amd-mi355x-5:86348:86532 [7] NCCL INFO Received and initiated operation=Setup res=0
amd-mi355x-5:86348:86413 [7] NCCL INFO resp.opId=0x7e03b848cd80 matches expected opId=0x7e03b848cd80
amd-mi355x-5:86348:86532 [7] NCCL INFO New proxy recv connection 275 from local rank 7, transport 0
amd-mi355x-5:86348:86532 [7] NCCL INFO proxyProgressAsync opId=0x7e03b848cd80 op.type=1 op.reqBuff=0x7e0388073e50 op.respSize=16 done
amd-mi355x-5:86348:86413 [7] NCCL INFO ncclPollProxyResponse Received new opId=0x7e03b848cd80
amd-mi355x-5:86348:86532 [7] NCCL INFO Received and initiated operation=Init res=0
amd-mi355x-5:86348:86413 [7] NCCL INFO resp.opId=0x7e03b848cd80 matches expected opId=0x7e03b848cd80
amd-mi355x-5:86348:86413 [7] NCCL INFO Connected to proxy localRank 7 -> connection 0x7e038807d6c8
amd-mi355x-5:86348:86532 [7] NCCL INFO /workspace/rccl/build/release/hipify/src/transport/p2p.cc:248 Cuda Alloc Size 6291456 pointer 0x7e02c9400000 flags 3
amd-mi355x-5:86348:86532 [7] NCCL INFO Allocated shareable buffer 0x7e02c9400000 size 6291456 ipcDesc 0x7e0388004dd0
amd-mi355x-5:86348:86532 [7amd-mi355x-5:86341:86537 [0] NCCL INFO /workspace/rccl/build/release/hipify/src/transport/p2p.cc:248 Cuda Alloc Size 2097152 pointer 0x773718600000 flags 3
amd-mi355x-5:86341:86537 [0] NCCL INFO Allocated shareable buffer 0x773718600000 size 2097152 ipcDesc 0x7737d8004dd0
amd-mi355x-5:86341:86537 [0] NCCL INFO proxyProgressAsync opId=0x7737fc48c970 op.type=3 op.reqBuff=0x7737d8049c70 op.respSize=88 done
amd-mi355x-5:86341:86406 [0] NCCL INFO ncclPollProxyResponse Received new opId=0x7737fc48c970
amd-mi355x-5:86341:86537 [0] NCCL INFO Received and initiated operation=Setup res=0
amd-mi355x-5:86341:86406 [0] NCCL INFO resp.opId=0x7737fc48c970 matches expected opId=0x7737fc48c970
amd-mi355x-5:86341:86406 [0] NCCL INFO Channel 81/0 : 0[5000] -> 3[75000] via P2P/IPC comm 0x3c85b900 nRanks 08
amd-mi355x-5:86341:86537 [0] NCCL INFO New proxy send connection 266 from local rank 0, transport 0
amd-mi355x-5:86341:86537 [0] NCCL INFO proxyProgressAsync opId=0x7737fc48c970 op.type=1 op.reqBuff=amd-mi355x-5:86348:86532 [7] NCCL INFO /workspace/rccl/build/release/hipify/src/transport/p2p.cc:248 Cuda Alloc Size 6291456 pointer 0x7e02c8c00000 flags 3
amd-mi355x-5:86348:86532 [7] NCCL INFO Allocated shareable buffer 0x7e02c8c00000 size 6291456 ipcDesc 0x7e0388004dd0
amd-mi355x-5:86348:86532 [7] NCCL INFO proxyProgressAsync opId=0x7e03b848cd80 op.type=3 op.reqBuff=0x7e038807b930 op.respSize=88 done
amd-mamd-mi355x-5:86341:86537 [0] NCCL INFO /workspace/rccl/build/release/hipify/src/transport/p2p.cc:248 Cuda Alloc Size 2097152 pointer 0x773718200000 flags 3
amd-mi355x-5:86341:86537 [0] NCCL INFO Allocated shareable buffer 0x773718200000 size 2097152 ipcDesc 0x7737d8004dd0
amd-mi355x-5:86341:86537 [0] NCCL INFO proxyProgressAsync opId=0x7737fc48c970 op.type=3 op.reqBuff=0x7737d8059750 op.respSize=88 done
amd-mi355x-5:86341:86406 [0] NCCL INFO ncclPollProxyResponse Received new opId=0x7737fc48c970
amd-mi355x-5:86341:86406 [0] NCCL INFO resp.opId=0x7737fc48c970 matches expected opId=0x7737fc48c970
amd-mi355x-5:86341:86537 [0] NCCL INFO Received and initiated operation=Setup res=0
amd-mi355x-5:86341:86406 [0] NCCL INFO Channel 82/0 : 0[5000] -> 3[75000] via P2P/IPC comm 0x3c85b900 nRanks 08
amd-mi355x-5:86341:86537 [0] NCCL INFO New proxy send connection 267 from local rank 0,amd-mi355x-5:86348:86532 [7] NCCL INFO /workspace/rccl/build/release/hipify/src/transport/p2p.cc:248 Cuda Alloc Size 6291456 pointer 0x7e02c8400000 flags 3
amd-mi355x-5:86348:86532 [7] NCCL INFO Allocated shareable buffer 0x7e02c8400000 size 6291456 ipcDesc 0x7e0388004dd0
amd-mi355x-5:86348:86532 [7] NCCL INFO proxyProgressAsync opId=0x7e03b848cd80 op.type=3 op.reqBuff=0x7e038806e5a0 op.respSize=88 done
amd-mi355x-5:86348:86413 [7] NCCL INFO ncclPollProxyResponse Received new opId=0x7e03b848cd80
amd-mi355x-5:86348:8653amd-mi355x-5:86341:86537 [0] NCCL INFO /workspace/rccl/build/release/hipify/src/transport/p2p.cc:248 Cuda Alloc Size 2097152 pointer 0x773717e00000 flags 3
amd-mi355x-5:86341:86537 [0] NCCL INFO Allocated shareable buffer 0x773717e00000 size 2097152 ipcDesc 0x7737d8004dd0
amd-mi355x-5:86341:86537 [0] NCCL INFO proxyProgressAsync opId=0x7737fc48c970 op.type=3 op.reqBuff=0x7737d8081f40 op.respSize=88 done
amd-mi355x-5:86341:86406 [0] NCCL INFO ncclPollProxyResponse Received new opId=0x7737fc48c970
amd-mi355x-5:86341:86537 [0] NCCL INFO Received and initiated operation=Setup res=0
amd-mi355x-5:86341:86406 [0] NCCL INFO resp.opId=0x7737fc48c970 matches expected opId=0x7737fc48c970
amd-mi355x-5:86341:86406 [0] NCCL INFO Channel 95/0 : 0[5000] -> 3[75000] via P2P/IPC camd-mi355x-5:86348:86532 [7] NCCL INFO /workspace/rccl/build/release/hipify/src/transport/p2p.cc:248 Cuda Alloc Size 6291456 pointer 0x7e02c7c00000 flags 3
amd-mi355x-5:86348:86532 [7] NCCL INFO Allocated shareable buffer 0x7e02c7c00000 size 6291456 ipcDesc 0x7e0388004dd0
amd-mi355x-5:86348:86532 [7] NCCL INFO proxyProgressAsync opId=0x7e03b848cd80 op.type=3 op.reqBuff=0x7e03880589b0 op.respSize=88 done
amd-mi355x-5:86348:86413 [7] NCCL INFO ncclPollProxyResponse Received new opId=0x7e03b848cd80
amd-mi355x-5:86348:86532 [7] NCCL INFO Received and initiated operation=Setup res=0
amd-mi355x-5:86348:86413 [7] NCCL INFO resp.opId=0xamd-mi355x-5:86341:86537 [0] NCCL INFO /workspace/rccl/build/release/hipify/src/transport/p2p.cc:248 Cuda Alloc Size 2097152 pointer 0x773717a00000 flags 3
