amd-mi355x-5:119547:119655 [3] NCCL INFO /workspace/rccl/build/release/hipify/src/transport/p2p.cc:248 Cuda Alloc Size 6291456 pointer 0x760697800000 flags 3
amd-mi355x-5:119547:119655 [3] NCCL INFO Allocated shareable buffer 0x760697800000 size 6291456 ipcDesc 0x76069c004db0
amd-mi355x-5:119547:119655 [3] NCCL INFO proxyProgressAsync opId=0x7606cc3435f0 op.type=3 op.reqBuff=0x76069c009350 op.respSize=88 done
amd-mi355x-5:119547:119589 [3] NCCL INFO ncclPollProxyResponse Received new opId=0x7606cc3435f0
amd-mi355x-5:119547:119655 [3] NCCL INFO Received and initiated operation=Setup res=0
amd-mi355x-5:119547:119589 [3] NCCL INFO resp.opId=0x7606cc3435f0 matches expected opId=0x7606cc3435f0
amd-mi355x-5:119547:119655 [3] NCCL INFO New proxy recv connection 10 from local rank 3, transport 0
amd-mi355x-5:119547:119655 [3] NCCL INFO proxyProgressAsync opId=0x7606cc3435f0 op.type=1 op.reqBuff=0x76069c009370 op.respSize=16 done
amd-mi355x-5:119547:119589 [3] NCCL INFO ncclPollProxyResponse Received new opId=0x7606cc3435f0
amd-mi355x-5:119547:119655 [3] NCCL INFO Received and initiated operation=Init res=0
amd-mi355x-5:119547:119589 [3] NCCL INFO resp.opId=0x7606cc3435f0 matches expected opId=0x7606cc3435f0
amd-mi355x-5:119547:119589 [3] NCCL INFO Connected to proxy localRank 3 -> connection 0x76069c0015e0
amd-mi355x-5:119547:119655 [3] NCCL INFO /workspace/rccl/build/release/hipify/src/transport/p2p.cc:248 Cuda Alloc Size 6291456 pointer 0x760697000000 flags 3
amd-mi355x-5:119547:119655 [3] NCCL INFO Allocated shareable buffer 0x760697000000 size 6291456 ipcDesc 0x76069c004db0
amd-mi355x-5:119547:119655 [3] NCCL INFO proxyProgressAsync opId=0x7606cc3435f0 op.type=3 op.reqBuff=0x76069c008c10 op.respSize=88 done
amd-mi355x-5:119547:119589 [3] NCCL INFO ncclPollProxyResponse Received new opId=0x7606cc3435f0
amd-mi355x-5:119547:119655 [3] NCCL INFO Received and initiated operation=Setup res=0
amd-mi355x-5:119547:119589 [3] NCCL INFO resp.opId=0x7606cc3435f0 matches expected opId=0x7606cc3435f0
amd-mi355x-5:119547:119655 [3] NCCL INFO New proxy recv connection 11 from local rank 3, transport 0
amd-mi355x-5:119547:119655 [3] NCCL INFO proxyProgressAsync opId=0x7606cc3435f0 op.type=1 op.reqBuff=0x76069c008560 op.respSize=16 done
amd-mi355x-5:119547:119589 [3] NCCL INFO ncclPollProxyResponse Received new opId=0x7606cc3435f0
amd-mi355x-5:119547:119655 [3] NCCL INFO Received and initiated operation=Init res=0
amd-mi355x-5:119547:119589 [3] NCCL INFO resp.opId=0x7606cc3435f0 matches expected opId=0x7606cc3435f0
amd-mi355x-5:119547:119589 [3] NCCL INFO Connected to proxy localRank 3 -> connection 0x76069c001658
amd-mi355x-5:119547:119655 [3] NCCL INFO /workspace/rccl/build/release/hipify/src/transport/p2p.cc:248 Cuda Alloc Size 6291456 pointer 0x760696800000 flags 3
amd-mi355x-5:119547:119655 [3] NCCL INFO Allocated shareable buffer 0x760696800000 size 6291456 ipcDesc 0x76069c004db0
amd-mi355x-5:119547:119655 [3] NCCL INFO proxyProgressAsync opId=0x7606cc3435f0 op.type=3 op.reqBuff=0x76069c009370 op.respSize=88 done
amd-mi355x-5:119547:119589 [3] NCCL INFO ncclPollProxyResponse Received new opId=0x7606cc3435f0
amd-mi355x-5:119547:119655 [3] NCCL INFO Received and initiated operation=Setup res=0
amd-mi355x-5:119547:119589 [3] NCCL INFO resp.opId=0x7606cc3435f0 matches expected opId=0x7606cc3435f0
amd-mi355x-5:119547:119655 [3] NCCL INFO New proxy recv connection 12 from local rank 3, transport 0
amd-mi355x-5:119547:119655 [3] NCCL INFO proxyProgressAsync opId=0x7606cc3435f0 op.type=1 op.reqBuff=0x76069c009ad0 op.respSize=16 done
amd-mi355x-5:119547:119589 [3] NCCL INFO ncclPollProxyResponse Received new opId=0x7606cc3435f0
amd-mi355x-5:119547:119655 [3] NCCL INFO Received and initiated operation=Init res=0
amd-mi355x-5:119547:119589 [3] NCCL INFO resp.opId=0x7606cc3435f0 matches expected opId=0x7606cc3435f0
amd-mi355x-5:119547:119589 [3] NCCL INFO Connected to proxy localRank 3 -> connection 0x76069c0016d0
amd-mi355x-5:119547:119655 [3] NCCL INFO /workspace/rccl/build/release/hipify/src/transport/p2p.cc:248 Cuda Alloc Size 6291456 pointer 0x760696000000 flags 3
amd-mi355x-5:119547:119655 [3] NCCL INFO Allocated shareable buffer 0x760696000000 size 6291456 ipcDesc 0x76069c004db0
amd-mi355x-5:119547:119655 [3] NCCL INFO proxyProgressAsync opId=0x7606cc3435f0 op.type=3 op.reqBuff=0x76069c008c10 op.respSize=88 done
amd-mi355x-5:119547:119589 [3] NCCL INFO ncclPollProxyResponse Received new opId=0x7606cc3435f0
amd-mi355x-5:119547:119655 [3] NCCL INFO Received and initiated operation=Setup res=0
amd-mi355x-5:119547:119589 [3] NCCL INFO resp.opId=0x7606cc3435f0 matches expected opId=0x7606cc3435f0
amd-mi355x-5:119547:119655 [3] NCCL INFO New proxy recv connection 13 from local rank 3, transport 0
amd-mi355x-5:119547:119655 [3] NCCL INFO proxyProgressAsync opId=0x7606cc3435f0 op.type=1 op.reqBuff=0x76069c00dda0 op.respSize=16 done
amd-mi355x-5:119547:119589 [3] NCCL INFO ncclPollProxyResponse Received new opId=0x7606cc3435f0
amd-mi355x-5:119547:119655 [3] NCCL INFO Received and initiated operation=Init res=0
amd-mi355x-5:119547:119589 [3] NCCL INFO resp.opId=0x7606cc3435f0 matches expected opId=0x7606cc3435f0
amd-mi355x-5:119547:119589 [3] NCCL INFO Connected to proxy localRank 3 -> connection 0x76069c001748
amd-mi355x-5:119547:119655 [3] NCCL INFO /workspace/rccl/build/release/hipify/src/transport/p2p.cc:248 Cuda Alloc Size 6291456 pointer 0x760695800000 flags 3
amd-mi355x-5:119547:119655 [3] NCCL INFO Allocated shareable buffer 0x760695800000 size 6291456 ipcDesc 0x76069c004db0
amd-mi355x-5:119547:119655 [3] NCCL INFO proxyProgressAsync opId=0x7606cc3435f0 op.type=3 op.reqBuff=0x76069c00a250 op.respSize=88 done
amd-mi355x-5:119547:119589 [3] NCCL INFO ncclPollProxyResponse Received new opId=0x7606cc3435f0
amd-mi355x-5:119547:119655 [3] NCCL INFO Received and initiated operation=Setup res=0
amd-mi355x-5:119547:119589 [3] NCCL INFO resp.opId=0x7606cc3435f0 matches expected opId=0x7606cc3435f0
amd-mi355x-5:119547:119655 [3] NCCL INFO New proxy recv connection 14 from local rank 3, transport 0
amd-mi355x-5:119547:119655 [3] NCCL INFO proxyProgressAsync opId=0x7606cc3435f0 op.type=1 op.reqBuff=0x76069c00a340 op.respSize=16 done
amd-mi355x-5:119547:119589 [3] NCCL INFO ncclPollProxyResponse Received new opId=0x7606cc3435f0
amd-mi355x-5:119547:119655 [3] NCCL INFO Received and initiated operation=Init res=0
amd-mi355x-5:119547:119589 [3] NCCL INFO resp.opId=0x7606cc3435f0 matches expected opId=0x7606cc3435f0
amd-mi355x-5:119547:119589 [3] NCCL INFO Connected to proxy localRank 3 -> connection 0x76069c0017c0
amd-mi355x-5:119547:119655 [3] NCCL INFO /workspace/rccl/build/release/hipify/src/transport/p2p.cc:248 Cuda Alloc Size 6291456 pointer 0x760695000000 flags 3
amd-mi355x-5:119547:119655 [3] NCCL INFO Allocated shareable buffer 0x760695000000 size 6291456 ipcDesc 0x76069c004db0
amd-mi355x-5:119547:119655 [3] NCCL INFO proxyProgressAsync opId=0x7606cc3435f0 op.type=3 op.reqBuff=0x76069c00a360 op.respSize=88 done
amd-mi355x-5:119547:119589 [3] NCCL INFO ncclPollProxyResponse Received new opId=0x7606cc3435f0
amd-mi355x-5:119547:119655 [3] NCCL INFO Received and initiated operation=Setup res=0
amd-mi355x-5:119547:119589 [3] NCCL INFO resp.opId=0x7606cc3435f0 matches expected opId=0x7606cc3435f0
amd-mi355x-5:119547:119655 [3] NCCL INFO New proxy recv connection 15 from local rank 3, transport 0
amd-mi355x-5:119547:119655 [3] NCCL INFO proxyProgressAsync opId=0x7606cc3435f0 op.type=1 op.reqBuff=0x76069c00a250 op.respSize=16 done
amd-mi355x-5:119547:119589 [3] NCCL INFO ncclPollProxyResponse Received new opId=0x7606cc3435f0
amd-mi355x-5:119547:119655 [3] NCCL INFO Received and initiated operation=Init res=0
amd-mi355x-5:119547:119589 [3] NCCL INFO resp.opId=0x7606cc3435f0 matches expected opId=0x7606cc3435f0
amd-mi355x-5:119547:119589 [3] NCCL INFO Connected to proxy localRank 3 -> connection 0x76069c001838
amd-mi355x-5:119547:119655 [3] NCCL INFO /workspace/rccl/build/release/hipify/src/transport/p2p.cc:248 Cuda Alloc Size 6291456 pointer 0x760694800000 flags 3
amd-mi355x-5:119547:119655 [3] NCCL INFO Allocated shareable buffer 0x760694800000 size 6291456 ipcDesc 0x76069c004db0
amd-mi355x-5:119547:119655 [3] NCCL INFO proxyProgressAsync opId=0x7606cc3435f0 op.type=3 op.reqBuff=0x76069c00a9d0 op.respSize=88 done
amd-mi355x-5:119547:119589 [3] NCCL INFO ncclPollProxyResponse Received new opId=0x7606cc3435f0
amd-mi355x-5:119547:119655 [3] NCCL INFO Received and initiated operation=Setup res=0
amd-mi355x-5:119547:119589 [3] NCCL INFO resp.opId=0x7606cc3435f0 matches expected opId=0x7606cc3435f0
amd-mi355x-5:119547:119655 [3] NCCL INFO New proxy recv connection 16 from local rank 3, transport 0
amd-mi355x-5:119547:119655 [3] NCCL INFO proxyProgressAsync opId=0x7606cc3435f0 op.type=1 op.reqBuff=0x76069c00aac0 op.respSize=16 done
amd-mi355x-5:119547:119589 [3] NCCL INFO ncclPollProxyResponse Received new opId=0x7606cc3435f0
amd-mi355x-5:119547:119655 [3] NCCL INFO Received and initiated operation=Init res=0
amd-mi355x-5:119547:119589 [3] NCCL INFO resp.opId=0x7606cc3435f0 matches expected opId=0x7606cc3435f0
amd-mi355x-5:119547:119589 [3] NCCL INFO Connected to proxy localRank 3 -> connection 0x76069c0018b0
amd-mi355x-5:119547:119655 [3] NCCL INFO /workspace/rccl/build/release/hipify/src/transport/p2p.cc:248 Cuda Alloc Size 6291456 pointer 0x760694000000 flags 3
amd-mi355x-5:119547:119655 [3] NCCL INFO Allocated shareable buffer 0x760694000000 size 6291456 ipcDesc 0x76069c004db0
amd-mi355x-5:119547:119655 [3] NCCL INFO proxyProgressAsync opId=0x7606cc3435f0 op.type=3 op.reqBuff=0x76069c00aae0 op.respSize=88 done
amd-mi355x-5:119547:119589 [3] NCCL INFO ncclPollProxyResponse Received new opId=0x7606cc3435f0
amd-mi355x-5:119547:119655 [3] NCCL INFO Received and initiated operation=Setup res=0
amd-mi355x-5:119547:119589 [3] NCCL INFO resp.opId=0x7606cc3435f0 matches expected opId=0x7606cc3435f0
amd-mi355x-5:119547:119655 [3] NCCL INFO New proxy recv connection 17 from local rank 3, transport 0
amd-mi355x-5:119547:119655 [3] NCCL INFO proxyProgressAsync opId=0x7606cc3435f0 op.type=1 op.reqBuff=0x76069c00dda0 op.respSize=16 done
amd-mi355x-5:119547:119589 [3] NCCL INFO ncclPollProxyResponse Received new opId=0x7606cc3435f0
amd-mi355x-5:119547:119655 [3] NCCL INFO Received and initiated operation=Init res=0
amd-mi355x-5:119547:119589 [3] NCCL INFO resp.opId=0x7606cc3435f0 matches expected opId=0x7606cc3435f0
amd-mi355x-5:119547:119589 [3] NCCL INFO Connected to proxy localRank 3 -> connection 0x76069c001928
amd-mi355x-5:119547:119655 [3] NCCL INFO /workspace/rccl/build/release/hipify/src/transport/p2p.cc:248 Cuda Alloc Size 6291456 pointer 0x760693800000 flags 3
amd-mi355x-5:119547:119655 [3] NCCL INFO Allocated shareable buffer 0x760693800000 size 6291456 ipcDesc 0x76069c004db0
amd-mi355x-5:119547:119655 [3] NCCL INFO proxyProgressAsync opId=0x7606cc3435f0 op.type=3 op.reqBuff=0x76069c00ad90 op.respSize=88 done
amd-mi355x-5:119547:119589 [3] NCCL INFO ncclPollProxyResponse Received new opId=0x7606cc3435f0
amd-mi355x-5:119547:119655 [3] NCCL INFO Received and initiated operation=Setup res=0
amd-mi355x-5:119547:119589 [3] NCCL INFO resp.opId=0x7606cc3435f0 matches expected opId=0x7606cc3435f0
amd-mi355x-5:119547:119655 [3] NCCL INFO New proxy recv connection 18 from local rank 3, transport 0
amd-mi355x-5:119547:119655 [3] NCCL INFO proxyProgressAsync opId=0x7606cc3435f0 op.type=1 op.reqBuff=0x76069c00b150 op.respSize=16 done
amd-mi355x-5:119547:119589 [3] NCCL INFO ncclPollProxyResponse Received new opId=0x7606cc3435f0
amd-mi355x-5:119547:119655 [3] NCCL INFO Received and initiated operation=Init res=0
amd-mi355x-5:119547:119589 [3] NCCL INFO resp.opId=0x7606cc3435f0 matches expected opId=0x7606cc3435f0
amd-mi355x-5:119547:119589 [3] NCCL INFO Connected to proxy localRank 3 -> connection 0x76069c0019a0
amd-mi355x-5:119547:119655 [3] NCCL INFO /workspace/rccl/build/release/hipify/src/transport/p2p.cc:248 Cuda Alloc Size 6291456 pointer 0x760693000000 flags 3
amd-mi355x-5:119547:119655 [3] NCCL INFO Allocated shareable buffer 0x760693000000 size 6291456 ipcDesc 0x76069c004db0
amd-mi355x-5:119547:119655 [3] NCCL INFO proxyProgressAsync opId=0x7606cc3435f0 op.type=3 op.reqBuff=0x76069c00b170 op.respSize=88 done
amd-mi355x-5:119547:119589 [3] NCCL INFO ncclPollProxyResponse Received new opId=0x7606cc3435f0
amd-mi355x-5:119547:119655 [3] NCCL INFO Received and initiated operation=Setup res=0
amd-mi355x-5:119547:119589 [3] NCCL INFO resp.opId=0x7606cc3435f0 matches expected opId=0x7606cc3435f0
amd-mi355x-5:119547:119655 [3] NCCL INFO New proxy recv connection 19 from local rank 3, transport 0
amd-mi355x-5:119547:119655 [3] NCCL INFO proxyProgressAsync opId=0x7606cc3435f0 op.type=1 op.reqBuff=0x76069c00abb0 op.respSize=16 done
amd-mi355x-5:119547:119589 [3] NCCL INFO ncclPollProxyResponse Received new opId=0x7606cc3435f0
amd-mi355x-5:119547:119655 [3] NCCL INFO Received and initiated operation=Init res=0
amd-mi355x-5:amd-mi355x-5:119544:119658 [0] NCCL INFO New proxy recv connection 16 from local rank 0, transport 2
amd-mi355x-5:119544:119658 [0] NCCL INFO proxyProgressAsync opId=0x7551f4346ec0 op.type=1 op.reqBuff=0x7551d000aac0 op.respSize=16 done
amd-mi355x-5:119544:119587 [0] NCCL INFO ncclPollProxyResponse Received new opId=0x7551f4346ec0
amd-mi355x-5:119544:119658 [0] NCCL INFO Received and initiated operation=Init res=0
amd-mi355x-5:119544:119587 [0] NCCL INFO resp.opId=0x7551f4346ec0 matches expected opId=0x7551f4346ec0
amd-mi355x-5:119544:119587 [0] NCCL INFO Connected to proxy localRank 0 -> connection 0x7551d00018b0
amd-mi355x-5:119544:119658 [0] NCCL INFO proxyProgressAsync opId=0x7551f4346ec0 op.type=3 op.reqBuff=0x7551d00093a0 op.respSize=128 done
amd-mi355x-5:119544:119587 [0] NCCL INFO ncclPollProxyResponse Received new opId=0x7551f4346ec0
amd-mi355x-5:119544:119658 [0] NCCL INFO Received and initiated operation=Setup res=0
amd-mi355x-5:119544:119587 [0] NCCL INFO resp.opId=0x7551f4346ec0 matches expected opId=0x7551f4346ec0
amd-mi355x-5:119544:119587 [0] NCCL INFO Channel 00/0 : 5[1] -> 0[0] [receive] via NET/IB/0/GDRDMA comm 0x363b5460 nRanks 08
amd-mi355x-5:119544:119587 [0] NCCL INFO GPU Direct RDMA Disabled for GPU 0 / HCA 1 (distance 7 > 5)
amd-mi355x-5:119544:119658 [0] NCCL INFO New proxy recv connection 17 from local rank 0, transport 2
amd-mi355x-5:119544:119658 [0] NCCL INFO proxyProgressAsync opId=0x7551f4346ec0 op.type=1 op.reqBuff=0x7551d000ae20 op.respSize=16 done
amd-amd-mi355x-5:119547:119655 [3] NCCL INFO /workspace/rccl/build/release/hipify/src/transport/p2p.cc:248 Cuda Alloc Size 6291456 pointer 0x760692000000 flags 3
amd-mi355x-5:119547:119655 [3] NCCL INFO Allocated shareable buffer 0x760692000000 size 6291456 ipcDesc 0x76069c004db0
amd-mi355x-5:119547:119655 [3] NCCL INFO proxyProgressAsync opId=0x7606cc3435f0 op.type=3 op.reqBuff=0x76069c00aef0 op.respSize=88 done
amd-mi355x-5:119547:119589 [3] NCCL INFO ncclPollProxyResponse Received new opId=0x7606cc3435f0
amd-mi355x-5:119547:119655 [3] NCCL INFO Received and initiated operation=Setup res=0
amd-mi355x-5:119547:119589 [3] NCCL INFO resp.opId=0x7606cc3435f0 matches expected opId=0x7606cc3435f0
amd-mi355x-5:119547:119655 [3] NCCL INFO New proxy recv connection 21 from local rank 3, transport 0
amd-mi355x-5:119547:119655 [3] NCCL INFO proxyProgressAsync opId=0x7606cc3435f0 op.type=1 op.reqBuff=0x76069c007280 op.respSize=16 done
amd-mi355x-5:119547:119589 [3] NCCL INFO ncclPollProxyResponse Received new opId=0x7606cc3435f0
amd-mi355x-5:119547:119655 [3] NCCL INFO Received and initiated operation=Init res=0
amd-mi355x-5:119547:119589 [3] NCCL INFO resp.opId=0x7606cc3435f0 matches expected opId=0x7606cc3435f0
amd-mi355x-5:119547:119589 [3] NCCL INFO Connected to proxy localRank 3 -> connection 0x76069c001b08
amd-mi355x-5:119547:119655 [3] NCCL INFO /workspace/rccl/build/release/hipify/src/transport/p2p.cc:248 Cuda Alloc Size 6291456 pointer 0x760691800000 flags 3
amd-mi355x-5:119547:119655 [3] NCCL INFO Allocated shareable buffer 0x760691800000 size 6291456 ipcDesc 0x76069c004db0
amd-mi355x-5:119547:119655 [3] NCCL INFO proxyProgressAsync opId=0x7606cc3435f0 op.type=3 op.reqBuff=0x76069c0072a0 op.respSize=88 done
amd-mi355x-5:119547:119589 [3] NCCL INFO ncclPollProxyResponse Received new opId=0x7606cc3435f0
amd-mi355x-5:119547:119655 [3] NCCL INFO Received and initiated operation=Setup res=0
amd-mi355x-5:119547:119589 [3] NCCL INFO resp.opId=0x7606cc3435f0 matches expected opId=0x7606cc3435f0
amd-mi355x-5:119547:119655 [3] NCCL INFO New proxy recv connection 22 from local rank 3, transport 0
amd-mi355x-5:119547:119655 [3] NCCL INFO proxyProgressAsync opId=0x7606cc3435f0 op.type=1 op.reqBuff=0x76069c00ad90 op.respSize=16 done
amd-mi355x-5:119547:119589 [3] NCCL INFO ncclPollProxyResponse Received new opId=0x7606cc3435f0
amd-mi355x-5:119547:119655 [3] NCCL INFO Received and initiated operation=Init res=0
amd-mi355x-5:119547:119589 [3] NCCL INFO resp.opId=0x7606cc3435f0 matches expected opId=0x7606cc3435f0
amd-mi355x-5:119547:119589 [3] NCCL INFO Connected to proxy localRank 3 -> connection 0x76069c001b80
amd-mi355x-5:119547:119655 [3] NCCL INFO /workspace/rccl/build/release/hipify/src/transport/p2p.cc:248 Cuda Alloc Size 6291456 pointer 0x760691000000 flags 3
amd-mi355x-5:119547:119655 [3] NCCL INFO Allocated shareable buffer 0x760691000000 size 6291456 ipcDesc 0x76069c004db0
amd-mi355x-5:119547:119655 [3] NCCL INFO proxyProgressAsync opId=0x7606cc3435f0 op.type=3 op.reqBamd-mi355x-5:119544:119658 [0] NCCL INFO proxyProgressAsync opId=0x7551f4346ec0 op.type=3 op.reqBuff=0x7551d00093a0 op.respSize=128 done
amd-mi355x-5:119544:119587 [0] NCCL INFO ncclPollProxyResponse Received new opId=0x7551f4346ec0
amd-mi355x-5:119544:119658 [0] NCCL INFO Received and initiated operation=Setup res=0
amd-mi355x-5:119544:119587 [0] NCCL INFO resp.opId=0x7551f4346ec0 matches expected opId=0x7551f4346ec0
amd-mi355x-5:119544:119587 [0] NCCL INFO Channel 09/0 : 5[1] -> 0[0] [receive] via NET/IB/1 comm 0x363b5460 nRanks 08
amd-mi355x-5:119544:119587 [0] NCCL INFO GPU Direct RDMA Enabled for GPU 0 / HCA 0 (distance 5 <= 5), read 0 mode Default
amd-mi355x-5:119544:119658 [0] NCCL INFO New proxy recv connection 20 from local rank 0, transport 2
amd-mi355x-5:119544:119658 [0] NCCL INFO proxyProgressAsync opId=0x7551f4346ec0 op.type=1 op.reqBuff=0x7551d000cdd0 op.respSize=16 done
amd-mi355x-5:119544:119587 [0] NCCL INFO ncclPollProxyResponse Received new opId=0x7551f4346ec0
amd-mi355x-5:119544:119658 [0] NCCL INFO Received and initiated operation=Init res=0
amd-mi355x-5:119544:119587 [0] NCCL INFO resp.opId=0x7551f4346ec0 matches expected opId=0x7551f4346ec0
amd-mi355x-5:119544:119587 [0] NCCL INFO Connected to proxy localRank 0 -> connection 0x7551d0001a90
amd-mi355x-5:119544:119658 [0] NCCL INFO proxyProgressAsync opId=0x7551f4346ec0 op.type=3 op.reqBuff=0x7551d00093a0 op.respSize=128 done
amd-mi355x-5:119544:119587 [0] NCCL INFO ncclPollProxyResponse Received new opId=0x7551f4346ec0
amd-mi355x-5:119544:119658 [0] NCCL INFO Received and initiated operation=Setup res=0
amd-mi355x-5:119544:119587 [0] NCCL INFO resp.opId=0x7551f4346ec0 matches expected opId=0x7551f4346ec0
amd-mi355x-5:119544:119587 [0] NCCL INFO Channel 16/0 : 5[1] -> 0[0] [receive] via NET/IB/0/GDRDMA comm 0x363b5460 nRanks 08
amd-mi355x-5:119544:119587 [0] NCCL INFO GPU Direct RDMA Disabled for GPU 0 / HCA 1 (distance 7 > 5)
amd-mi355x-5:119544:119658 [0] NCCL INFO New proxy recv connection 21 from local rank 0, transport 2
amd-mi355x-5:119544:119658 [0] NCCL INFO proxyProgressAsync opId=0x7551f4346ec0 op.type=1 op.reqBuff=0x7551d000bd30 op.respSize=16 done
amd-mi355x-5:119544:119587 [0] NCCL INFO ncclPollProxyResponse Received new opId=0x7551f4346ec0
amd-mi355x-5:119544:119658 [0] NCCL INFO Received and initiated operation=Init res=0
amd-mi355x-5:119544:119587 [0] NCCL INFO resp.opId=0x7551f4346ec0 matches expected opId=0x7551f4346ec0
amd-mi355x-5:119544:119587 [0] NCCL INFO Connected to proxy localRank 0 -> connection 0x7551d0001b08
amd-mi355x-5:119544:119658 [0] NCCL INFO proxyProgressAsync opId=0x7551f4346ec0 op.type=3 op.reqBuff=0x7551d00093a0 op.respSize=128 done
amd-mi355x-5:119544:119587 [0] NCCL INFO ncclPollProxyResponse Received new opId=0x7551f4346ec0
amd-mi355x-5:119544:119658 [0] NCCL INFO Received and initiated operation=Setup res=0
amd-mi355x-5:119544:119587 [0] NCCL INFO resp.opId=0x7551f4346ec0 matches expected opId=0x7551f4346ec0
amd-mi355x-5:119544:119587 [0] NCCL INFO Channel 17/0 : 5[1] -> 0[0] [receive] via NET/IB/1 comm 0x363b5460 nRanks 08
amd-mi355x-5:119544:119587 [0] NCCL INFO GPU Direct RDMA Enabled for GPU 0 / HCA 0 (distance 5 <= 5), read 0 mode Default
amd-mi355x-5:119544:119658 [0] NCCL INFO New proxy recv connection 22 from local rank 0, transport 2
amd-mi355x-5:119544:119658 [0] NCCL INFO proxyProgressAsync opId=0x7551f4346ec0 op.type=1 op.reqBuff=0x7551d000db50 op.respSize=16 done
amd-mi355x-5:119544:119587 [0] NCCL INFO ncclPollProxyResponse Received new opId=0x7551f4346ec0
amd-mi355x-5:119544:119658 [0] NCCL INFO Received and initiated operation=Init res=0
amd-mi355x-5:119544:119587 [0] NCCL INFO resp.opId=0x7551f4346ec0 matches expected opId=0x7551f4346ec0
amd-mi355x-5:119544:119587 [0] NCCL INFO Connected to proxy localRank 0 -> connection 0x7551d0001b80
amd-mi355x-5:119544:119658 [0] NCCL INFO proxyProgressAsync opId=0x7551f4346ec0 op.type=3 op.reqBuff=0x7551d00093a0 op.respSize=128 done
amd-mi355x-5:119544:119587 [0] NCCL INFO ncclPollProxyResponse Received new opId=0x7551f4346ec0
amd-mi355x-5:119544:119658 [0] NCCL INFO Received and initiated operation=Setup res=0
amd-mi355x-5:119544:119587 [0] NCCL INFO resp.opId=0x7551f4346ec0 matches expected opId=0x7551f4346ec0
amd-mi355x-5:119544:119587 [0] NCCL INFO Channel 24/0 : 5[1] -> 0[0] [receive] via NET/IB/0/GDRDMA comm 0x363b5460 nRanks 08
amd-mi355x-5:119544:119587 [0] NCCL INFO GPU Direct RDMA Disabled for GPU 0 / HCA 1 (distance 7 > 5)
amd-mi355x-5:119544:119658 [0] NCCL INFO New proxy recv connection 23 from local rank 0, transport 2
amd-mi355x-5:119544:119658 [0] NCCL INFO proxyProgressAsync opId=0x7551f4346ec0 op.type=1 op.reqBuff=0x7551d000ae20 op.respSize=16 done
amd-mi355x-5:119544:119587 [0] NCCL INFO ncclPollProxyResponse Received new opId=0x7551f4346ec0
amd-mi355x-5:119544:119658 [0] NCCL INFO Received and initiated operation=Init res=0
amd-mi355x-5:119544:119587 [0] NCCL INFO resp.opId=0x7551f4346ec0 matches expected opId=0x7551f4346ec0
amd-mi355x-5:119544:119587 [0] NCCL INFO Connected to proxy localRank 0 -> connection 0x7551d0001bf8
amd-mi355x-5:119544:119658 [0] NCCL INFO proxyProgressAsync opId=0x7551f4346ec0 op.type=3 op.reqBuff=0x7551d00093a0 op.respSize=128 done
amd-mi355x-5:119544:119587 [0] NCCL INFO ncclPollProxyResponse Received new opId=0x7551f4346ec0
amd-mi355x-5:119544:119658 [0] NCCL INFO Received and initiated operation=Setup res=0
amd-mi355x-5:119544:119587 [0] NCCL INFO resp.opId=0x7551f4346ec0 matches expected opId=0x7551f4346ec0
amd-mi355x-5:119544:119587 [0] NCCL INFO Channel 25/0 : 5[1] -> 0[0] [receive] via NET/IB/1 comm 0x363b5460 nRanks 08
amd-mi355x-5:119544:119587 [0] NCCL INFO Channel 00/0 : 0[5000] -> 3[75000] via P2P/IPC comm 0x363b5460 nRanks 08
amd-mi355x-5:119544:119658 [0] NCCL INFO New proxy send connection 24 from local rank 0, transport 0
amd-mi355x-5:119544:119658 [0] NCCL INFO proxyProgressAsync opId=0x7551f4346ec0 op.type=1 op.reqBuff=0x7551d000e8d0 op.respSize=16 done
amd-mi355x-5:119544:119587 [0] NCCL INFO ncclPollProxyResponse Received new opId=0x7551f4346ec0
amd-mi355x-5:119544:119658 [0] NCCL INFO Received and initiated operation=Init res=0
amd-mi355x-5:119544:119587 [0] NCCL INFO resp.opId=0x7551f4346ec0 matches expected opId=0x7551f4346ec0
amd-mi355x-5:119544:119587 [0] NCCL INFO Connected to proxy localRank 0 -> connection 0x7551d0001c70
amd-mi355x-5:119544:119658 [0] NCCL INFO /workspace/rccl/build/release/hipify/src/transport/p2p.cc:248 Cuda Alloc Size 2097152 pointer 0x7551bf200000 flags 3
amd-mi355x-5:119544:119658 [0] NCCL INFO Allocated shareable buffer 0x7551bf200000 size 2097152 ipcDesc 0x7551d0004db0
amd-mi355x-5:119544:119658 [0] NCCL INFO proxyProgressAsync opId=0x7551f4346ec0 op.type=3 op.reqBuff=0x7551d000b320 op.respSize=88 done
amd-mi355x-5:119544:119587 [0] NCCL INFO ncclPollProxyResponse Received new opId=0x7551f4346ec0
amd-mi355x-5:119544:119658 [0] NCCL INFO Received and initiated operation=Setup res=0
amd-mi355x-5:119544:119587 [0] NCCL INFO resp.opId=0x7551f4346ec0 matches expected opId=0x7551f4346ec0
amd-mi355x-5:119544:119587 [0] NCCL INFO Channel 01/0 : 0[5000] -> 3[75000] via P2P/IPC comm 0x363b5460 nRanks 08
amd-mi355x-5:119544:119658 [0] NCCL INFO New proxy send connection 25 from local rank 0, transport 0
amd-mi355x-5:119544:119658 [0] NCCL INFO proxyProgressAsync opId=0x7551f4346ec0 op.type=1 op.reqBuff=0x7551d0009be0 op.respSize=16 done
amd-mi355x-5:119544:119587 [0] NCCL INFO ncclPollProxyResponse Received new opId=0x7551f4346ec0
amd-mi355x-5:119544:119658 [0] NCCL INFO Received and initiated operation=Init res=0
amd-mi355x-5:119544:119587 [0] NCCL INFO resp.opId=0x7551f4346ec0 matches expected opId=0x7551f4346ec0
amd-mi355x-5:119544:119587 [0] NCCL INFO Connected to proxy localRank 0 -> connection 0x7551d0001ce8
amd-mi355x-5:119544:119658 [0] NCCL INFO /workspace/rccl/build/release/hipify/src/transport/p2p.cc:248 Cuda Alloc Size 2097152 pointer 0x7551bee00000 flags 3
amd-mi355x-5:119544:119658 [0] NCCL INFO Allocated shareable buffer 0x7551bee00000 size 2097152 ipcDesc 0x7551d0004db0
amd-mi355x-5:119544:119658 [0] NCCL INFO proxyProgressAsync opId=0x7551f4346ec0 op.type=3 op.reqBuff=0x7551d000a250 op.respSize=88 done
amd-mi355x-5:119544:119587 [0] NCCL INFO ncclPollProxyResponse Received new opId=0x7551f4346ec0
amd-mi355x-5:119544:119658 [0] NCCL INFO Received and initiated operation=Setup res=0
amd-mi355x-5:119544:119587 [0] NCCL INFO resp.opId=0x7551f4346ec0 matches expected opId=0x7551f4346ec0
amd-mi355x-5:119544:119587 [0] NCCL INFO Channel 08/0 : 0[5000] -> 3[75000] via P2P/IPC comm 0x363b5460 nRanks 08
amd-mi355x-5:119544:119658 [0] NCCL INFO New proxy send connection 26 from local rank 0, transport 0
amd-mi355x-5:119544:119658 [0] NCCL INFO proxyProgressAsync opId=0x7551f4346ec0 op.type=1 op.reqBuff=0x7551d000c740 op.respSize=16 done
amd-mi355x-5:119544:119587 [0] NCCL INFO ncclPollProxyResponse Received new opId=0x7551f4346ec0
amd-mi355x-5:119544:119658 [0] NCCL INFO Received and initiated operation=Init res=0
amd-mi355x-5:119544:119587 [0] NCCL INFO resp.opId=0x7551f4346ec0 matches expected opId=0x7551f4346ec0
amd-mi355x-5:119544:119587 [0] NCCL INFO Connected to proxy localRank 0 -> connection 0x7551d0001d60
amd-mi355x-5:119544:119658 [0] NCCL INFO /workspace/rccl/build/release/hipify/src/transport/p2p.cc:248 Cuda Alloc Size 2097152 pointer 0x7551bea00000 flags 3
amd-mi355x-5:119544:119658 [0] NCCL INFO Allocated shareable buffer 0x7551bea00000 size 2097152 ipcDesc 0x7551d0004db0
amd-mi355x-5:119544:119658 [0] NCCL INFO proxyProgressAsync opId=0x7551f4346ec0 op.type=3 op.reqBuff=0x7551d000efc0 op.respSize=88 done
amd-mi355x-5:119544:119587 [0] NCCL INFO ncclPollProxyResponse Received new opId=0x7551f4346ec0
amd-mi355x-5:119544:119658 [0] NCCL INFO Received and initiated operation=Setup res=0
amd-mi355x-5:119544:119587 [0] NCCL INFO resp.opId=0x7551f4346ec0 matches expected opId=0x7551f4346ec0
amd-mi355x-5:119544:119587 [0] NCCL INFO Channel 09/0 : 0[5000] -> 3[75000] via P2P/IPC comm 0x363b5460 nRanks 08
amd-mi355x-5:119544:119658 [0] NCCL INFO New proxy send connection 27 from local rank 0, transport 0
amd-mi355x-5:119544:119658 [0] NCCL INFO proxyProgressAsync opId=0x7551f4346ec0 op.type=1 op.reqBuff=0x7551d000cdd0 op.respSize=16 done
amd-mi355x-5:119544:119587 [0] NCCL INFO ncclPollProxyResponse Received new opId=0x7551f4346ec0
amd-mi355x-5:119544:119658 [0] NCCL INFO Received and initiated operation=Init res=0
amd-mi355x-5:119544:119587 [0] NCCL INFO resp.opId=0x7551f4346ec0 matches expected opId=0x7551f4346ec0
amd-mi355x-5:119544:119587 [0] NCCL INFO Connected to proxy localRank 0 -> connection 0x7551d0001dd8
amd-mi355x-5:119544:119658 [0] NCCL INFO /workspace/rccl/build/release/hipify/src/transport/p2p.cc:248 Cuda Alloc Size 2097152 pointer 0x7551be600000 flags 3
amd-mi355x-5:119544:119658 [0] NCCL INFO Allocated shareable buffer 0x7551be600000 size 2097152 ipcDesc 0x7551d0004db0
amd-mi355x-5:119544:119658 [0] NCCL INFO proxyProgressAsync opId=0x7551f4346ec0 op.type=3 op.reqBuff=0x7551d000fd40 op.respSize=88 done
amd-mi355x-5:119544:119587 [0] NCCL INFO ncclPollProxyResponse Received new opId=0x7551f4346ec0
amd-mi355x-5:119544:119658 [0] NCCL INFO Received and initiated operation=Setup res=0
amd-mi355x-5:119544:119587 [0] NCCL INFO resp.opId=0x7551f4346ec0 matches expected opId=0x7551f4346ec0
amd-mi355x-5:119544:119587 [0] NCCL INFO Channel 16/0 : 0[5000] -> 3[75000] via P2P/IPC comm 0x363b5460 nRanks 08
amd-mi355x-5:119544:119658 [0] NCCL INFO New proxy send connection 28 from local rank 0, transport 0
amd-mi355x-5:119544:119658 [0] NCCL INFO proxyProgressAsync opId=0x7551f4346ec0 op.type=1 op.reqBuff=0x7551d000a360 op.respSize=16 done
amd-mi355x-5:119544:119587 [0] NCCL INFO ncclPollProxyResponse Received new opId=0x7551f4346ec0
amd-mi355x-5:119544:119658 [0] NCCL INFO Received and initiated operation=Init res=0
amd-mi355x-5:119544:119587 [0] NCCL INFO resp.opId=0x7551f4346ec0 matches expectedamd-mi355x-5:119547:119589 [3] NCCL INFO GPU Direct RDMA Enabled for GPU 3 / HCA 3 (distance 5 <= 5), read 0 mode Default
amd-mi355x-5:119547:119655 [3] NCCL INFO New proxy recv connection 32 from local rank 3, transport 2
amd-mi355x-5:119547:119655 [3] NCCL INFO proxyProgressAsync opId=0x7606cc3435f0 op.type=1 op.reqBuff=0x76069c00abf0 op.respSize=16 done
amd-mi355x-5:119547:119589 [3] NCCL INFO ncclPollProxyResponse Received new opId=0x7606cc3435f0
amd-mi355x-5:119547:119655 [3] NCCL INFO Received and initiated operation=Init res=0
amd-mi355x-5:119547:119589 [3] NCCL INFO resp.opId=0x7606cc3435f0 matches expected opId=0x7606cc3435f0
amd-mi355x-5:119547:119589 [3] NCCL INFO Connected to proxy localRank 3 -> connection 0x76069c002030
amd-mi355x-5:119547:119655 [3] NCCL INFO proxyProgressAsync opId=0x7606cc3435f0 op.type=3 op.reqBuff=0x76069c00a8a0 op.respSize=128 done
amd-mi355x-5:119547:119589 [3] NCCL INFO ncclPollProxyResponse Received new opId=0x7606cc3435f0
amd-mi355x-5:119547:119655 [3] NCCL INFO Received and initiated operation=Setup res=0
amd-mi355x-5:119547:119589 [3] NCCL INFO resp.opId=0x7606cc3435f0 matches expected opId=0x7606cc3435f0
amd-mi355x-5:119547:119589 [3] NCCL INFO Channel 06/0 : 6[2] -> 3[3] [receive] via NET/IB/3/GDRDMA comm 0xe3f1d90 nRanks 08
amd-mi355x-5:119547:119589 [3] NCCL INFO GPU Direct RDMA Disabled for GPU 3 / HCA 2 (distance 7 > 5)
amd-mi355x-5:119547:119655 [3] NCCL INFO New proxy recv connection 33 from local rank 3, transport 2
amd-mi355x-5:119547:119655 [3] NCCL INFO proxyProgressAsync opId=0x7606cc3435f0 op.type=1 op.reqBuff=0x76069c00a270 op.respSize=16 done
amd-mi355x-5:119547:119589 [3] NCCL INFO ncclPollProxyResponse Received new opId=0x7606cc3435f0
amd-mi355x-5:119547:119655 [3] NCCL INFO Received and initiated operation=Init res=0
amd-mi355x-5:119547:119589 [3] NCCL INFO resp.opId=0x7606cc3435f0 matches expected opId=0x7606cc3435f0
amd-mi355x-5:119547:119589 [3] NCCL INFO Connected to proxy localRank 3 -> connection 0x76069c0020a8
amd-mi355x-5:119547:119655 [3] NCCL INFO proxyProgressAsync opId=0x7606cc3435f0 op.type=3 op.reqBuff=0x76069c00a8a0 op.respSize=128 done
amd-mi355x-5:119547:119589 [3] NCCL INFO ncclPollProxyResponse Received new opId=0x7606cc3435f0
amd-mi355x-5:119547:119655 [3] NCCL INFO Received and initiated operation=Setup res=0
amd-mi355x-5:119547:119589 [3] NCCL INFO resp.opId=0x7606cc3435f0 matches expected opId=0x7606cc3435f0
amd-mi355x-5:119547:119589 [3] NCCL INFO Channel 07/0 : 6[2] -> 3[3] [receive] via NET/IB/2 comm 0xe3f1d90 nRanks 08
amd-mi355x-5:119547:119589 [3] NCCL INFO GPU Direct RDMA Enabled for GPU 3 / HCA 3 (distance 5 <= 5), read 0 mode Default
amd-mi355x-5:119547:119655 [3] NCCL INFO New proxy recv connection 34 from local rank 3, transport 2
amd-mi355x-5:119547:119655 [3] NCCL INFO proxyProgressAsync opId=0x7606cc3435f0 op.type=1 op.reqBuff=0x76069c00c740 op.respSize=16 done
amd-mi355x-5:119547:119589 [3] NCCL INFO ncclPollProxyResponse Received new opId=0x7606cc3435f0
amd-mi355x-5:119547:119655 [3] NCCL INFO Received and initiated operation=Init res=0
amd-mi355x-5:119547:119589 [3] NCCL INFO resp.opId=0x7606cc3435f0 matches expected opId=0x7606cc3435f0
amd-mi355x-5:119547:119589 [3] NCCL INFO Connected to proxy localRank 3 -> connection 0x76069c002120
amd-mi355x-5:119547:119655 [3] NCCL INFO proxyProgressAsync opId=0x7606cc3435f0 op.type=3 op.reqBuff=0x76069c00a8a0 op.respSize=128 done
amd-mi355x-5:119547:119655 [3] NCCL INFO Received and initiated operation=Setup res=0
amd-mi355x-5:119547:119589 [3] NCCL INFO ncclPollProxyResponse Received new opId=0x7606cc3435f0
amd-mi355x-5:119547:119589 [3] NCCL INFO resp.opId=0x7606cc3435f0 matches expected opId=0x7606cc3435f0
amd-mi355x-5:119547:119589 [3] NCCL INFO Channel 14/0 : 6[2] -> 3[3] [receive] via NET/IB/3/GDRDMA comm 0xe3f1d90 nRanks 08
amd-mi355x-5:119547:119589 [3] NCCL INFO GPU Direct RDMA Disabled for GPU 3 / HCA 2 (distance 7 > 5)
amd-mi355x-5:119547:119655 [3] NCCL INFO New proxy recv connection 35 from local rank 3, transport 2
amd-mi355x-5:119547:119655 [3] NCCL INFO proxyProgressAsync opId=0x7606cc3435f0 op.type=1 op.reqBuff=0x76069c00cdd0 op.respSize=16 done
amd-mi355x-5:119547:119589 [3] NCCL INFO ncclPollProxyResponse Received new opId=0x7606cc3435f0
amd-mi355x-5:119547:119655 [3] NCCL INFO Received and initiated operation=Init res=0
amd-mi355x-5:119547:119589 [3] NCCL INFO resp.opId=0x7606cc3435f0 matches expected opId=0x7606cc3435f0
amd-mi355x-5:119547:119589 [3] NCCL INFO Connected to proxy localRank 3 -> connection 0x76069c002198
amd-mi355x-5:119547:119655 [3] NCCL INFO proxyProgressAsync opId=0x7606cc3435f0 op.type=3 op.reqBuff=0x76069c00a8a0 op.respSize=128 done
amd-mi355x-5:119547:119589 [3] NCCL INFO ncclPollProxyResponse Received new opId=0x7606cc3435f0
amd-mi355x-5:119547:119655 [3] NCCL INFO Received and initiated operation=Setup res=0
amd-mi355x-5:119547:119589 [3] NCCL INFO resp.opId=0x7606cc3435f0 matches expected opId=0x7606cc3435f0
amd-mi355x-5:119547:119589 [3] NCCL INFO Channel 15/0 : 6[2] -> 3[3] [receive] via NET/IB/2 comm 0xe3f1d90 nRanks 08
amd-mi355x-5:119547:119589 [3] NCCL INFO GPU Direct RDMA Enabled for GPU 3 / HCA 3 (distance 5 <= 5), read 0 mode Default
amd-mi355x-5:119547:119655 [3] NCCL INFO New proxy recv connection 36 from local rank 3, transport 2
amd-mi355x-5:119547:119655 [3] NCCL INFO proxyProgressAsync opId=0x7606cc3435f0 op.type=1 op.reqBuff=0x76069c00d4c0 op.respSize=16 done
amd-mi355x-5:119547:119589 [3] NCCL INFO ncclPollProxyResponse Received new opId=0x7606cc3435f0
amd-mi355x-5:119547:119655 [3] NCCL INFO Received and initiated oamd-mi355x-5:119545:119657 [1] NCCL INFO proxyProgressAsync opId=0x767e0434f8d0 op.type=3 op.reqBuff=0x767dd400a8a0 op.respSize=128 done
amd-mi355x-5:119545:119590 [1] NCCL INFO ncclPollProxyResponse Received new opId=0x767e0434f8d0
amd-mi355x-5:119545:119657 [1] NCCL INFO Received and initiated operation=Setup res=0
amd-mi355x-5:119545:119590 [1] NCCL INFO resp.opId=0x767e0434f8d0 matches expected opId=0x767e0434f8d0
amd-mi355x-5:119545:119590 [1] NCCL INFO Channel 13/0 : 4[0] -> 1[1] [receive] via NET/IB/0 comm 0x26613df0 nRanks 08
amd-mi355x-5:119545:119590 [1] NCCL INFO GPU Direct RDMA Enabled for GPU 1 / HCA 1 (distance 5 <= 5), read 0 mode Default
amd-mi355x-5:119545:119657 [1] NCCL INFO New proxy recv connection 36 from local rank 1, transport 2
amd-mi355x-5:119545:119657 [1] NCCL INFO proxyProgressAsync opId=0x767e0434f8d0 op.type=1 op.reqBuff=0x767dd400d4c0 op.respSize=16 done
amd-mi355x-5:119545:119590 [1] NCCL INFO ncclPollProxyResponse Received new opId=0x767e0434f8d0
amd-mi355x-5:119545:119657 [1] NCCL INFO Received and initiated operation=Init res=0
amd-mi355x-5:119545:119590 [1] NCCL INFO resp.opId=0x767e0434f8d0 matches expected opId=0x767e0434f8d0
amd-mi355x-5:119545:119590 [1] NCCL INFO Connected to proxy localRank 1 -> connection 0x767dd4002210
amd-mi355x-5:119545:119657 [1] NCCL INFO proxyProgressAsync opId=0x767e0434f8d0 op.type=3 op.reqBuff=0x767dd400a8a0 op.respSize=128 done
amd-mi355x-5:119545:119590 [1] NCCL INFO ncclPollProxyResponse Received new opId=0x767e0434f8d0
amd-mi355x-5:119545:119657 [1] NCCL INFO Received and initiated operation=Setup res=0
amd-mi355x-5:119545:119590 [1] NCCL INFO resp.opId=0x767e0434f8d0 matches expected opId=0x767e0434f8d0
amd-mi355x-5:119545:119590 [1] NCCL INFO Channel 20/0 : 4[0] -> 1[1] [receive] via NET/IB/1/GDRDMA comm 0x26613df0 nRanks 08
amd-mi355x-5:119545:119590 [1] NCCL INFO GPU Direct RDMA Disabled for GPU 1 / HCA 0 (distance 7 > 5)
amd-mi355x-5:119545:119657 [1] NCCL INFO New proxy recv connection 37 from local rank 1, transport 2
amd-mi355x-5:119545:119657 [1] NCCL INFO proxyProgressAsync opId=0x767e0434f8d0 op.type=1 op.reqBuff=0x767dd400c740 op.respSize=16 done
amd-mi355x-5:119545:119590 [1] NCCL INFO ncclPollProxyResponse Received new opId=0x767e0434f8d0
amd-mi355x-5:119545:119657 [1] NCCL INFO Received and initiated operation=Init res=0
amd-mi355x-5:119545:119590 [1] NCCL INFO resp.opId=0x767e0434f8d0 matches expected opId=0x767e0434f8d0
amd-mi355x-5:119545:119590 [1] NCCL INFO Connected to proxy localRank 1 -> connection 0x767dd4002288
amd-mi355x-5:119545:119657 [1] NCCL INFO proxyProgressAsync opId=0x767e0434f8d0 op.type=3 op.reqBuff=0x767dd400a8a0 op.respSize=128 done
amd-mi355x-5:119545:119590 [1] NCCL INFO ncclPollProxyResponse Received new opId=0x767e0434f8d0
amd-mi355x-5:119545:119657 [1] NCCL INFO Received and initiated operation=Setup res=0
amd-mi355x-5:119545:119590 [1] NCCL INFO resp.opId=0x767e0434f8d0 matches expected opId=0x767e0434f8d0
amd-mi355x-5:119545:119590 [1] NCCL INFO Channel 21/0 : 4[0] -> 1[1] [receive] via NET/IB/0 comm 0x26613df0 nRanks 08
amd-mi355x-5:119545:119590 [1] NCCL INFO GPU Direct RDMA Enabled for GPU 1 / HCA 1 (distance 5 <= 5), read 0 mode Default
amd-mi355x-5:119545:119657 [1] NCCL INFO New proxy recv connection 38 from local rank 1, transport 2
amd-mi355x-5:119545:119657 [1] NCCL INFO proxyProgressAsync opId=0x767e0434f8d0 op.type=1 op.reqBuff=0x767dd400c050 op.respSize=16 done
amd-mi355x-5:119545:119590 [1] NCCL INFO ncclPollProxyResponse Received new opId=0x767e0434f8d0
amd-mi355x-5:119545:119657 [1] NCCL INFO Received and initiated operation=Init res=0
amd-mi355x-5:119545:119590 [1] NCCL INFO resp.opId=0x767e0434f8d0 matches expected opId=0x767e0434f8d0
amd-mi355x-5:119545:119590 [1] NCCL INFO Connected to proxy localRank 1 -> connection 0x767dd4002300
amd-mi355x-5:119545:119657 [1] NCCL INFO proxyProgressAsync opId=0x767e0434f8d0 op.type=3 op.reqBuff=0x767dd400a8a0 op.respSize=128 done
amd-mi355x-5:119545:119590 [1] NCCL INFO ncclPollProxyResponse Received new opId=0x767e0434f8d0
amd-mi355x-5:119545:119657 [1] NCCL INFO Received and initiated operation=Setup res=0
amd-mi355x-5:119545:119590 [1] NCCL INFO resp.opId=0x767e0434f8d0 matches expected opId=0x767e0434f8d0
amd-mi355x-5:119545:119590 [1] NCCL INFO Channel 28/0 : 4[0] -> 1[1] [receive] via NET/IB/1/GDRDMA comm 0x26613df0 nRanks 08
amd-mi355x-5:119545:119590 [1] NCCL INFO GPU Direct RDMA Disabled for GPU 1 / HCA 0 (distance 7 > 5)
amd-mi355x-5:119545:119657 [1] NCCL INFO New proxy recv connection 39 from local rank 1, transport 2
amd-mi355x-5:119545:119657 [1] NCCL INFO proxyProgressAsync opId=0x767e0434f8d0 op.type=1 op.reqBuff=0x767dd400db50 op.respSize=16 done
amd-mi355x-5:119545:119590 [1] NCCL INFO ncclPollProxyResponse Received new opId=0x767e0434f8amd-mi355x-5:119546:119588 [2] NCCL INFO Channel 02/0 : 2[65000] -> 0[5000] via P2P/IPC comm 0x30d72e20 nRanks 08
amd-mi355x-5:119546:119654 [2] NCCL INFO New proxy send connection 40 from local rank 2, transport 0
amd-mi355x-5:119546:119654 [2] NCCL INFO proxyProgressAsync opId=0x7eb9d434e260 op.type=1 op.reqBuff=0x7eb9a400e8f0 op.respSize=16 done
amd-mi355x-5:119546:119588 [2] NCCL INFO ncclPollProxyResponse Received new opId=0x7eb9d434e260
amd-mi355x-5:119546:119654 [2] NCCL INFO Received and initiated operation=Init res=0
amd-mi355x-5:119546:119588 [2] NCCL INFO resp.opId=0x7eb9d434e260 matches expected opId=0x7eb9d434e260
amd-mi355x-5:119546:119588 [2] NCCL INFO Connected to proxy localRank 2 -> connection 0x7eb9a40023f0
amd-mi355x-5:119546:119654 [2] NCCL INFO /workspace/rccl/build/release/hipify/src/transport/p2p.cc:248 Cuda Alloc Size 2097152 pointer 0x7eb996800000 flags 3
amd-mi355x-5:119546:119654 [2] NCCL INFO Allocated shareable buffer 0x7eb996800000 size 2097152 ipcDesc 0x7eb9a4004db0
amd-mi355x-5:119546:119654 [2] NCCL INFO proxyProgressAsync opId=0x7eb9d434e260 op.type=3 op.reqBuff=0x7eb9a40101d0 op.respSize=88 done
amd-mi355x-5:119546:119654 [2] NCCL INFO Received and initiated operation=Setup res=0
amd-mi355x-5:119546:119588 [2] NCCL INFO ncclPollProxyResponse Received new opId=0x7eb9d434e260
amd-mi355x-5:119546:119588 [2] NCCL INFO resp.opId=0x7eb9d434e260 matches expected opId=0x7eb9d434e260
amd-mi355x-5:119546:119588 [2] NCCL INFO Channel 03/0 : 2[65000] -> 0[5000] via P2P/IPC comm 0x30d72e20 nRanks 08
amd-mi355x-5:119546:119654 [2] NCCL INFO New proxy send connection 41 from local rank 2, transport 0
amd-mi355x-5:119546:119654 [2] NCCL INFO proxyProgressAsync opId=0x7eb9d434e260 op.type=1 op.reqBuff=0x7eb9a400aef0 op.respSize=16 done
amd-mi355x-5:119546:119588 [2] NCCL INFO ncclPollProxyResponse Received new opId=0x7eb9d434e260
amd-mi355x-5:119546:119654 [2] NCCL INFO Received and initiated operation=Init res=0
amd-mi355x-5:119546:119588 [2] NCCL INFO resp.opId=0x7eb9d434e260 matches expected opId=0x7eb9d434e260
amd-mi355x-5:119546:119588 [2] NCCL INFO Connected to proxy localRank 2 -> connection 0x7eb9a4002468
amd-mi355x-5:119546:119654 [2] NCCL INFO /workspace/rccl/build/release/hipify/src/transport/p2p.cc:248 Cuda Alloc Size 2097152 pointer 0x7eb996400000 flags 3
amd-mi355x-5:119546:119654 [2] NCCL INFO Allocated shareable buffer 0x7eb996400000 size 2097152 ipcDesc 0x7eb9a4004db0
amd-mi355x-5:119546:119654 [2] NCCL INFO proxyProgressAsync opId=0x7eb9d434e260 op.type=3 op.reqBuff=0x7eb9a40072a0 op.respSize=88 done
amd-mi355x-5:119546:119588 [2] NCCL INFO ncclPollProxyResponse Received new opId=0x7eb9d434e260
amd-mi355x-5:119546:119588 [2] NCCL INFO resp.opId=0x7eb9d434e260 matches expected opId=0x7eb9d434e260
amd-mi355x-5:119546:119654 [2] NCCL INFO Received and initiated operation=Setup res=0
amd-mi355x-5:119546:119588 [2] NCCL INFO Channel 10/0 : 2[65000] -> 0[5000] via P2P/IPC comm 0x30d72e20 nRanks 08
amd-mi355x-5:119546:119654 [2] NCCL INFO New proxy send connection 42 from local rank 2, transport 0
amd-mi355x-5:119546:119654 [2] NCCL INFO proxyProgressAsync opId=0x7eb9d434e260 op.type=1 op.reqBuff=0x7eb9a400cdd0 op.respSize=16 done
amd-mi355x-5:119546:119588 [2] NCCL INFO ncclPollProxyResponse Received new opId=0x7eb9d434e260
amd-mi355x-5:119546:119654 [2] NCCL INFO Received and initiated operation=Init res=0
amd-mi355x-5:119546:119588 [2] NCCL INFO resp.opId=0x7eb9d434e260 matches expected opId=0x7eb9d434e260
amd-mi355x-5:119546:119588 [2] NCCL INFO Connected to proxy localRank 2 -> connection 0x7eb9a40024e0
amd-mi355x-5:119546:119654 [2] NCCL INFO /workspace/rccl/build/release/hipify/src/transport/p2p.cc:248 Cuda Alloc Size 2097152 pointer 0x7eb996000000 flags 3
amd-mi355x-5:119546:119654 [2] NCCL INFO Allocated shareable buffer 0x7eb996000000 size 2097152 ipcDesc 0x7eb9a4004db0
amd-mi355x-5:119546:119654 [2] NCCL INFO proxyProgressAsync opId=0x7eb9d434e260 op.type=3 op.reqBuff=0x7eb9a4011e60 op.respSize=88 done
amd-mi355x-5:119546:119588 [2] NCCL INFO ncclPollProxyResponse Received new opId=0x7eb9d434e260
amd-mi355x-5:119546:119654 [2] NCCL INFO Received and initiated operation=Setup res=0
amd-mi355x-5:119546:119588 [2] NCCL INFO resp.opId=0x7eb9d434e260 matches expected opId=0x7eb9d434e260
amd-mi355x-5:119546:119588 [2] NCCL INFO Channel 11/0 : 2[65000] -> 0[5000] via P2P/IPC comm 0x30d72e20 nRanks 08
amd-mi355x-5:119546:119654 [2] NCCL INFO New proxy send connection 43 from local rank 2, transport 0
amd-mi355x-5:119546:119654 [2] NCCL INFO proxyProgressAsync opId=0x7eb9d434e260 op.type=1 op.reqBuff=0x7eb9a4011170 op.respSize=16 done
amd-mi355x-5:119546:119588 [2] NCCL INFO ncclPollProxyResponse Received new opId=0x7eb9d434e260
amd-mi355x-5:119546:119654 [2] NCCL INFO Received and initiated operation=Init res=0
amd-mi355x-5:119546:119588 [2] NCCL INFO resp.opId=0x7eb9d434e260 matches expected opId=0x7eb9d434e260
amd-mi355x-5:119546:119588 [2] NCCL INFO Connected to proxy localRank 2 -> connection 0x7eb9a4002558
amd-mi355x-5:119546:119654 [2] NCCL INFO /workspace/rccl/build/release/hipify/src/transport/p2p.cc:248 Cuda Alloc Size 2097152 pointer 0x7eb995c00000 flags 3
amd-mi355x-5:119546:119654 [2] NCCL INFO Allocated shareable buffer 0x7eb995c00000 size 2097152 ipcDesc 0x7eb9a4004db0
amd-mi355x-5:119546:119654 [2] NCCL INFO proxyProgressAsync opId=0x7eb9d434e260 op.type=3 op.reqBuff=0x7eb9a400aef0 op.respSize=88 done
amd-mi355x-5:119546:119588 [2] NCCL INFO ncclPollProxyResponse Received new opId=0x7eb9d434e260
amd-mi355x-5:119546:119654 [2] NCCL INFO Received and initiated operation=Setup res=0
amd-mi355x-5:119546:119588 [2] NCCL INFO resp.opId=0x7eb9d434e260 matches expected opId=0x7eb9d434e260
amd-mi355x-5:119546:119588 [2] NCCL INFO Channel 18/0 : 2[65000] -> 0[5000] via P2P/IPC comm 0x30d72e20 nRanks 08
amd-mi355x-5:119546:119654 [2] NCCL INFO New proxy send connection 44 from local rank 2, transport 0
amd-mi355x-5:119546:119654 [2] NCCL INFO proxyProgressAsync opId=0x7eb9d434e260 op.type=1 op.reqBuff=0x7eb9a40072a0 op.respSize=16 done
amd-mi355x-5:119546:119588 [2] NCCL INFO ncclPollProxyResponse Received new opId=0x7eb9d434e260
amd-mi355x-5:119546:119654 [2] NCCL INFO Received and initiated operation=Init res=0
amd-mi355x-5:119546:119588 [2] NCCL INFO resp.opId=0x7eb9d434e260 matches expected opId=0x7eb9d434e260
amd-mi355x-5:119546:119588 [2] NCCL INFO Connected to proxy localRank 2 -> connection 0x7eb9a40025d0
amd-mi355x-5:119546:119654 [2] NCCL INFO /workspace/rccl/build/release/hipify/src/transport/p2p.cc:248 Cuda Alloc Size 2097152 pointer 0x7eb995800000 flags 3
amd-mi355x-5:119546:119654 [2] NCCL INFO Allocated shareable buffer 0x7eb995800000 size 2097152 ipcDesc 0x7eb9a4004db0
amd-mi355x-5:119546:119654 [2] NCCL INFO proxyProgressAsync opId=0x7eb9d434e260 op.type=3 op.reqBuff=0x7eb9a4012be0 op.respSize=88 done
amd-mi355x-5:119546:119588 [2] NCCL INFO ncclPollProxyResponse Received new opId=0x7eb9d434e260
amd-mi355x-5:119546:119654 [2] NCCL INFO Received and initiated operation=Setup res=0
amd-mi355x-5:119546:119588 [2] NCCL INFO resp.opId=0x7eb9d434e260 matches expected opId=0x7eb9d434e260
amd-mi355x-5:119546:119588 [2] NCCL INFO Channel 19/0 : 2[65000] -> 0[5000] via P2P/IPC comm 0x30d72e20 nRanks 08
amd-mi355x-5:119546:119654 [2] NCCL INFO New proxy send connection 45 from local rank 2, transport 0
amd-mi355x-5:119546:119654 [2] NCCL INFO proxyProgressAsync opId=0x7eb9d434e260 op.type=1 op.reqBuff=0x7eb9a400b5c0 op.respSize=16 done
amd-mi355x-5:119546:119588 [2] NCCL INFO ncclPollProxyResponse Received new opId=0x7eb9d434e260
amd-mi355x-5:119546:119654 [2] NCCL INFO Received and initiated operation=Init res=0
amd-mi355x-5:119546:119588 [2] NCCL INFO resp.opId=0x7eb9d434e260 matches expected opId=0x7eb9d434e260
amd-mi355x-5:119546:119588 [2] NCCL INFO Connected to proxy localRank 2 -> connection 0x7eb9a4002648
amd-mi355x-5:119546:119654 [2] NCCL INFO /workspace/rccl/build/release/hipify/src/transport/p2p.cc:248 Cuda Alloc Size 2097152 pointer 0x7eb995400000 flags 3
amd-mi355x-5:119546:119654 [2] NCCL INFO Allocated shareable buffer 0x7eb995400000 size 2097152 ipcDesc 0x7eb9a4004db0
amd-mi355x-5:119546:119654 [2] NCCL INFO proxyProgressAsync opId=0x7eb9d434e260 op.type=3 op.reqBuff=0x7eb9a400b5c0 op.respSize=88 done
amd-mi355x-5:119546:119588 [2] NCCL INFO ncclPollProxyResponse Received new opId=0x7eb9d434e260
amd-mi355x-5:119546:119654 [2] NCCL INFO Received and initiated operation=Setup res=0
amd-mi355x-5:119546:119588 [2] NCCL INFO resp.opId=0x7eb9d434e260 matches expected opId=0x7eb9d434e260
amd-mi355x-5:119546:119588 [2] NCCL INFO Channel 26/0 : 2[65000] -> 0[5000] via P2P/IPC comm 0x30d72e20 nRanks 08
amd-mi355x-5:119546:119654 [2] NCCL INFO New proxy send connection 46 from local rank 2, transport 0
amd-mi355x-5:119546:119654 [2] NCCL INFO proxyProgressAsync opId=0x7eb9d434e260 op.type=1 op.reqBuff=0x7eb9a4015da0 op.respSize=16 done
amd-mi355x-5:119546:119588 [2] NCCL INFO ncclPollProxyResponse Received new opId=0x7eb9d434e260
amd-mi355x-5:119546:119654 [2] NCCL INFO Received and initiated operation=Init res=0
amd-mi355x-5:119546:119588 [2] NCCL INFO resp.opId=0x7eb9d434e260 matches expected opId=0x7eb9d434e260
amd-mi355x-5:119546:119588 [2] NCCL INFO Connected to proxy localRank 2 -> connection 0x7eb9a40026c0
amd-mi355x-5:119546:119654 [2] NCCL INFO /workspace/rccl/build/release/hipify/src/transport/p2p.cc:248 Cuda Alloc Size 2097152 pointer 0x7eb995000000 flags 3
amd-mi355x-5:119546:119654 [2] NCCL INFO Allocated shareable buffer 0x7eb995000000 size 2097152 ipcDesc 0x7eb9a4004db0
amd-mi355x-5:119546:119654 [2] NCCL INFO proxyProgressAsync opId=0x7eb9d434e260 op.type=3 op.reqBuff=0x7eb9a4006c10 op.respSize=88 done
amd-mi355x-5:119546:119588 [2] NCCL INFO ncclPollProxyResponse Received new opId=0x7eb9d434e260
amd-mi355x-5:119546:119654 [2] NCCL INFO Received and initiated operation=Setup res=0
