[2025-10-16 10:30:08] e60afd6ad9c7:357:379 [5] /longer_pathname_so_that_rpms_can_support_packaging_the_debug_info_for_all_os_profiles/src/out/ubuntu-22.04/22.04/build/rccl/hipify/src/graph/topo.cc:1550 NCCL WARN Could not find any local path from gpu 5 to net.

[2025-10-16 10:30:08] e60afd6ad9c7:357:379 [5] /longer_pathname_so_that_rpms_can_support_packaging_the_debug_info_for_all_os_profiles/src/out/ubuntu-22.04/22.04/build/rccl/hipify/src/graph/topo.cc:1550 NCCL WARN Could not find any local path from gpu 4 to net.

[2025-10-16 10:30:08] e60afd6ad9c7:357:379 [5] /longer_pathname_so_that_rpms_can_support_packaging_the_debug_info_for_all_os_profiles/src/out/ubuntu-22.04/22.04/build/rccl/hipify/src/graph/topo.cc:1550 NCCL WARN Could not find any local path from gpu 2 to net.

[2025-10-16 10:30:08] e60afd6ad9c7:357:379 [5] /longer_pathname_so_that_rpms_can_support_packaging_the_debug_info_for_all_os_profiles/src/out/ubuntu-22.04/22.04/build/rccl/hipify/src/graph/topo.cc:1550 NCCL WARN Could not find any local path from gpu 3 to net.

[2025-10-16 10:30:08] e60afd6ad9c7:357:379 [5] /longer_pathname_so_that_rpms_can_support_packaging_the_debug_info_for_all_os_profiles/src/out/ubuntu-22.04/22.04/build/rccl/hipify/src/graph/topo.cc:1550 NCCL WARN Could not find any local path from gpu 3 to net.

[2025-10-16 10:30:08] e60afd6ad9c7:357:379 [5] /longer_pathname_so_that_rpms_can_support_packaging_the_debug_info_for_all_os_profiles/src/out/ubuntu-22.04/22.04/build/rccl/hipify/src/graph/topo.cc:1550 NCCL WARN Could not find any local path from gpu 2 to net.

[2025-10-16 10:30:08] e60afd6ad9c7:357:379 [5] /longer_pathname_so_that_rpms_can_support_packaging_the_debug_info_for_all_os_profiles/src/out/ubuntu-22.04/22.04/build/rccl/hipify/src/graph/topo.cc:1550 NCCL WARN Could not find any local path from gpu 2 to net.

[2025-10-16 10:30:08] e60afd6ad9c7:357:379 [5] /longer_pathname_so_that_rpms_can_support_packaging_the_debug_info_for_all_os_profiles/src/out/ubuntu-22.04/22.04/build/rccl/hipify/src/graph/topo.cc:1550 NCCL WARN Could not find any local path from gpu 0 to net.

[2025-10-16 10:30:08] e60afd6ad9c7:357:379 [5] /longer_pathname_so_that_rpms_can_support_packaging_the_debug_info_for_all_os_profiles/src/out/ubuntu-22.04/22.04/build/rccl/hipify/src/graph/topo.cc:1550 NCCL WARN Could not find any local path from gpu 0 to net.

[2025-10-16 10:30:08] e60afd6ad9c7:357:379 [5] /longer_pathname_so_that_rpms_can_support_packaging_the_debug_info_for_all_os_profiles/src/out/ubuntu-22.04/22.04/build/rccl/hipify/src/graph/topo.cc:1550 NCCL WARN Could not find any local path from gpu 5 to net.

[2025-10-16 10:30:08] e60afd6ad9c7:357:379 [5] /longer_pathname_so_that_rpms_can_support_packaging_the_debug_info_for_all_os_profiles/src/out/ubuntu-22.04/22.04/build/rccl/hipify/src/graph/topo.cc:1550 NCCL WARN Could not find any local path from gpu 6 to net.

[2025-10-16 10:30:08] e60afd6ad9c7:357:379 [5] /longer_pathname_so_that_rpms_can_support_packaging_the_debug_info_for_all_os_profiles/src/out/ubuntu-22.04/22.04/build/rccl/hipify/src/graph/topo.cc:1550 NCCL WARN Could not find any local path from gpu 4 to net.

[2025-10-16 10:30:08] e60afd6ad9c7:357:379 [5] /longer_pathname_so_that_rpms_can_support_packaging_the_debug_info_for_all_os_profiles/src/out/ubuntu-22.04/22.04/build/rccl/hipify/src/graph/topo.cc:1550 NCCL WARN Could not find any local path from gpu 7 to net.

[2025-10-16 10:30:08] e60afd6ad9c7:357:379 [5] /longer_pathname_so_that_rpms_can_support_packaging_the_debug_info_for_all_os_profiles/src/out/ubuntu-22.04/22.04/build/rccl/hipify/src/graph/topo.cc:1550 NCCL WARN Could not find any local path from gpu 0 to net.

[2025-10-16 10:30:08] e60afd6ad9c7:357:379 [5] /longer_pathname_so_that_rpms_can_support_packaging_the_debug_info_for_all_os_profiles/src/out/ubuntu-22.04/22.04/build/rccl/hipify/src/graph/topo.cc:1550 NCCL WARN Could not find any local path from gpu 5 to net.

[2025-10-16 10:30:08] e60afd6ad9c7:357:379 [5] /longer_pathname_so_that_rpms_can_support_packaging_the_debug_info_for_all_os_profiles/src/out/ubuntu-22.04/22.04/build/rccl/hipify/src/graph/topo.cc:1550 NCCL WARN Could not find any local path from gpu 4 to net.

[2025-10-16 10:30:08] e60afd6ad9c7:357:379 [5] /longer_pathname_so_that_rpms_can_support_packaging_the_debug_info_for_all_os_profiles/src/out/ubuntu-22.04/22.04/build/rccl/hipify/src/graph/topo.cc:1550 NCCL WARN Could not find any local path from gpu 2 to net.
e60afd6ad9c7:357:380 [6] NCCL INFO Setting affinity for GPU 6 to ffffffff,ffffffff,00000000,00000000

[2025-10-16 10:30:08] e60afd6ad9c7:357:380 [6] /longer_pathname_so_that_rpms_can_support_packaging_the_debug_info_for_all_os_profiles/src/out/ubuntu-22.04/22.04/build/rccl/hipify/src/graph/topo.cc:1550 NCCL WARN Could not find any local path from gpu 3 to net.

[2025-10-16 10:30:08] e60afd6ad9c7:357:380 [6] /longer_pathname_so_that_rpms_can_support_packaging_the_debug_info_for_all_os_profiles/src/out/ubuntu-22.04/22.04/build/rccl/hipify/src/graph/topo.cc:1550 NCCL WARN Could not find any local path from gpu 3 to net.

[2025-10-16 10:30:08] e60afd6ad9c7:357:380 [6] /longer_pathname_so_that_rpms_can_support_packaging_the_debug_info_for_all_os_profiles/src/out/ubuntu-22.04/22.04/build/rccl/hipify/src/graph/topo.cc:1550 NCCL WARN Could not find any local path from gpu 2 to net.

[2025-10-16 10:30:08] e60afd6ad9c7:357:380 [6] /longer_pathname_so_that_rpms_can_support_packaging_the_debug_info_for_all_os_profiles/src/out/ubuntu-22.04/22.04/build/rccl/hipify/src/graph/topo.cc:1550 NCCL WARN Could not find any local path from gpu 2 to net.

[2025-10-16 10:30:08] e60afd6ad9c7:357:380 [6] /longer_pathname_so_that_rpms_can_support_packaging_the_debug_info_for_all_os_profiles/src/out/ubuntu-22.04/22.04/build/rccl/hipify/src/graph/topo.cc:1550 NCCL WARN Could not find any local path from gpu 0 to net.

[2025-10-16 10:30:08] e60afd6ad9c7:357:380 [6] /longer_pathname_so_that_rpms_can_support_packaging_the_debug_info_for_all_os_profiles/src/out/ubuntu-22.04/22.04/build/rccl/hipify/src/graph/topo.cc:1550 NCCL WARN Could not find any local path from gpu 0 to net.

[2025-10-16 10:30:08] e60afd6ad9c7:357:380 [6] /longer_pathname_so_that_rpms_can_support_packaging_the_debug_info_for_all_os_profiles/src/out/ubuntu-22.04/22.04/build/rccl/hipify/src/graph/topo.cc:1550 NCCL WARN Could not find any local path from gpu 5 to net.

[2025-10-16 10:30:08] e60afd6ad9c7:357:380 [6] /longer_pathname_so_that_rpms_can_support_packaging_the_debug_info_for_all_os_profiles/src/out/ubuntu-22.04/22.04/build/rccl/hipify/src/graph/topo.cc:1550 NCCL WARN Could not find any local path from gpu 6 to net.

[2025-10-16 10:30:08] e60afd6ad9c7:357:380 [6] /longer_pathname_so_that_rpms_can_support_packaging_the_debug_info_for_all_os_profiles/src/out/ubuntu-22.04/22.04/build/rccl/hipify/src/graph/topo.cc:1550 NCCL WARN Could not find any local path from gpu 4 to net.

[2025-10-16 10:30:08] e60afd6ad9c7:357:380 [6] /longer_pathname_so_that_rpms_can_support_packaging_the_debug_info_for_all_os_profiles/src/out/ubuntu-22.04/22.04/build/rccl/hipify/src/graph/topo.cc:1550 NCCL WARN Could not find any local path from gpu 7 to net.

[2025-10-16 10:30:08] e60afd6ad9c7:357:380 [6] /longer_pathname_so_that_rpms_can_support_packaging_the_debug_info_for_all_os_profiles/src/out/ubuntu-22.04/22.04/build/rccl/hipify/src/graph/topo.cc:1550 NCCL WARN Could not find any local path from gpu 0 to net.

[2025-10-16 10:30:08] e60afd6ad9c7:357:380 [6] /longer_pathname_so_that_rpms_can_support_packaging_the_debug_info_for_all_os_profiles/src/out/ubuntu-22.04/22.04/build/rccl/hipify/src/graph/topo.cc:1550 NCCL WARN Could not find any local path from gpu 5 to net.

[2025-10-16 10:30:08] e60afd6ad9c7:357:380 [6] /longer_pathname_so_that_rpms_can_support_packaging_the_debug_info_for_all_os_profiles/src/out/ubuntu-22.04/22.04/build/rccl/hipify/src/graph/topo.cc:1550 NCCL WARN Could not find any local path from gpu 4 to net.

[2025-10-16 10:30:08] e60afd6ad9c7:357:380 [6] /longer_pathname_so_that_rpms_can_support_packaging_the_debug_info_for_all_os_profiles/src/out/ubuntu-22.04/22.04/build/rccl/hipify/src/graph/topo.cc:1550 NCCL WARN Could not find any local path from gpu 2 to net.

[2025-10-16 10:30:08] e60afd6ad9c7:357:380 [6] /longer_pathname_so_that_rpms_can_support_packaging_the_debug_info_for_all_os_profiles/src/out/ubuntu-22.04/22.04/build/rccl/hipify/src/graph/topo.cc:1550 NCCL WARN Could not find any local path from gpu 3 to net.

[2025-10-16 10:30:08] e60afd6ad9c7:357:380 [6] /longer_pathname_so_that_rpms_can_support_packaging_the_debug_info_for_all_os_profiles/src/out/ubuntu-22.04/22.04/build/rccl/hipify/src/graph/topo.cc:1550 NCCL WARN Could not find any local path from gpu 3 to net.

[2025-10-16 10:30:08] e60afd6ad9c7:357:380 [6] /longer_pathname_so_that_rpms_can_support_packaging_the_debug_info_for_all_os_profiles/src/out/ubuntu-22.04/22.04/build/rccl/hipify/src/graph/topo.cc:1550 NCCL WARN Could not find any local path from gpu 2 to net.

[2025-10-16 10:30:08] e60afd6ad9c7:357:380 [6] /longer_pathname_so_that_rpms_can_support_packaging_the_debug_info_for_all_os_profiles/src/out/ubuntu-22.04/22.04/build/rccl/hipify/src/graph/topo.cc:1550 NCCL WARN Could not find any local path from gpu 2 to net.

[2025-10-16 10:30:08] e60afd6ad9c7:357:380 [6] /longer_pathname_so_that_rpms_can_support_packaging_the_debug_info_for_all_os_profiles/src/out/ubuntu-22.04/22.04/build/rccl/hipify/src/graph/topo.cc:1550 NCCL WARN Could not find any local path from gpu 0 to net.

[2025-10-16 10:30:08] e60afd6ad9c7:357:380 [6] /longer_pathname_so_that_rpms_can_support_packaging_the_debug_info_for_all_os_profiles/src/out/ubuntu-22.04/22.04/build/rccl/hipify/src/graph/topo.cc:1550 NCCL WARN Could not find any local path from gpu 0 to net.

[2025-10-16 10:30:08] e60afd6ad9c7:357:380 [6] /longer_pathname_so_that_rpms_can_support_packaging_the_debug_info_for_all_os_profiles/src/out/ubuntu-22.04/22.04/build/rccl/hipify/src/graph/topo.cc:1550 NCCL WARN Could not find any local path from gpu 5 to net.

[2025-10-16 10:30:08] e60afd6ad9c7:357:380 [6] /longer_pathname_so_that_rpms_can_support_packaging_the_debug_info_for_all_os_profiles/src/out/ubuntu-22.04/22.04/build/rccl/hipify/src/graph/topo.cc:1550 NCCL WARN Could not find any local path from gpu 6 to net.

[2025-10-16 10:30:08] e60afd6ad9c7:357:380 [6] /longer_pathname_so_that_rpms_can_support_packaging_the_debug_info_for_all_os_profiles/src/out/ubuntu-22.04/22.04/build/rccl/hipify/src/graph/topo.cc:1550 NCCL WARN Could not find any local path from gpu 4 to net.

[2025-10-16 10:30:08] e60afd6ad9c7:357:380 [6] /longer_pathname_so_that_rpms_can_support_packaging_the_debug_info_for_all_os_profiles/src/out/ubuntu-22.04/22.04/build/rccl/hipify/src/graph/topo.cc:1550 NCCL WARN Could not find any local path from gpu 7 to net.

[2025-10-16 10:30:08] e60afd6ad9c7:357:380 [6] /longer_pathname_so_that_rpms_can_support_packaging_the_debug_info_for_all_os_profiles/src/out/ubuntu-22.04/22.04/build/rccl/hipify/src/graph/topo.cc:1550 NCCL WARN Could not find any local path from gpu 0 to net.

[2025-10-16 10:30:08] e60afd6ad9c7:357:380 [6] /longer_pathname_so_that_rpms_can_support_packaging_the_debug_info_for_all_os_profiles/src/out/ubuntu-22.04/22.04/build/rccl/hipify/src/graph/topo.cc:1550 NCCL WARN Could not find any local path from gpu 5 to net.

[2025-10-16 10:30:08] e60afd6ad9c7:357:380 [6] /longer_pathname_so_that_rpms_can_support_packaging_the_debug_info_for_all_os_profiles/src/out/ubuntu-22.04/22.04/build/rccl/hipify/src/graph/topo.cc:1550 NCCL WARN Could not find any local path from gpu 4 to net.

[2025-10-16 10:30:08] e60afd6ad9c7:357:380 [6] /longer_pathname_so_that_rpms_can_support_packaging_the_debug_info_for_all_os_profiles/src/out/ubuntu-22.04/22.04/build/rccl/hipify/src/graph/topo.cc:1550 NCCL WARN Could not find any local path from gpu 2 to net.
e60afd6ad9c7:357:381 [7] NCCL INFO Setting affinity for GPU 5 to ffffffff,ffffffff,00000000,00000000
e60afd6ad9c7:357:374 [0] NCCL INFO Setting affinity for GPU 3 to ffffffff,ffffffff

[2025-10-16 10:30:08] e60afd6ad9c7:357:374 [0] /longer_pathname_so_that_rpms_can_support_packaging_the_debug_info_for_all_os_profiles/src/out/ubuntu-22.04/22.04/build/rccl/hipify/src/graph/topo.cc:1550 NCCL WARN Could not find any local path from gpu 3 to net.

[2025-10-16 10:30:08] e60afd6ad9c7:357:374 [0] /longer_pathname_so_that_rpms_can_support_packaging_the_debug_info_for_all_os_profiles/src/out/ubuntu-22.04/22.04/build/rccl/hipify/src/graph/topo.cc:1550 NCCL WARN Could not find any local path from gpu 3 to net.

[2025-10-16 10:30:08] e60afd6ad9c7:357:374 [0] /longer_pathname_so_that_rpms_can_support_packaging_the_debug_info_for_all_os_profiles/src/out/ubuntu-22.04/22.04/build/rccl/hipify/src/graph/topo.cc:1550 NCCL WARN Could not find any local path from gpu 2 to net.

[2025-10-16 10:30:08] e60afd6ad9c7:357:374 [0] /longer_pathname_so_that_rpms_can_support_packaging_the_debug_info_for_all_os_profiles/src/out/ubuntu-22.04/22.04/build/rccl/hipify/src/graph/topo.cc:1550 NCCL WARN Could not find any local path from gpu 2 to net.

[2025-10-16 10:30:08] e60afd6ad9c7:357:374 [0] /longer_pathname_so_that_rpms_can_support_packaging_the_debug_info_for_all_os_profiles/src/out/ubuntu-22.04/22.04/build/rccl/hipify/src/graph/topo.cc:1550 NCCL WARN Could not find any local path from gpu 0 to net.

[2025-10-16 10:30:08] e60afd6ad9c7:357:374 [0] /longer_pathname_so_that_rpms_can_support_packaging_the_debug_info_for_all_os_profiles/src/out/ubuntu-22.04/22.04/build/rccl/hipify/src/graph/topo.cc:1550 NCCL WARN Could not find any local path from gpu 0 to net.

[2025-10-16 10:30:08] e60afd6ad9c7:357:374 [0] /longer_pathname_so_that_rpms_can_support_packaging_the_debug_info_for_all_os_profiles/src/out/ubuntu-22.04/22.04/build/rccl/hipify/src/graph/topo.cc:1550 NCCL WARN Could not find any local path from gpu 5 to net.

[2025-10-16 10:30:08] e60afd6ad9c7:357:374 [0] /longer_pathname_so_that_rpms_can_support_packaging_the_debug_info_for_all_os_profiles/src/out/ubuntu-22.04/22.04/build/rccl/hipify/src/graph/topo.cc:1550 NCCL WARN Could not find any local path from gpu 6 to net.

[2025-10-16 10:30:08] e60afd6ad9c7:357:374 [0] /longer_pathname_so_that_rpms_can_support_packaging_the_debug_info_for_all_os_profiles/src/out/ubuntu-22.04/22.04/build/rccl/hipify/src/graph/topo.cc:1550 NCCL WARN Could not find any local path from gpu 4 to net.

[2025-10-16 10:30:08] e60afd6ad9c7:357:374 [0] /longer_pathname_so_that_rpms_can_support_packaging_the_debug_info_for_all_os_profiles/src/out/ubuntu-22.04/22.04/build/rccl/hipify/src/graph/topo.cc:1550 NCCL WARN Could not find any local path from gpu 7 to net.

[2025-10-16 10:30:08] e60afd6ad9c7:357:374 [0] /longer_pathname_so_that_rpms_can_support_packaging_the_debug_info_for_all_os_profiles/src/out/ubuntu-22.04/22.04/build/rccl/hipify/src/graph/topo.cc:1550 NCCL WARN Could not find any local path from gpu 0 to net.

[2025-10-16 10:30:08] e60afd6ad9c7:357:374 [0] /longer_pathname_so_that_rpms_can_support_packaging_the_debug_info_for_all_os_profiles/src/out/ubuntu-22.04/22.04/build/rccl/hipify/src/graph/topo.cc:1550 NCCL WARN Could not find any local path from gpu 5 to net.

[2025-10-16 10:30:08] e60afd6ad9c7:357:374 [0] /longer_pathname_so_that_rpms_can_support_packaging_the_debug_info_for_all_os_profiles/src/out/ubuntu-22.04/22.04/build/rccl/hipify/src/graph/topo.cc:1550 NCCL WARN Could not find any local path from gpu 4 to net.

[2025-10-16 10:30:08] e60afd6ad9c7:357:374 [0] /longer_pathname_so_that_rpms_can_support_packaging_the_debug_info_for_all_os_profiles/src/out/ubuntu-22.04/22.04/build/rccl/hipify/src/graph/topo.cc:1550 NCCL WARN Could not find any local path from gpu 2 to net.

[2025-10-16 10:30:08] e60afd6ad9c7:357:374 [0] /longer_pathname_so_that_rpms_can_support_packaging_the_debug_info_for_all_os_profiles/src/out/ubuntu-22.04/22.04/build/rccl/hipify/src/graph/topo.cc:1550 NCCL WARN Could not find any local path from gpu 3 to net.

[2025-10-16 10:30:08] e60afd6ad9c7:357:374 [0] /longer_pathname_so_that_rpms_can_support_packaging_the_debug_info_for_all_os_profiles/src/out/ubuntu-22.04/22.04/build/rccl/hipify/src/graph/topo.cc:1550 NCCL WARN Could not find any local path from gpu 3 to net.

[2025-10-16 10:30:08] e60afd6ad9c7:357:374 [0] /longer_pathname_so_that_rpms_can_support_packaging_the_debug_info_for_all_os_profiles/src/out/ubuntu-22.04/22.04/build/rccl/hipify/src/graph/topo.cc:1550 NCCL WARN Could not find any local path from gpu 2 to net.

[2025-10-16 10:30:08] e60afd6ad9c7:357:374 [0] /longer_pathname_so_that_rpms_can_support_packaging_the_debug_info_for_all_os_profiles/src/out/ubuntu-22.04/22.04/build/rccl/hipify/src/graph/topo.cc:1550 NCCL WARN Could not find any local path from gpu 2 to net.

[2025-10-16 10:30:08] e60afd6ad9c7:357:374 [0] /longer_pathname_so_that_rpms_can_support_packaging_the_debug_info_for_all_os_profiles/src/out/ubuntu-22.04/22.04/build/rccl/hipify/src/graph/topo.cc:1550 NCCL WARN Could not find any local path from gpu 0 to net.

[2025-10-16 10:30:08] e60afd6ad9c7:357:374 [0] /longer_pathname_so_that_rpms_can_support_packaging_the_debug_info_for_all_os_profiles/src/out/ubuntu-22.04/22.04/build/rccl/hipify/src/graph/topo.cc:1550 NCCL WARN Could not find any local path from gpu 0 to net.

[2025-10-16 10:30:08] e60afd6ad9c7:357:374 [0] /longer_pathname_so_that_rpms_can_support_packaging_the_debug_info_for_all_os_profiles/src/out/ubuntu-22.04/22.04/build/rccl/hipify/src/graph/topo.cc:1550 NCCL WARN Could not find any local path from gpu 5 to net.

[2025-10-16 10:30:08] e60afd6ad9c7:357:374 [0] /longer_pathname_so_that_rpms_can_support_packaging_the_debug_info_for_all_os_profiles/src/out/ubuntu-22.04/22.04/build/rccl/hipify/src/graph/topo.cc:1550 NCCL WARN Could not find any local path from gpu 6 to net.

[2025-10-16 10:30:08] e60afd6ad9c7:357:374 [0] /longer_pathname_so_that_rpms_can_support_packaging_the_debug_info_for_all_os_profiles/src/out/ubuntu-22.04/22.04/build/rccl/hipify/src/graph/topo.cc:1550 NCCL WARN Could not find any local path from gpu 4 to net.

[2025-10-16 10:30:08] e60afd6ad9c7:357:374 [0] /longer_pathname_so_that_rpms_can_support_packaging_the_debug_info_for_all_os_profiles/src/out/ubuntu-22.04/22.04/build/rccl/hipify/src/graph/topo.cc:1550 NCCL WARN Could not find any local path from gpu 7 to net.

[2025-10-16 10:30:08] e60afd6ad9c7:357:374 [0] /longer_pathname_so_that_rpms_can_support_packaging_the_debug_info_for_all_os_profiles/src/out/ubuntu-22.04/22.04/build/rccl/hipify/src/graph/topo.cc:1550 NCCL WARN Could not find any local path from gpu 0 to net.

[2025-10-16 10:30:08] e60afd6ad9c7:357:374 [0] /longer_pathname_so_that_rpms_can_support_packaging_the_debug_info_for_all_os_profiles/src/out/ubuntu-22.04/22.04/build/rccl/hipify/src/graph/topo.cc:1550 NCCL WARN Could not find any local path from gpu 5 to net.

[2025-10-16 10:30:08] e60afd6ad9c7:357:374 [0] /longer_pathname_so_that_rpms_can_support_packaging_the_debug_info_for_all_os_profiles/src/out/ubuntu-22.04/22.04/build/rccl/hipify/src/graph/topo.cc:1550 NCCL WARN Could not find any local path from gpu 4 to net.

[2025-10-16 10:30:08] e60afd6ad9c7:357:374 [0] /longer_pathname_so_that_rpms_can_support_packaging_the_debug_info_for_all_os_profiles/src/out/ubuntu-22.04/22.04/build/rccl/hipify/src/graph/topo.cc:1550 NCCL WARN Could not find any local path from gpu 2 to net.

[2025-10-16 10:30:08] e60afd6ad9c7:357:381 [7] /longer_pathname_so_that_rpms_can_support_packaging_the_debug_info_for_all_os_profiles/src/out/ubuntu-22.04/22.04/build/rccl/hipify/src/graph/topo.cc:1550 NCCL WARN Could not find any local path from gpu 3 to net.

[2025-10-16 10:30:08] e60afd6ad9c7:357:381 [7] /longer_pathname_so_that_rpms_can_support_packaging_the_debug_info_for_all_os_profiles/src/out/ubuntu-22.04/22.04/build/rccl/hipify/src/graph/topo.cc:1550 NCCL WARN Could not find any local path from gpu 3 to net.

[2025-10-16 10:30:08] e60afd6ad9c7:357:381 [7] /longer_pathname_so_that_rpms_can_support_packaging_the_debug_info_for_all_os_profiles/src/out/ubuntu-22.04/22.04/build/rccl/hipify/src/graph/topo.cc:1550 NCCL WARN Could not find any local path from gpu 2 to net.

[2025-10-16 10:30:08] e60afd6ad9c7:357:381 [7] /longer_pathname_so_that_rpms_can_support_packaging_the_debug_info_for_all_os_profiles/src/out/ubuntu-22.04/22.04/build/rccl/hipify/src/graph/topo.cc:1550 NCCL WARN Could not find any local path from gpu 2 to net.

[2025-10-16 10:30:08] e60afd6ad9c7:357:381 [7] /longer_pathname_so_that_rpms_can_support_packaging_the_debug_info_for_all_os_profiles/src/out/ubuntu-22.04/22.04/build/rccl/hipify/src/graph/topo.cc:1550 NCCL WARN Could not find any local path from gpu 0 to net.

[2025-10-16 10:30:08] e60afd6ad9c7:357:381 [7] /longer_pathname_so_that_rpms_can_support_packaging_the_debug_info_for_all_os_profiles/src/out/ubuntu-22.04/22.04/build/rccl/hipify/src/graph/topo.cc:1550 NCCL WARN Could not find any local path from gpu 0 to net.

[2025-10-16 10:30:08] e60afd6ad9c7:357:381 [7] /longer_pathname_so_that_rpms_can_support_packaging_the_debug_info_for_all_os_profiles/src/out/ubuntu-22.04/22.04/build/rccl/hipify/src/graph/topo.cc:1550 NCCL WARN Could not find any local path from gpu 5 to net.

[2025-10-16 10:30:08] e60afd6ad9c7:357:381 [7] /longer_pathname_so_that_rpms_can_support_packaging_the_debug_info_for_all_os_profiles/src/out/ubuntu-22.04/22.04/build/rccl/hipify/src/graph/topo.cc:1550 NCCL WARN Could not find any local path from gpu 6 to net.

[2025-10-16 10:30:08] e60afd6ad9c7:357:381 [7] /longer_pathname_so_that_rpms_can_support_packaging_the_debug_info_for_all_os_profiles/src/out/ubuntu-22.04/22.04/build/rccl/hipify/src/graph/topo.cc:1550 NCCL WARN Could not find any local path from gpu 4 to net.

[2025-10-16 10:30:08] e60afd6ad9c7:357:381 [7] /longer_pathname_so_that_rpms_can_support_packaging_the_debug_info_for_all_os_profiles/src/out/ubuntu-22.04/22.04/build/rccl/hipify/src/graph/topo.cc:1550 NCCL WARN Could not find any local path from gpu 7 to net.

[2025-10-16 10:30:08] e60afd6ad9c7:357:381 [7] /longer_pathname_so_that_rpms_can_support_packaging_the_debug_info_for_all_os_profiles/src/out/ubuntu-22.04/22.04/build/rccl/hipify/src/graph/topo.cc:1550 NCCL WARN Could not find any local path from gpu 0 to net.

[2025-10-16 10:30:08] e60afd6ad9c7:357:381 [7] /longer_pathname_so_that_rpms_can_support_packaging_the_debug_info_for_all_os_profiles/src/out/ubuntu-22.04/22.04/build/rccl/hipify/src/graph/topo.cc:1550 NCCL WARN Could not find any local path from gpu 5 to net.

[2025-10-16 10:30:08] e60afd6ad9c7:357:381 [7] /longer_pathname_so_that_rpms_can_support_packaging_the_debug_info_for_all_os_profiles/src/out/ubuntu-22.04/22.04/build/rccl/hipify/src/graph/topo.cc:1550 NCCL WARN Could not find any local path from gpu 4 to net.

[2025-10-16 10:30:08] e60afd6ad9c7:357:381 [7] /longer_pathname_so_that_rpms_can_support_packaging_the_debug_info_for_all_os_profiles/src/out/ubuntu-22.04/22.04/build/rccl/hipify/src/graph/topo.cc:1550 NCCL WARN Could not find any local path from gpu 2 to net.

[2025-10-16 10:30:08] e60afd6ad9c7:357:381 [7] /longer_pathname_so_that_rpms_can_support_packaging_the_debug_info_for_all_os_profiles/src/out/ubuntu-22.04/22.04/build/rccl/hipify/src/graph/topo.cc:1550 NCCL WARN Could not find any local path from gpu 3 to net.

[2025-10-16 10:30:08] e60afd6ad9c7:357:381 [7] /longer_pathname_so_that_rpms_can_support_packaging_the_debug_info_for_all_os_profiles/src/out/ubuntu-22.04/22.04/build/rccl/hipify/src/graph/topo.cc:1550 NCCL WARN Could not find any local path from gpu 3 to net.

[2025-10-16 10:30:08] e60afd6ad9c7:357:381 [7] /longer_pathname_so_that_rpms_can_support_packaging_the_debug_info_for_all_os_profiles/src/out/ubuntu-22.04/22.04/build/rccl/hipify/src/graph/topo.cc:1550 NCCL WARN Could not find any local path from gpu 2 to net.

[2025-10-16 10:30:08] e60afd6ad9c7:357:381 [7] /longer_pathname_so_that_rpms_can_support_packaging_the_debug_info_for_all_os_profiles/src/out/ubuntu-22.04/22.04/build/rccl/hipify/src/graph/topo.cc:1550 NCCL WARN Could not find any local path from gpu 2 to net.

[2025-10-16 10:30:08] e60afd6ad9c7:357:381 [7] /longer_pathname_so_that_rpms_can_support_packaging_the_debug_info_for_all_os_profiles/src/out/ubuntu-22.04/22.04/build/rccl/hipify/src/graph/topo.cc:1550 NCCL WARN Could not find any local path from gpu 0 to net.

[2025-10-16 10:30:08] e60afd6ad9c7:357:381 [7] /longer_pathname_so_that_rpms_can_support_packaging_the_debug_info_for_all_os_profiles/src/out/ubuntu-22.04/22.04/build/rccl/hipify/src/graph/topo.cc:1550 NCCL WARN Could not find any local path from gpu 0 to net.

[2025-10-16 10:30:08] e60afd6ad9c7:357:381 [7] /longer_pathname_so_that_rpms_can_support_packaging_the_debug_info_for_all_os_profiles/src/out/ubuntu-22.04/22.04/build/rccl/hipify/src/graph/topo.cc:1550 NCCL WARN Could not find any local path from gpu 5 to net.

[2025-10-16 10:30:08] e60afd6ad9c7:357:381 [7] /longer_pathname_so_that_rpms_can_support_packaging_the_debug_info_for_all_os_profiles/src/out/ubuntu-22.04/22.04/build/rccl/hipify/src/graph/topo.cc:1550 NCCL WARN Could not find any local path from gpu 6 to net.

[2025-10-16 10:30:08] e60afd6ad9c7:357:381 [7] /longer_pathname_so_that_rpms_can_support_packaging_the_debug_info_for_all_os_profiles/src/out/ubuntu-22.04/22.04/build/rccl/hipify/src/graph/topo.cc:1550 NCCL WARN Could not find any local path from gpu 4 to net.

[2025-10-16 10:30:08] e60afd6ad9c7:357:381 [7] /longer_pathname_so_that_rpms_can_support_packaging_the_debug_info_for_all_os_profiles/src/out/ubuntu-22.04/22.04/build/rccl/hipify/src/graph/topo.cc:1550 NCCL WARN Could not find any local path from gpu 7 to net.

[2025-10-16 10:30:08] e60afd6ad9c7:357:381 [7] /longer_pathname_so_that_rpms_can_support_packaging_the_debug_info_for_all_os_profiles/src/out/ubuntu-22.04/22.04/build/rccl/hipify/src/graph/topo.cc:1550 NCCL WARN Could not find any local path from gpu 0 to net.

[2025-10-16 10:30:08] e60afd6ad9c7:357:381 [7] /longer_pathname_so_that_rpms_can_support_packaging_the_debug_info_for_all_os_profiles/src/out/ubuntu-22.04/22.04/build/rccl/hipify/src/graph/topo.cc:1550 NCCL WARN Could not find any local path from gpu 5 to net.

[2025-10-16 10:30:08] e60afd6ad9c7:357:381 [7] /longer_pathname_so_that_rpms_can_support_packaging_the_debug_info_for_all_os_profiles/src/out/ubuntu-22.04/22.04/build/rccl/hipify/src/graph/topo.cc:1550 NCCL WARN Could not find any local path from gpu 4 to net.

[2025-10-16 10:30:08] e60afd6ad9c7:357:381 [7] /longer_pathname_so_that_rpms_can_support_packaging_the_debug_info_for_all_os_profiles/src/out/ubuntu-22.04/22.04/build/rccl/hipify/src/graph/topo.cc:1550 NCCL WARN Could not find any local path from gpu 2 to net.
e60afd6ad9c7:357:376 [2] NCCL INFO comm 0xacc9f20 rank 2 nRanks 8 nNodes 1 localRanks 8 localRank 2 MNNVL 0
e60afd6ad9c7:357:378 [4] NCCL INFO comm 0xb8fd9e0 rank 4 nRanks 8 nNodes 1 localRanks 8 localRank 4 MNNVL 0
e60afd6ad9c7:357:380 [6] NCCL INFO comm 0xbab1e60 rank 6 nRanks 8 nNodes 1 localRanks 8 localRank 6 MNNVL 0
e60afd6ad9c7:357:377 [3] NCCL INFO comm 0xada4160 rank 3 nRanks 8 nNodes 1 localRanks 8 localRank 3 MNNVL 0
e60afd6ad9c7:357:374 [0] NCCL INFO comm 0xaab8ab0 rank 0 nRanks 8 nNodes 1 localRanks 8 localRank 0 MNNVL 0
e60afd6ad9c7:357:375 [1] NCCL INFO comm 0xabefce0 rank 1 nRanks 8 nNodes 1 localRanks 8 localRank 1 MNNVL 0
e60afd6ad9c7:357:379 [5] NCCL INFO comm 0xb9d7c20 rank 5 nRanks 8 nNodes 1 localRanks 8 localRank 5 MNNVL 0
e60afd6ad9c7:357:381 [7] NCCL INFO comm 0xbb8c0a0 rank 7 nRanks 8 nNodes 1 localRanks 8 localRank 7 MNNVL 0
e60afd6ad9c7:357:375 [1] NCCL INFO MSCCL: No external scheduler found, using internal implementation
e60afd6ad9c7:357:376 [2] NCCL INFO MSCCL: No external scheduler found, using internal implementation
e60afd6ad9c7:357:375 [1] NCCL INFO Using MSCCL files from /opt/rocm/lib/../share/rccl/msccl-algorithms
e60afd6ad9c7:357:374 [0] NCCL INFO MSCCL: No external scheduler found, using internal implementation
e60afd6ad9c7:357:376 [2] NCCL INFO Using MSCCL files from /opt/rocm/lib/../share/rccl/msccl-algorithms
e60afd6ad9c7:357:375 [1] NCCL INFO Trees [0] 3/-1/-1->1->-1 [1] 3/-1/-1->1->-1 [2] 2/-1/-1->1->-1 [3] 2/-1/-1->1->-1 [4] 0/-1/-1->1->-1 [5] 0/-1/-1->1->-1 [6] 5/-1/-1->1->-1 [7] -1/-1/-1->1->3 [8] -1/-1/-1->1->3 [9] -1/-1/-1->1->2 [10] -1/-1/-1->1->2 [11] -1/-1/-1->1->0 [12] -1/-1/-1->1->0 [13] -1/-1/-1->1->5 [14] 3/-1/-1->1->-1 [15] 3/-1/-1->1->-1 [16] 2/-1/-1->1->-1 [17] 2/-1/-1->1->-1 [18] 0/-1/-1->1->-1 [19] 0/-1/-1->1->-1 [20] 5/-1/-1->1->-1 [21] -1/-1/-1->1->3 [22] -1/-1/-1->1->3 [23] -1/-1/-1->1->2 [24] -1/-1/-1->1->2 [25] -1/-1/-1->1->0 [26] -1/-1/-1->1->0 [27] -1/-1/-1->1->5 [28] 3/-1/-1->1->-1 [29] 3/-1/-1->1->-1 [30] 2/-1/-1->1->-1 [31] 2/-1/-1->1->-1 [32] 0/-1/-1->1->-1 [33] 0/-1/-1->1->-1 [34] 5/-1/-1->1->-1 [35] -1/-1/-1->1->3 [36] -1/-1/-1->1->3 [37] -1/-1/-1->1->2 [38] -1/-1/-1->1->2 [39] -1/-1/-1->1->0 [40] -1/-1/-1->1->0 [41] -1/-1/-1->1->5 [42] 3/-1/-1->1->-1 [43] 3/-1/-1->1->-1 [44] 2/-1/-1->1->-1 [45] 2/-1/-1->1->-1 [46] 0/-1/-1->1->-1 [47] 0/-1/-1->1->-1 [48] 5/-1/-1->1->-1 [49] -1/-1/-
e60afd6ad9c7:357:375 [1] NCCL INFO P2P Chunksize set to 524288
e60afd6ad9c7:357:381 [7] NCCL INFO MSCCL: No external scheduler found, using internal implementation
e60afd6ad9c7:357:374 [0] NCCL INFO Using MSCCL files from /opt/rocm/lib/../share/rccl/msccl-algorithms
e60afd6ad9c7:357:376 [2] NCCL INFO Trees [0] 0/-1/-1->2->3 [1] 0/-1/-1->2->3 [2] 5/-1/-1->2->1 [3] 5/-1/-1->2->1 [4] 4/-1/-1->2->7 [5] 4/-1/-1->2->6 [6] 7/-1/-1->2->6 [7] 3/-1/-1->2->0 [8] 3/-1/-1->2->0 [9] 1/-1/-1->2->5 [10] 1/-1/-1->2->5 [11] 7/-1/-1->2->4 [12] 6/-1/-1->2->4 [13] 6/-1/-1->2->7 [14] 0/-1/-1->2->3 [15] 0/-1/-1->2->3 [16] 5/-1/-1->2->1 [17] 5/-1/-1->2->1 [18] 4/-1/-1->2->7 [19] 4/-1/-1->2->6 [20] 7/-1/-1->2->6 [21] 3/-1/-1->2->0 [22] 3/-1/-1->2->0 [23] 1/-1/-1->2->5 [24] 1/-1/-1->2->5 [25] 7/-1/-1->2->4 [26] 6/-1/-1->2->4 [27] 6/-1/-1->2->7 [28] 0/-1/-1->2->3 [29] 0/-1/-1->2->3 [30] 5/-1/-1->2->1 [31] 5/-1/-1->2->1 [32] 4/-1/-1->2->7 [33] 4/-1/-1->2->6 [34] 7/-1/-1->2->6 [35] 3/-1/-1->2->0 [36] 3/-1/-1->2->0 [37] 1/-1/-1->2->5 [38] 1/-1/-1->2->5 [39] 7/-1/-1->2->4 [40] 6/-1/-1->2->4 [41] 6/-1/-1->2->7 [42] 0/-1/-1->2->3 [43] 0/-1/-1->2->3 [44] 5/-1/-1->2->1 [45] 5/-1/-1->2->1 [46] 4/-1/-1->2->7 [47] 4/-1/-1->2->6 [48] 7/-1/-1->2->6 [49] 3/-1/-1->2->0 [50] 3/-1/-1->2->0 [51] 1/-1/-1->2->5 [52]
e60afd6ad9c7:357:376 [2] NCCL INFO P2P Chunksize set to 524288
e60afd6ad9c7:357:377 [3] NCCL INFO MSCCL: No external scheduler found, using internal implementation
e60afd6ad9c7:357:379 [5] NCCL INFO MSCCL: No external scheduler found, using internal implementation
e60afd6ad9c7:357:379 [5] NCCL INFO Using MSCCL files from /opt/rocm/lib/../share/rccl/msccl-algorithms
e60afd6ad9c7:357:374 [0] NCCL INFO Channel 00/112 : 0 5 7 6 4 1 3 2
e60afd6ad9c7:357:374 [0] NCCL INFO Channel 01/112 : 0 5 7 4 6 1 3 2
e60afd6ad9c7:357:374 [0] NCCL INFO Channel 02/112 : 0 6 7 4 1 2 5 3
e60afd6ad9c7:357:374 [0] NCCL INFO Channel 03/112 : 0 7 1 2 5 6 3 4
e60afd6ad9c7:357:374 [0] NCCL INFO Channel 04/112 : 0 3 7 2 4 5 6 1
e60afd6ad9c7:357:374 [0] NCCL INFO Channel 05/112 : 0 7 3 6 2 4 5 1
e60afd6ad9c7:357:374 [0] NCCL INFO Channel 06/112 : 0 6 2 7 1 5 3 4
e60afd6ad9c7:357:374 [0] NCCL INFO Channel 07/112 : 0 2 3 1 4 6 7 5
e60afd6ad9c7:357:374 [0] NCCL INFO Channel 08/112 : 0 2 3 1 6 4 7 5
e60afd6ad9c7:357:374 [0] NCCL INFO Channel 09/112 : 0 3 5 2 1 4 7 6
e60afd6ad9c7:357:374 [0] NCCL INFO Channel 10/112 : 0 4 3 6 5 2 1 7
e60afd6ad9c7:357:374 [0] NCCL INFO Channel 11/112 : 0 1 6 5 4 2 7 3
e60afd6ad9c7:357:374 [0] NCCL INFO Channel 12/112 : 0 1 5 4 2 6 3 7
e60afd6ad9c7:357:374 [0] NCCL INFO Channel 13/112 : 0 4 3 5 1 7 2 6
e60afd6ad9c7:357:374 [0] NCCL INFO Channel 14/112 : 0 5 7 6 4 1 3 2
e60afd6ad9c7:357:374 [0] NCCL INFO Channel 15/112 : 0 5 7 4 6 1 3 2
e60afd6ad9c7:357:374 [0] NCCL INFO Channel 16/112 : 0 6 7 4 1 2 5 3
e60afd6ad9c7:357:374 [0] NCCL INFO Channel 17/112 : 0 7 1 2 5 6 3 4
e60afd6ad9c7:357:380 [6] NCCL INFO MSCCL: No external scheduler found, using internal implementation
e60afd6ad9c7:357:374 [0] NCCL INFO Channel 18/112 : 0 3 7 2 4 5 6 1
e60afd6ad9c7:357:374 [0] NCCL INFO Channel 19/112 : 0 7 3 6 2 4 5 1
e60afd6ad9c7:357:374 [0] NCCL INFO Channel 20/112 : 0 6 2 7 1 5 3 4
e60afd6ad9c7:357:374 [0] NCCL INFO Channel 21/112 : 0 2 3 1 4 6 7 5
e60afd6ad9c7:357:374 [0] NCCL INFO Channel 22/112 : 0 2 3 1 6 4 7 5
e60afd6ad9c7:357:374 [0] NCCL INFO Channel 23/112 : 0 3 5 2 1 4 7 6
e60afd6ad9c7:357:381 [7] NCCL INFO Using MSCCL files from /opt/rocm/lib/../share/rccl/msccl-algorithms
e60afd6ad9c7:357:374 [0] NCCL INFO Channel 24/112 : 0 4 3 6 5 2 1 7
e60afd6ad9c7:357:374 [0] NCCL INFO Channel 25/112 : 0 1 6 5 4 2 7 3
e60afd6ad9c7:357:374 [0] NCCL INFO Channel 26/112 : 0 1 5 4 2 6 3 7
e60afd6ad9c7:357:374 [0] NCCL INFO Channel 27/112 : 0 4 3 5 1 7 2 6
e60afd6ad9c7:357:380 [6] NCCL INFO Using MSCCL files from /opt/rocm/lib/../share/rccl/msccl-algorithms
e60afd6ad9c7:357:374 [0] NCCL INFO Channel 28/112 : 0 5 7 6 4 1 3 2
e60afd6ad9c7:357:374 [0] NCCL INFO Channel 29/112 : 0 5 7 4 6 1 3 2
e60afd6ad9c7:357:374 [0] NCCL INFO Channel 30/112 : 0 6 7 4 1 2 5 3
e60afd6ad9c7:357:374 [0] NCCL INFO Channel 31/112 : 0 7 1 2 5 6 3 4
e60afd6ad9c7:357:374 [0] NCCL INFO Channel 32/112 : 0 3 7 2 4 5 6 1
e60afd6ad9c7:357:383 [1] NCCL INFO [Proxy Service] Device 1 CPU core 17
e60afd6ad9c7:357:374 [0] NCCL INFO Channel 33/112 : 0 7 3 6 2 4 5 1
e60afd6ad9c7:357:377 [3] NCCL INFO Using MSCCL files from /opt/rocm/lib/../share/rccl/msccl-algorithms
e60afd6ad9c7:357:374 [0] NCCL INFO Channel 34/112 : 0 6 2 7 1 5 3 4
e60afd6ad9c7:357:374 [0] NCCL INFO Channel 35/112 : 0 2 3 1 4 6 7 5
e60afd6ad9c7:357:374 [0] NCCL INFO Channel 36/112 : 0 2 3 1 6 4 7 5
e60afd6ad9c7:357:374 [0] NCCL INFO Channel 37/112 : 0 3 5 2 1 4 7 6
e60afd6ad9c7:357:374 [0] NCCL INFO Channel 38/112 : 0 4 3 6 5 2 1 7
e60afd6ad9c7:357:374 [0] NCCL INFO Channel 39/112 : 0 1 6 5 4 2 7 3
e60afd6ad9c7:357:374 [0] NCCL INFO Channel 40/112 : 0 1 5 4 2 6 3 7
e60afd6ad9c7:357:374 [0] NCCL INFO Channel 41/112 : 0 4 3 5 1 7 2 6
e60afd6ad9c7:357:374 [0] NCCL INFO Channel 42/112 : 0 5 7 6 4 1 3 2
e60afd6ad9c7:357:374 [0] NCCL INFO Channel 43/112 : 0 5 7 4 6 1 3 2
e60afd6ad9c7:357:374 [0] NCCL INFO Channel 44/112 : 0 6 7 4 1 2 5 3
e60afd6ad9c7:357:374 [0] NCCL INFO Channel 45/112 : 0 7 1 2 5 6 3 4
e60afd6ad9c7:357:374 [0] NCCL INFO Channel 46/112 : 0 3 7 2 4 5 6 1
e60afd6ad9c7:357:374 [0] NCCL INFO Channel 47/112 : 0 7 3 6 2 4 5 1
e60afd6ad9c7:357:374 [0] NCCL INFO Channel 48/112 : 0 6 2 7 1 5 3 4
e60afd6ad9c7:357:374 [0] NCCL INFO Channel 49/112 : 0 2 3 1 4 6 7 5
e60afd6ad9c7:357:374 [0] NCCL INFO Channel 50/112 : 0 2 3 1 6 4 7 5
e60afd6ad9c7:357:374 [0] NCCL INFO Channel 51/112 : 0 3 5 2 1 4 7 6
e60afd6ad9c7:357:374 [0] NCCL INFO Channel 52/112 : 0 4 3 6 5 2 1 7
e60afd6ad9c7:357:374 [0] NCCL INFO Channel 53/112 : 0 1 6 5 4 2 7 3
e60afd6ad9c7:357:374 [0] NCCL INFO Channel 54/112 : 0 1 5 4 2 6 3 7
e60afd6ad9c7:357:374 [0] NCCL INFO Channel 55/112 : 0 4 3 5 1 7 2 6
e60afd6ad9c7:357:374 [0] NCCL INFO Channel 56/112 : 0 5 7 6 4 1 3 2
e60afd6ad9c7:357:374 [0] NCCL INFO Channel 57/112 : 0 5 7 4 6 1 3 2
e60afd6ad9c7:357:374 [0] NCCL INFO Channel 58/112 : 0 6 7 4 1 2 5 3
e60afd6ad9c7:357:374 [0] NCCL INFO Channel 59/112 : 0 7 1 2 5 6 3 4
e60afd6ad9c7:357:374 [0] NCCL INFO Channel 60/112 : 0 3 7 2 4 5 6 1
e60afd6ad9c7:357:374 [0] NCCL INFO Channel 61/112 : 0 7 3 6 2 4 5 1
e60afd6ad9c7:357:374 [0] NCCL INFO Channel 62/112 : 0 6 2 7 1 5 3 4
e60afd6ad9c7:357:374 [0] NCCL INFO Channel 63/112 : 0 2 3 1 4 6 7 5
e60afd6ad9c7:357:374 [0] NCCL INFO Channel 64/112 : 0 2 3 1 6 4 7 5
e60afd6ad9c7:357:374 [0] NCCL INFO Channel 65/112 : 0 3 5 2 1 4 7 6
e60afd6ad9c7:357:374 [0] NCCL INFO Channel 66/112 : 0 4 3 6 5 2 1 7
e60afd6ad9c7:357:374 [0] NCCL INFO Channel 67/112 : 0 1 6 5 4 2 7 3
e60afd6ad9c7:357:374 [0] NCCL INFO Channel 68/112 : 0 1 5 4 2 6 3 7
e60afd6ad9c7:357:374 [0] NCCL INFO Channel 69/112 : 0 4 3 5 1 7 2 6
e60afd6ad9c7:357:374 [0] NCCL INFO Channel 70/112 : 0 5 7 6 4 1 3 2
e60afd6ad9c7:357:374 [0] NCCL INFO Channel 71/112 : 0 5 7 4 6 1 3 2
e60afd6ad9c7:357:374 [0] NCCL INFO Channel 72/112 : 0 6 7 4 1 2 5 3
e60afd6ad9c7:357:374 [0] NCCL INFO Channel 73/112 : 0 7 1 2 5 6 3 4
e60afd6ad9c7:357:374 [0] NCCL INFO Channel 74/112 : 0 3 7 2 4 5 6 1
e60afd6ad9c7:357:374 [0] NCCL INFO Channel 75/112 : 0 7 3 6 2 4 5 1
e60afd6ad9c7:357:374 [0] NCCL INFO Channel 76/112 : 0 6 2 7 1 5 3 4
e60afd6ad9c7:357:374 [0] NCCL INFO Channel 77/112 : 0 2 3 1 4 6 7 5
e60afd6ad9c7:357:374 [0] NCCL INFO Channel 78/112 : 0 2 3 1 6 4 7 5
e60afd6ad9c7:357:374 [0] NCCL INFO Channel 79/112 : 0 3 5 2 1 4 7 6
e60afd6ad9c7:357:374 [0] NCCL INFO Channel 80/112 : 0 4 3 6 5 2 1 7
e60afd6ad9c7:357:378 [4] NCCL INFO MSCCL: No external scheduler found, using internal implementation
e60afd6ad9c7:357:374 [0] NCCL INFO Channel 81/112 : 0 1 6 5 4 2 7 3
e60afd6ad9c7:357:374 [0] NCCL INFO Channel 82/112 : 0 1 5 4 2 6 3 7
e60afd6ad9c7:357:374 [0] NCCL INFO Channel 83/112 : 0 4 3 5 1 7 2 6
e60afd6ad9c7:357:379 [5] NCCL INFO Trees [0] 7/-1/-1->5->0 [1] 7/-1/-1->5->0 [2] 3/-1/-1->5->2 [3] 6/-1/-1->5->2 [4] 6/-1/-1->5->4 [5] -1/-1/-1->5->4 [6] 3/-1/-1->5->1 [7] 0/-1/-1->5->7 [8] 0/-1/-1->5->7 [9] 2/-1/-1->5->3 [10] 2/-1/-1->5->6 [11] 4/-1/-1->5->6 [12] 4/-1/-1->5->-1 [13] 1/-1/-1->5->3 [14] 7/-1/-1->5->0 [15] 7/-1/-1->5->0 [16] 3/-1/-1->5->2 [17] 6/-1/-1->5->2 [18] 6/-1/-1->5->4 [19] -1/-1/-1->5->4 [20] 3/-1/-1->5->1 [21] 0/-1/-1->5->7 [22] 0/-1/-1->5->7 [23] 2/-1/-1->5->3 [24] 2/-1/-1->5->6 [25] 4/-1/-1->5->6 [26] 4/-1/-1->5->-1 [27] 1/-1/-1->5->3 [28] 7/-1/-1->5->0 [29] 7/-1/-1->5->0 [30] 3/-1/-1->5->2 [31] 6/-1/-1->5->2 [32] 6/-1/-1->5->4 [33] -1/-1/-1->5->4 [34] 3/-1/-1->5->1 [35] 0/-1/-1->5->7 [36] 0/-1/-1->5->7 [37] 2/-1/-1->5->3 [38] 2/-1/-1->5->6 [39] 4/-1/-1->5->6 [40] 4/-1/-1->5->-1 [41] 1/-1/-1->5->3 [42] 7/-1/-1->5->0 [43] 7/-1/-1->5->0 [44] 3/-1/-1->5->2 [45] 6/-1/-1->5->2 [46] 6/-1/-1->5->4 [47] -1/-1/-1->5->4 [48] 3/-1/-1->5->1 [49] 0/-1/-1->5->7 [50] 0/-1/-1->5->7 [51] 2/-1/-1->5-
e60afd6ad9c7:357:379 [5] NCCL INFO P2P Chunksize set to 524288
e60afd6ad9c7:357:374 [0] NCCL INFO Channel 84/112 : 0 5 7 6 4 1 3 2
e60afd6ad9c7:357:374 [0] NCCL INFO Channel 85/112 : 0 5 7 4 6 1 3 2
e60afd6ad9c7:357:374 [0] NCCL INFO Channel 86/112 : 0 6 7 4 1 2 5 3
e60afd6ad9c7:357:374 [0] NCCL INFO Channel 87/112 : 0 7 1 2 5 6 3 4
e60afd6ad9c7:357:384 [1] NCCL INFO [Proxy Service UDS] Device 1 CPU core 55
e60afd6ad9c7:357:378 [4] NCCL INFO Using MSCCL files from /opt/rocm/lib/../share/rccl/msccl-algorithms
e60afd6ad9c7:357:374 [0] NCCL INFO Channel 88/112 : 0 3 7 2 4 5 6 1
e60afd6ad9c7:357:386 [2] NCCL INFO [Proxy Service UDS] Device 2 CPU core 43
e60afd6ad9c7:357:374 [0] NCCL INFO Channel 89/112 : 0 7 3 6 2 4 5 1
e60afd6ad9c7:357:374 [0] NCCL INFO Channel 90/112 : 0 6 2 7 1 5 3 4
e60afd6ad9c7:357:374 [0] NCCL INFO Channel 91/112 : 0 2 3 1 4 6 7 5
e60afd6ad9c7:357:374 [0] NCCL INFO Channel 92/112 : 0 2 3 1 6 4 7 5
e60afd6ad9c7:357:374 [0] NCCL INFO Channel 93/112 : 0 3 5 2 1 4 7 6
e60afd6ad9c7:357:385 [2] NCCL INFO [Proxy Service] Device 2 CPU core 28
e60afd6ad9c7:357:374 [0] NCCL INFO Channel 94/112 : 0 4 3 6 5 2 1 7
e60afd6ad9c7:357:374 [0] NCCL INFO Channel 95/112 : 0 1 6 5 4 2 7 3
e60afd6ad9c7:357:374 [0] NCCL INFO Channel 96/112 : 0 1 5 4 2 6 3 7
e60afd6ad9c7:357:374 [0] NCCL INFO Channel 97/112 : 0 4 3 5 1 7 2 6
e60afd6ad9c7:357:374 [0] NCCL INFO Channel 98/112 : 0 5 7 6 4 1 3 2
e60afd6ad9c7:357:374 [0] NCCL INFO Channel 99/112 : 0 5 7 4 6 1 3 2
e60afd6ad9c7:357:374 [0] NCCL INFO Channel 100/112 : 0 6 7 4 1 2 5 3
e60afd6ad9c7:357:374 [0] NCCL INFO Channel 101/112 : 0 7 1 2 5 6 3 4
e60afd6ad9c7:357:374 [0] NCCL INFO Channel 102/112 : 0 3 7 2 4 5 6 1
e60afd6ad9c7:357:374 [0] NCCL INFO Channel 103/112 : 0 7 3 6 2 4 5 1
e60afd6ad9c7:357:374 [0] NCCL INFO Channel 104/112 : 0 6 2 7 1 5 3 4
e60afd6ad9c7:357:374 [0] NCCL INFO Channel 105/112 : 0 2 3 1 4 6 7 5
e60afd6ad9c7:357:374 [0] NCCL INFO Channel 106/112 : 0 2 3 1 6 4 7 5
e60afd6ad9c7:357:374 [0] NCCL INFO Channel 107/112 : 0 3 5 2 1 4 7 6
e60afd6ad9c7:357:374 [0] NCCL INFO Channel 108/112 : 0 4 3 6 5 2 1 7
e60afd6ad9c7:357:374 [0] NCCL INFO Channel 109/112 : 0 1 6 5 4 2 7 3
e60afd6ad9c7:357:374 [0] NCCL INFO Channel 110/112 : 0 1 5 4 2 6 3 7
e60afd6ad9c7:357:374 [0] NCCL INFO Channel 111/112 : 0 4 3 5 1 7 2 6
e60afd6ad9c7:357:381 [7] NCCL INFO Trees [0] 6/-1/-1->7->5 [1] 4/-1/-1->7->5 [2] 4/-1/-1->7->6 [3] -1/-1/-1->7->0 [4] 2/-1/-1->7->3 [5] 3/-1/-1->7->0 [6] -1/-1/-1->7->2 [7] 5/-1/-1->7->6 [8] 5/-1/-1->7->4 [9] 6/-1/-1->7->4 [10] 0/-1/-1->7->-1 [11] 3/-1/-1->7->2 [12] 0/-1/-1->7->3 [13] 2/-1/-1->7->-1 [14] 6/-1/-1->7->5 [15] 4/-1/-1->7->5 [16] 4/-1/-1->7->6 [17] -1/-1/-1->7->0 [18] 2/-1/-1->7->3 [19] 3/-1/-1->7->0 [20] -1/-1/-1->7->2 [21] 5/-1/-1->7->6 [22] 5/-1/-1->7->4 [23] 6/-1/-1->7->4 [24] 0/-1/-1->7->-1 [25] 3/-1/-1->7->2 [26] 0/-1/-1->7->3 [27] 2/-1/-1->7->-1 [28] 6/-1/-1->7->5 [29] 4/-1/-1->7->5 [30] 4/-1/-1->7->6 [31] -1/-1/-1->7->0 [32] 2/-1/-1->7->3 [33] 3/-1/-1->7->0 [34] -1/-1/-1->7->2 [35] 5/-1/-1->7->6 [36] 5/-1/-1->7->4 [37] 6/-1/-1->7->4 [38] 0/-1/-1->7->-1 [39] 3/-1/-1->7->2 [40] 0/-1/-1->7->3 [41] 2/-1/-1->7->-1 [42] 6/-1/-1->7->5 [43] 4/-1/-1->7->5 [44] 4/-1/-1->7->6 [45] -1/-1/-1->7->0 [46] 2/-1/-1->7->3 [47] 3/-1/-1->7->0 [48] -1/-1/-1->7->2 [49] 5/-1/-1->7->6 [50] 5/-1/-1->7->4 [51] 6/-1
e60afd6ad9c7:357:381 [7] NCCL INFO P2P Chunksize set to 524288
e60afd6ad9c7:357:374 [0] NCCL INFO Trees [0] 5/-1/-1->0->2 [1] 5/-1/-1->0->2 [2] 6/-1/-1->0->3 [3] 7/-1/-1->0->4 [4] 3/-1/-1->0->1 [5] 7/-1/-1->0->1 [6] 6/-1/-1->0->4 [7] 2/-1/-1->0->5 [8] 2/-1/-1->0->5 [9] 3/-1/-1->0->6 [10] 4/-1/-1->0->7 [11] 1/-1/-1->0->3 [12] 1/-1/-1->0->7 [13] 4/-1/-1->0->6 [14] 5/-1/-1->0->2 [15] 5/-1/-1->0->2 [16] 6/-1/-1->0->3 [17] 7/-1/-1->0->4 [18] 3/-1/-1->0->1 [19] 7/-1/-1->0->1 [20] 6/-1/-1->0->4 [21] 2/-1/-1->0->5 [22] 2/-1/-1->0->5 [23] 3/-1/-1->0->6 [24] 4/-1/-1->0->7 [25] 1/-1/-1->0->3 [26] 1/-1/-1->0->7 [27] 4/-1/-1->0->6 [28] 5/-1/-1->0->2 [29] 5/-1/-1->0->2 [30] 6/-1/-1->0->3 [31] 7/-1/-1->0->4 [32] 3/-1/-1->0->1 [33] 7/-1/-1->0->1 [34] 6/-1/-1->0->4 [35] 2/-1/-1->0->5 [36] 2/-1/-1->0->5 [37] 3/-1/-1->0->6 [38] 4/-1/-1->0->7 [39] 1/-1/-1->0->3 [40] 1/-1/-1->0->7 [41] 4/-1/-1->0->6 [42] 5/-1/-1->0->2 [43] 5/-1/-1->0->2 [44] 6/-1/-1->0->3 [45] 7/-1/-1->0->4 [46] 3/-1/-1->0->1 [47] 7/-1/-1->0->1 [48] 6/-1/-1->0->4 [49] 2/-1/-1->0->5 [50] 2/-1/-1->0->5 [51] 3/-1/-1->0->6 [52]
e60afd6ad9c7:357:374 [0] NCCL INFO P2P Chunksize set to 524288
e60afd6ad9c7:357:387 [5] NCCL INFO [Proxy Service] Device 5 CPU core 86
e60afd6ad9c7:357:380 [6] NCCL INFO Trees [0] 4/-1/-1->6->7 [1] -1/-1/-1->6->4 [2] 7/-1/-1->6->0 [3] 3/-1/-1->6->5 [4] -1/-1/-1->6->5 [5] 2/-1/-1->6->3 [6] 2/-1/-1->6->0 [7] 7/-1/-1->6->4 [8] 4/-1/-1->6->-1 [9] 0/-1/-1->6->7 [10] 5/-1/-1->6->3 [11] 5/-1/-1->6->-1 [12] 3/-1/-1->6->2 [13] 0/-1/-1->6->2 [14] 4/-1/-1->6->7 [15] -1/-1/-1->6->4 [16] 7/-1/-1->6->0 [17] 3/-1/-1->6->5 [18] -1/-1/-1->6->5 [19] 2/-1/-1->6->3 [20] 2/-1/-1->6->0 [21] 7/-1/-1->6->4 [22] 4/-1/-1->6->-1 [23] 0/-1/-1->6->7 [24] 5/-1/-1->6->3 [25] 5/-1/-1->6->-1 [26] 3/-1/-1->6->2 [27] 0/-1/-1->6->2 [28] 4/-1/-1->6->7 [29] -1/-1/-1->6->4 [30] 7/-1/-1->6->0 [31] 3/-1/-1->6->5 [32] -1/-1/-1->6->5 [33] 2/-1/-1->6->3 [34] 2/-1/-1->6->0 [35] 7/-1/-1->6->4 [36] 4/-1/-1->6->-1 [37] 0/-1/-1->6->7 [38] 5/-1/-1->6->3 [39] 5/-1/-1->6->-1 [40] 3/-1/-1->6->2 [41] 0/-1/-1->6->2 [42] 4/-1/-1->6->7 [43] -1/-1/-1->6->4 [44] 7/-1/-1->6->0 [45] 3/-1/-1->6->5 [46] -1/-1/-1->6->5 [47] 2/-1/-1->6->3 [48] 2/-1/-1->6->0 [49] 7/-1/-1->6->4 [50] 4/-1/-1->6->-1 [51] 0/-
e60afd6ad9c7:357:380 [6] NCCL INFO P2P Chunksize set to 524288
e60afd6ad9c7:357:374 [0] NCCL INFO Check P2P Type intraNodeP2pSupport 1 directMode 1
e60afd6ad9c7:357:388 [5] NCCL INFO [Proxy Service UDS] Device 5 CPU core 97
e60afd6ad9c7:357:378 [4] NCCL INFO Trees [0] -1/-1/-1->4->6 [1] 6/-1/-1->4->7 [2] -1/-1/-1->4->7 [3] 0/-1/-1->4->3 [4] 5/-1/-1->4->2 [5] 5/-1/-1->4->2 [6] 0/-1/-1->4->3 [7] 6/-1/-1->4->-1 [8] 7/-1/-1->4->6 [9] 7/-1/-1->4->-1 [10] 3/-1/-1->4->0 [11] 2/-1/-1->4->5 [12] 2/-1/-1->4->5 [13] 3/-1/-1->4->0 [14] -1/-1/-1->4->6 [15] 6/-1/-1->4->7 [16] -1/-1/-1->4->7 [17] 0/-1/-1->4->3 [18] 5/-1/-1->4->2 [19] 5/-1/-1->4->2 [20] 0/-1/-1->4->3 [21] 6/-1/-1->4->-1 [22] 7/-1/-1->4->6 [23] 7/-1/-1->4->-1 [24] 3/-1/-1->4->0 [25] 2/-1/-1->4->5 [26] 2/-1/-1->4->5 [27] 3/-1/-1->4->0 [28] -1/-1/-1->4->6 [29] 6/-1/-1->4->7 [30] -1/-1/-1->4->7 [31] 0/-1/-1->4->3 [32] 5/-1/-1->4->2 [33] 5/-1/-1->4->2 [34] 0/-1/-1->4->3 [35] 6/-1/-1->4->-1 [36] 7/-1/-1->4->6 [37] 7/-1/-1->4->-1 [38] 3/-1/-1->4->0 [39] 2/-1/-1->4->5 [40] 2/-1/-1->4->5 [41] 3/-1/-1->4->0 [42] -1/-1/-1->4->6 [43] 6/-1/-1->4->7 [44] -1/-1/-1->4->7 [45] 0/-1/-1->4->3 [46] 5/-1/-1->4->2 [47] 5/-1/-1->4->2 [48] 0/-1/-1->4->3 [49] 6/-1/-1->4->-1 [50] 7/-1/-1->4->6 [51] 7/-
e60afd6ad9c7:357:378 [4] NCCL INFO P2P Chunksize set to 524288
e60afd6ad9c7:357:377 [3] NCCL INFO Trees [0] 2/-1/-1->3->1 [1] 2/-1/-1->3->1 [2] 0/-1/-1->3->5 [3] 4/-1/-1->3->6 [4] 7/-1/-1->3->0 [5] 6/-1/-1->3->7 [6] 4/-1/-1->3->5 [7] 1/-1/-1->3->2 [8] 1/-1/-1->3->2 [9] 5/-1/-1->3->0 [10] 6/-1/-1->3->4 [11] 0/-1/-1->3->7 [12] 7/-1/-1->3->6 [13] 5/-1/-1->3->4 [14] 2/-1/-1->3->1 [15] 2/-1/-1->3->1 [16] 0/-1/-1->3->5 [17] 4/-1/-1->3->6 [18] 7/-1/-1->3->0 [19] 6/-1/-1->3->7 [20] 4/-1/-1->3->5 [21] 1/-1/-1->3->2 [22] 1/-1/-1->3->2 [23] 5/-1/-1->3->0 [24] 6/-1/-1->3->4 [25] 0/-1/-1->3->7 [26] 7/-1/-1->3->6 [27] 5/-1/-1->3->4 [28] 2/-1/-1->3->1 [29] 2/-1/-1->3->1 [30] 0/-1/-1->3->5 [31] 4/-1/-1->3->6 [32] 7/-1/-1->3->0 [33] 6/-1/-1->3->7 [34] 4/-1/-1->3->5 [35] 1/-1/-1->3->2 [36] 1/-1/-1->3->2 [37] 5/-1/-1->3->0 [38] 6/-1/-1->3->4 [39] 0/-1/-1->3->7 [40] 7/-1/-1->3->6 [41] 5/-1/-1->3->4 [42] 2/-1/-1->3->1 [43] 2/-1/-1->3->1 [44] 0/-1/-1->3->5 [45] 4/-1/-1->3->6 [46] 7/-1/-1->3->0 [47] 6/-1/-1->3->7 [48] 4/-1/-1->3->5 [49] 1/-1/-1->3->2 [50] 1/-1/-1->3->2 [51] 5/-1/-1->3->0 [52]
e60afd6ad9c7:357:377 [3] NCCL INFO P2P Chunksize set to 524288
e60afd6ad9c7:357:389 [7] NCCL INFO [Proxy Service] Device 7 CPU core 95
e60afd6ad9c7:357:392 [6] NCCL INFO [Proxy Service] Device 6 CPU core 86
e60afd6ad9c7:357:391 [0] NCCL INFO [Proxy Service] Device 0 CPU core 55
e60afd6ad9c7:357:390 [7] NCCL INFO [Proxy Service UDS] Device 7 CPU core 73
e60afd6ad9c7:357:396 [3] NCCL INFO [Proxy Service] Device 3 CPU core 29
e60afd6ad9c7:357:395 [6] NCCL INFO [Proxy Service UDS] Device 6 CPU core 73
e60afd6ad9c7:357:394 [4] NCCL INFO [Proxy Service UDS] Device 4 CPU core 97
e60afd6ad9c7:357:393 [4] NCCL INFO [Proxy Service] Device 4 CPU core 92
e60afd6ad9c7:357:398 [0] NCCL INFO [Proxy Service UDS] Device 0 CPU core 55
e60afd6ad9c7:357:397 [3] NCCL INFO [Proxy Service UDS] Device 3 CPU core 47
e60afd6ad9c7:357:376 [2] NCCL INFO Channel 07/0 : 2[65000] -> 3[15000] via P2P/direct pointer comm 0xacc9f20 nRanks 08
e60afd6ad9c7:357:375 [1] NCCL INFO Channel 02/0 : 1[5000] -> 2[65000] via P2P/direct pointer comm 0xabefce0 nRanks 08
e60afd6ad9c7:357:376 [2] NCCL INFO Channel 08/0 : 2[65000] -> 3[15000] via P2P/direct pointer comm 0xacc9f20 nRanks 08
e60afd6ad9c7:357:375 [1] NCCL INFO Channel 03/0 : 1[5000] -> 2[65000] via P2P/direct pointer comm 0xabefce0 nRanks 08
e60afd6ad9c7:357:381 [7] NCCL INFO Channel 10/0 : 7[95000] -> 0[75000] via P2P/direct pointer comm 0xbb8c0a0 nRanks 08
e60afd6ad9c7:357:376 [2] NCCL INFO Channel 21/0 : 2[65000] -> 3[15000] via P2P/direct pointer comm 0xacc9f20 nRanks 08
e60afd6ad9c7:357:378 [4] NCCL INFO Channel 04/0 : 4[f5000] -> 5[85000] via P2P/direct pointer comm 0xb8fd9e0 nRanks 08
e60afd6ad9c7:357:381 [7] NCCL INFO Channel 12/0 : 7[95000] -> 0[75000] via P2P/direct pointer comm 0xbb8c0a0 nRanks 08
e60afd6ad9c7:357:375 [1] NCCL INFO Channel 16/0 : 1[5000] -> 2[65000] via P2P/direct pointer comm 0xabefce0 nRanks 08
e60afd6ad9c7:357:376 [2] NCCL INFO Channel 22/0 : 2[65000] -> 3[15000] via P2P/direct pointer comm 0xacc9f20 nRanks 08
e60afd6ad9c7:357:378 [4] NCCL INFO Channel 05/0 : 4[f5000] -> 5[85000] via P2P/direct pointer comm 0xb8fd9e0 nRanks 08
e60afd6ad9c7:357:379 [5] NCCL INFO Channel 03/0 : 5[85000] -> 6[e5000] via P2P/direct pointer comm 0xb9d7c20 nRanks 08
e60afd6ad9c7:357:375 [1] NCCL INFO Channel 17/0 : 1[5000] -> 2[65000] via P2P/direct pointer comm 0xabefce0 nRanks 08
e60afd6ad9c7:357:381 [7] NCCL INFO Channel 24/0 : 7[95000] -> 0[75000] via P2P/direct pointer comm 0xbb8c0a0 nRanks 08
e60afd6ad9c7:357:376 [2] NCCL INFO Channel 35/0 : 2[65000] -> 3[15000] via P2P/direct pointer comm 0xacc9f20 nRanks 08
e60afd6ad9c7:357:378 [4] NCCL INFO Channel 18/0 : 4[f5000] -> 5[85000] via P2P/direct pointer comm 0xb8fd9e0 nRanks 08
e60afd6ad9c7:357:375 [1] NCCL INFO Channel 30/0 : 1[5000] -> 2[65000] via P2P/direct pointer comm 0xabefce0 nRanks 08
e60afd6ad9c7:357:379 [5] NCCL INFO Channel 04/0 : 5[85000] -> 6[e5000] via P2P/direct pointer comm 0xb9d7c20 nRanks 08
e60afd6ad9c7:357:376 [2] NCCL INFO Channel 36/0 : 2[65000] -> 3[15000] via P2P/direct pointer comm 0xacc9f20 nRanks 08
e60afd6ad9c7:357:378 [4] NCCL INFO Channel 19/0 : 4[f5000] -> 5[85000] via P2P/direct pointer comm 0xb8fd9e0 nRanks 08
e60afd6ad9c7:357:381 [7] NCCL INFO Channel 26/0 : 7[95000] -> 0[75000] via P2P/direct pointer comm 0xbb8c0a0 nRanks 08
e60afd6ad9c7:357:379 [5] NCCL INFO Channel 17/0 : 5[85000] -> 6[e5000] via P2P/direct pointer comm 0xb9d7c20 nRanks 08
e60afd6ad9c7:357:375 [1] NCCL INFO Channel 31/0 : 1[5000] -> 2[65000] via P2P/direct pointer comm 0xabefce0 nRanks 08
e60afd6ad9c7:357:378 [4] NCCL INFO Channel 32/0 : 4[f5000] -> 5[85000] via P2P/direct pointer comm 0xb8fd9e0 nRanks 08
e60afd6ad9c7:357:376 [2] NCCL INFO Channel 49/0 : 2[65000] -> 3[15000] via P2P/direct pointer comm 0xacc9f20 nRanks 08
e60afd6ad9c7:357:381 [7] NCCL INFO Channel 38/0 : 7[95000] -> 0[75000] via P2P/direct pointer comm 0xbb8c0a0 nRanks 08
