amd-mi355x-5:118164:118210 [1] NCCL INFO /workspace/rccl/build/release/hipify/src/transport/net_ib.cc:1299 Ib Alloc Size 190144 pointer 0x700808043000
amd-mi355x-5:118164:118191 [1] NCCL INFO Imported shareable buffer device 1 size 2097152 ptr 0x700802000000
amd-mi355x-5:118164:118191 [1] NCCL INFO sendConnect ncclProxyCallAsync opId=0x700838275e40
amd-mi355x-5:118164:118191 [1] NCCL INFO Imported shareable buffer device 1 size 2097152 ptr 0x700801c00000
amd-mi355x-5:118164:118210 [1] NCCL INFO /workspace/rccl/build/release/hipify/src/transport/net_ib.cc:1324 Ib Alloc Size 3616 pointer 0x700808073000
amd-mi355x-5:118164:118210 [1] NCCL INFO Received and initiated operation=Connect res=0
amd-mi355x-5:118164:118210 [1] NCCL INFO Call to ibv_query_ece not supported
amd-mi355x-5:118164:118210 [1] NCCL INFO NET/IB: NCCL Dev 0 IbDev 0 Port 1 qpn 2 mtu 5 query_ece={supported=0, vendor_id=0x0, options=0x0, comp_mask=0x0} GID 1 (0/260141ACFFFF0000) fifoRkey=0x122 fifoLkey=0x122
amd-mi355x-5:118164:118210 [1] NCCL INFO Call to ibv_query_ece not supported
amd-mi355x-5:118164:118210 [1] NCCL INFO NET/IB: NCCL Dev 0 IbDev 0 Port 1 qpn 3 mtu 5 query_ece={supported=0, vendor_id=0x0, options=0x0, comp_mask=0x0} GID 1 (0/260141ACFFFF0000) fifoRkey=0x223 fifoLkey=0x223
amd-mi355x-5:118164:118210 [1] NCCL INFO /workspace/rccl/build/release/hipify/src/transport/net_ib.cc:1299 Ib Alloc Size 190144 pointer 0x7008080a5000
amd-mi355x-5:118164:118210 [1] NCCL INFO /workspace/rccl/build/release/hipify/src/transport/net_ib.cc:1324 Ib Alloc Size 3616 pointer 0x7008080d5000
amd-mi355x-5:118164:118210 [1] NCCL INFO Received and initiated operation=Connect res=0
amd-mi355x-5:118164:118210 [1] NCCL INFO /workspace/rccl/build/release/hipify/src/transport/net_ib.cc:1299 Ib Alloc Size 190144 pointer 0x7008080d7000
amd-mi355x-5:118164:118210 [1] NCCL INFO /workspace/rccl/build/release/hipify/src/transport/net_ib.cc:1324 Ib Alloc Size 3616 pointer 0x700808107000
amd-mi355x-5:118164:118210 [1] NCCL INFO Received and initiated operation=Connect res=0
amd-mi355x-5:118164:118210 [1] NCCL INFO /workspace/rccl/build/release/hipify/src/transport/net_ib.cc:1299 Ib Alloc Size 190144 pointer 0x700808109000
amd-mi355x-5:118164:118210 [1] NCCL INFO /workspace/rccl/build/release/hipify/src/transport/net_ib.cc:1324 Ib Alloc Size 3616 pointer 0x700808139000
amd-mi355x-5:118164:118210 [1] NCCL INFO Received and initiated operation=Connect res=0
amd-mi355x-5:118164:118210 [1] NCCL INFO /workspace/rccl/build/release/hipify/src/transport/net_ib.cc:1299 Ib Alloc Size 190144 pointer 0x70080813b000
amd-mi355x-5:118164:118210 [1] NCCL INFO /workspace/rccl/build/release/hipify/src/transport/net_ib.cc:1324 Ib Alloc Size 3616 pointer 0x70080816b000
amd-mi355x-5:118164:118210 [1] NCCL INFO Received and initiated operation=Connect res=0
amd-mi355x-5:118164:118210 [1] NCCL INFO /workspace/rccl/build/release/hipify/src/transport/net_ib.cc:1299 Ib Alloc Size 190144 pointer 0x70080816d000
amd-mi355x-5:118164:118210 [1] NCCL INFO /workspace/rccl/build/release/hipify/src/transport/net_ib.cc:1324 Ib Alloc Size 3616 pointer 0x70080819d000
amd-mi355x-5:118164:118210 [1] NCCL INFO Received and initiated operation=Connect res=0
amd-mi355x-5:118164:118210 [1] NCCL INFO /workspace/rccl/build/release/hipify/src/transport/net_ib.cc:1299 Ib Alloc Size 190144 pointer 0x70080819f000
amd-mi355x-5:118164:118210 [1] NCCL INFO /workspace/rccl/build/release/hipify/src/transport/net_ib.cc:1324 Ib Alloc Size 3616 pointer 0x7008081cf000
amd-mi355x-5:118164:118210 [1] NCCL INFO Received and initiated operation=Connect res=0
amd-mi355x-5:118164:118210 [1] NCCL INFO NET/IB: IbDev 0 Port 1 qpn 1025 set_ece={supported=0, vendor_id=0x0, options=0x0, comp_mask=0x0}
amd-mi355x-5:118164:118210 [1] NCCL INFO /workspace/rccl/build/release/hipify/src/transport/net_tmp.cc:887 Cuda Host Alloc Size 4923392 pointer 0x700801600000
amd-mi355x-5:118164:118210 [1] NCCL INFO Mem Realloc old size 0, new size 1024 pointer 0x700808072bb0
amd-mi355x-5:118164:118210 [1] NCCL INFO proxyProgressAsync opId=0x700838263020 op.type=4 op.reqBuff=0x7008080075c0 op.respSize=1400 done
amd-mi355x-5:118164:118191 [1] NCCL INFO ncclPollProxyResponse Received new opId=0x700838263020
amd-mi355x-5:118164:118191 [1] NCCL INFO Queuing opId=0x700838263020 respBuff=0x70083829bd50 respSize=1400
amd-mi355x-5:118164:118191 [1] NCCL INFO ncclPollProxyResponse Dequeued cached opId=0x700838263020
amd-mi355x-5:118164:118191 [1] NCCL INFO sendConnect ncclPollProxyResponse opId=0x700838263020
amd-mi355x-5:118164:118210 [1] NCCL INFO NET/IB: IbDev 0 Port 1 qpn 1026 set_ece={supported=0, vendor_id=0x0, options=0x0, comp_mask=0x0}
amd-mi355x-5:118164:118210 [1] NCCL INFO /workspace/rccl/build/release/hipify/src/transport/net_tmp.cc:887 Cuda Host Alloc Size 4923392 pointer 0x700801000000
amd-mi355x-5:118164:118210 [1] NCCL INFO proxyProgressAsync opId=0x7008382658f0 op.type=4 op.reqBuff=0x700808006de0 op.respSize=1400 done
amd-mi355x-5:118164:118191 [1] NCCL INFO ncclPollProxyResponse Received new opId=0x7008382658f0
amd-mi355x-5:118164:118191 [1] NCCL INFO Queuing opId=0x7008382658f0 respBuff=0x70083829bd50 respSize=1400
amd-mi355x-5:118164:118191 [1] NCCL INFO ncclPollProxyResponse Dequeued cached opId=0x7008382658f0
amd-mi355x-5:118164:118191 [1] NCCL INFO sendConnect ncclPollProxyResponse opId=0x7008382658f0
amd-mi355x-5:118164:118210 [1] NCCL INFO Call to ibv_query_ece not supported
amd-mi355x-5:118164:118210 [1] NCCL INFO NET/IB: NCCL Dev 0 IbDev 0 Port 1 qpn 5 mtu 5 query_ece={supported=0, vendor_id=0x0, options=0x0, comp_mask=0x0} GID 1 (0/260141ACFFFF0000) fifoRkey=0x193a fifoLkey=0x193a
amd-mi355x-5:118164:118210 [1] NCCL INFO Call to ibv_query_ece not supported
amd-mi355x-5:118164:118210 [1] NCCL INFO NET/IB: NCCL Dev 0 IbDev 0 Port 1 qpn 1027 mtu 5 query_ece={supported=0, vendor_id=0x0, options=0x0, comp_mask=0x0} GID 1 (0/260141ACFFFF0000) fifoRkey=0x1a3b fifoLkey=0x1a3b
amd-mi355x-5:118164:118210 [1] NCCL INFO Call to ibv_query_ece not supported
amd-mi355x-5:118164:118210 [1] NCCL INFO NET/IB: NCCL Dev 0 IbDev 0 Port 1 qpn 1028 mtu 5 query_ece={supported=0, vendor_id=0x0, options=0x0, comp_mask=0x0} GID 1 (0/260141ACFFFF0000) fifoRkey=0x1b3c fifoLkey=0x1b3c
amd-mi355x-5:118164:118210 [1] NCCL INFO Call to ibv_query_ece not supported
amd-mi355x-5:118164:118210 [1] NCCL INFO NET/IB: NCCL Dev 0 IbDev 0 Port 1 qpn 7 mtu 5 query_ece={supported=0, vendor_id=0x0, options=0x0, comp_mask=0x0} GID 1 (0/260141ACFFFF0000) fifoRkey=0x1f40 fifoLkey=0x1f40
amd-mi355x-5:118164:118210 [1] NCCL INFO Call to ibv_query_ece not supported
amd-mi355x-5:118164:118210 [1] NCCL INFO NET/IB: NCCL Dev 0 IbDev 0 Port 1 qpn 8 mtu 5 query_ece={supported=0, vendor_id=0x0, options=0x0, comp_mask=0x0} GID 1 (0/260141ACFFFF0000) fifoRkey=0x2142 fifoLkey=0x2142
amd-mi355x-5:118164:118210 [1] NCCL INFO Call to ibv_query_ece not supported
amd-mi355x-5:118164:118210 [1] NCCL INFO NET/IB: NCCL Dev 0 IbDev 0 Port 1 qpn 9 mtu 5 query_ece={supported=0, vendor_id=0x0, options=0x0, comp_mask=0x0} GID 1 (0/260141ACFFFF0000) fifoRkey=0x2344 fifoLkey=0x2344
amd-mi355x-5:118164:118210 [1] NCCL INFO NET/IB: IbDev 0 Port 1 qpn 5 set_ece={supported=0, vendor_id=0x0, options=0x0, comp_mask=0x0}
amd-mi355x-5:118164:118210 [1] NCCL INFO /workspace/rccl/build/release/hipify/src/transport/net_tmp.cc:887 Cuda Host Alloc Size 4923392 pointer 0x700800a00000
amd-mi355x-5:118164:118210 [1] NCCL INFO proxyProgressAsync opId=0x700838268e20 op.type=4 op.reqBuff=0x70080800b160 op.respSize=1400 done
amd-mi355x-5:118164:118191 [1] NCCL INFO ncclPollProxyResponse Received new opId=0x700838268e20
amd-mi355x-5:118164:118191 [1] NCCL INFO Queuing opId=0x700838268e20 respBuff=0x700838279eb0 respSize=1400
amd-mi355x-5:118164:118191 [1] NCCL INFO ncclPollProxyResponse Dequeued cached opId=0x700838268e20
amd-mi355x-5:118164:118191 [1] NCCL INFO sendConnect ncclPollProxyResponse opId=0x700838268e20
amd-mi355x-5:118164:118210 [1] NCCL INFO NET/IB: IbDev 0 Port 1 qpn 1030 set_ece={supported=0, vendor_id=0x0, options=0x0, comp_mask=0x0}
amd-mi355x-5:118164:118210 [1] NCCL INFO /workspace/rccl/build/release/hipify/src/transport/net_tmp.cc:887 Cuda Host Alloc Size 4923392 pointer 0x700800400000
amd-mi355x-5:118164:118210 [1] NCCL INFO proxyProgressAsync opId=0x70083826c5d0 op.type=4 op.reqBuff=0x70080800abc0 op.respSize=1400 done
amd-mi355x-5:118164:118191 [1] NCCL INFO ncclPollProxyResponse Received new opId=0x70083826c5d0
amd-mi355x-5:118164:118191 [1] NCCL INFO Queuing opId=0x70083826c5d0 respBuff=0x700838279eb0 respSize=1400
amd-mi355x-5:118164:118191 [1] NCCL INFO ncclPollProxyResponse Dequeued cached opId=0x70083826c5damd-mi355x-5:118163:118211 [0] NCCL INFO /workspace/rccl/build/release/hipify/src/transport/net_iamd-mi355x-5:118164:118210 [1] NCCL INFO NET/IB: IbDev 0 Port 1 qpn 1032 set_ece={supported=0, vendor_id=0x0, options=0x0, comp_mask=0x0}
amd-mi355x-5:118164:118210 [1] NCCL INFO /workspace/rccl/build/release/amd-mi355x-5:118163:118211 [0] NCCL INFO /workspace/rccl/build/release/hipify/src/transport/net_ib.cc:1762 Cuda Alloc Size 16 pointer 0x73177c806000 flags 3
amd-mi355x-5:118163:118211 [0] NCCL INFO /workspace/rccl/build/release/hipify/src/transport/net_ib.cc:1837 Ib Alloc Size 3616 pointer 0x73177027e000
amd-mi355x-5:118163:118211 [0] NCCL INFO /workspace/rccl/build/release/hipify/src/transport/net_ib.cc:1762 Cuda Alloc Size 16 pointer 0x73177c807000 flags 3
amd-mi355x-5:118163:118211 [0] NCCL INFO /workspace/rccl/build/release/hipify/src/transport/net_ib.cc:1837 Ib Alloc Size 3616 pointer 0x7317702a0000
amd-mi355x-5:118163:118211 [0] NCCL INFO /workspace/rccl/build/release/hipify/src/transport/net_tmp.cc:1069 Cuda Alloc Size 4915200 pointer 0x731761400000 flags 3
amd-mi355x-5:118163:118211 [0] NCCL INFO /workspace/rccl/build/release/hipify/src/transport/net_tmp.cc:1082 Cuda Host Alloc Size 8192 pointer 0x734fdfc5c000
amd-mi355x-5:118163:118211 [0] NCCL INFO proxyProgressAsync opId=0x7317a0269630 op.type=4 op.reqBuff=0x7317700092a0 op.respSize=1400 done
amd-mi355x-5:118163:118190 [0] NCCL INFO ncclPollProxyResponse Received new opId=0x7317a0269630
amd-mi355x-5:118163:118190 [0] NCCL INFO resp.opId=0x7317a0269630 matches expected opId=0x7317a0269630
amd-mi355x-5:118163:118190 [0] NCCL INFO recvConnect ncclPollProxyResponse opId=0x7317a0269630
amd-mi355x-5:118163:118211 [0] NCCL INFO /workspace/rccl/build/release/hipify/src/transportamd-mi355x-5:118164:118210 [1] NCCL INFO NET/IB: IbDev 0 Port 1 qpn 1034 set_ece={supported=0, vendor_id=0x0, options=0x0, comp_mask=0x0}
amd-mi355x-5:118164:118210 [1] NCCL INFO /workspace/rccl/build/release/hipify/src/transport/net_tmp.cc:887 Cuda Host Alloc Size 4923392 pointer 0x7007fae00000
amd-mi355x-5:118164:118210 [1] NCCL INFO proxyProgressAsync opId=0x700838273520 op.type=4 op.reqBuff=0x70080800cb70 op.respSize=1400 done
amd-mi355x-5:118164:118191 [1] NCCL INFO ncclPollProxyResponse Received new opId=0x700838273520
amd-mi355x-5:118164:118191 [1] NCCL INFO resp.opId=0x700838273520 matches expected opId=0x700838273520
amd-mi355x-5:118164:118191 [1] NCCL INFO sendConnect ncclPollProxyResponse opId=0x700838273520
amd-mi355x-5:118164:118210 [1] NCCL INFO NET/IB: IbDev 0 Port 1 qpn 1035 set_ece={supported=0, vendor_id=0x0, options=0x0, comp_mask=0x0}
amd-mi355x-5:118164:118210 [1] NCCL INFO /workspace/rccl/build/release/hipify/src/transport/net_tmp.cc:887 Cuda Host Alloc Size 4923392 pointer 0x7007fa800000
amd-mi355x-5:118164:118210 [1] NCCL INFO proxyProgressAsync opId=0x700838275e40 op.type=4 op.reqBuff=0x70080800d940 op.respSize=1400 done
amd-mi355x-5:118164:118191 [1] NCCL INFO ncclPollProxyResponse Received new opId=0x700838275e40
amd-mi355x-5:118164:118191 [1] NCCL INFO resp.opId=0x700838275e40 matches expected opId=0x700838275e40
amd-mi355x-5:118164:118191 [1] NCCL INFO sendConnect ncclPollProxyResponse opId=0x700838275e40
amd-mi355x-5:118164:118191 [1] NCCL INFO Connected all rings, use ring PXN 0 GDR 0
amd-mi355x-5:118164:118191 [1] NCCL INFO Channel 00/0 : 1[15000] -> 0[5000] via P2P/IPC comm 0x27944850 nRanks 04
amd-mi355x-5:118164:118210 [1] NCCL INFO New proxy send connection 16 from local rank 1, transport 0
amd-mi355x-5:118164:118210 [1] NCCL INFO proxyProgressAsync opId=0x700838296d30 op.type=1 op.reqBuff=0x70080816a500 op.respSize=16 done
amd-mi355x-5:118164:118191 [1] NCCL INFO ncclPollProxyResponse Received new opId=0x700838296d30
amd-mi355x-5:118164:118210 [1] NCCL INFO Received and initiated operation=Init res=0
amd-mi355x-5:118164:118191 [1] NCCL INFO resp.opId=0x700838296d30 matches expected opId=0x700838296d30
amd-mi355x-5:118164:118191 [1] NCCL INFO Connected to proxy localRank 1 -> connection 0x7008080018a0
amd-mi355x-5:118164:118210 [1] NCCL INFO /workspace/rccl/build/release/hipify/src/transport/p2p.cc:248 Cuda Alloc Size 2097152 pointer 0x7007f9e00000 flags 3
amd-mi355x-5:118164:118210 [1] NCCL INFO Allocated shareable buffer 0x7007f9e00000 size 2097152 ipcDesc 0x70080816a5b0
amd-mi355x-5:118164:118210 [1] NCCL INFO proxyProgressAsync opId=0x700838296d30 op.type=3 op.reqBuff=0x70080816a580 op.respSize=88 done
amd-mi355x-5:118164:118210 [1] NCCL INFO Received and initiated operation=Setup res=0
amd-mi355x-5:118164:118191 [1] NCCL INFO ncclPollProxyResponse Received new opId=0x700838296d30
amd-mi355x-5:118164:118191 [1] NCCL INFO resp.opId=0x700838296d30 matches expected opId=0x700838296d30
amd-mi355x-5:118164:118191 [1] NCCL INFO Channel 01/0 : 1[15000] -> 0[5000] via P2P/IPC comm 0x27944850 nRanks 04
amd-mi355x-5:118164:118210 [1] NCCL INFO New proxy send connection 17 from local rank 1, transport 0
amd-mi355x-5:118164:118210 [1] NCCL INFO proxyProgressAsync opId=0x700838296d30 op.type=1 op.reqBuff=0x70080816a500 op.respSize=16 done
amd-mi355x-5:118164:118191 [1] NCCL INFO ncclPollProxyResponse Received new opId=0x700838296d30
amd-mi355x-5:118164:118210 [1] NCCL INFO Received and initiated operation=Init res=0
amd-mi355x-5:118164:118191 [1] NCCL INFO resp.opId=0x700838296d30 matches expected opId=0x700838296d30
amd-mi355x-5:118164:118191 [1] NCCL INFO Connected to proxy localRank 1 -> connection 0x700808001918
amd-mi355x-5:118164:118210 [1] NCCL INFO /workspace/rccl/build/release/hipify/src/transport/p2p.cc:248 Cuda Alloc Size 2097152 pointer 0x7007f9a00000 flags 3
amd-mi355x-5:118164:118210 [1] NCCL INFO Allocated shareable buffer 0x7007f9a00000 size 2097152 ipcDesc 0x70080816a5b0
amd-mi355x-5:118164:118210 [1] NCCL INFO proxyProgressAsync opId=0x700838296d30 op.type=3 op.reqBuff=0x70080816a500 op.respSize=88 done
amd-mi355x-5:118164:118210 [1] NCCL INFO Received and initiated operation=Setup res=0
amd-mi355x-5:118164:118191 [1] NCCL INFO ncclPollProxyResponse Received new opId=0x700838296d30
amd-mi355x-5:118164:118191 [1] NCCL INFO resp.opId=0x700838296d30 matches expected opId=0x700838296d30
amd-mi355x-5:118164:118191 [1] NCCL INFO Channel 02/0 : 1[15000] -> 0[5000] via P2P/IPC comm 0x27944850 nRanks 04
amd-mi355x-5:118164:118210 [1] NCCL INFO New proxy send connection 18 from local rank 1, transport 0
amd-mi355x-5:118164:118210 [1] NCCL INFO proxyProgressAsync opId=0x700838296d30 op.type=1 op.reqBuff=0x70080800d9b0 op.respSize=16 done
amd-mi355x-5:118164:118191 [1] NCCL INFO ncclPollProxyResponse Received new opId=0x700838296d30
amd-mi355x-5:118164:118210 [1] NCCL INFO Received and initiated operation=Init res=0
amd-mi355x-5:118164:118191 [1] NCCL INFO resp.opId=0x700838296d30 matches expected opId=0x700838296d30
amd-mi355x-5:118164:118191 [1] NCCL INFO Connected to proxy localRank 1 -> connection 0x700808001990
amd-mi355x-5:118164:118210 [1] NCCL INFO /workspace/rccl/build/release/hipify/src/transport/p2p.cc:248 Cuda Alloc Size 2097152 pointer 0x7007f9600000 flags 3
amd-mi355x-5:118164:118210 [1] NCCL INFO Allocated shareable buffer 0x7007f9600000 size 2097152 ipcDesc 0x70080816a5b0
amd-mi355x-5:118164:118210 [1] NCCL INFO proxyProgressAsync opId=0x700838296d30 op.type=3 op.reqBuff=0x70080816aed0 op.respSize=88 done
amd-mi355x-5:118164:118191 [1] NCCL INFO ncclPollProxyResponse Received new opId=0x700838296d30
amd-mi355x-5:118164:118210 [1] NCCL INFO Received and initiated operation=Setup res=0
amd-mi355x-5:118164:118191 [1] NCCL INFO resp.opId=0x700838296d30 matches expected opId=0x700838296d30
amd-mi355x-5:118164:118191 [1] NCCL INFO Channel 03/0 : 1[15000] -> 0[5000] via P2P/IPC comm 0x27944850 nRanks 04
amd-mi355x-5:118164:118210 [1] NCCL INFO New proxy send connection 19 from local rank 1, transport 0
amd-mi355x-5:118164:118210 [1] NCCL INFO proxyProgressAsync opId=0x700838296d30 op.type=1 op.reqBuff=0x7008081cfb20 op.respSize=16 done
amd-mi355x-5:118164:118191 [1] NCCL INFO ncclPollProxyResponse Received new opId=0x700838296d30
amd-mi355x-5:118164:118210 [1] NCCL INFO Received and initiated operation=Init res=0
amd-mi355x-5:118164:118191 [1] NCCL INFO resp.opId=0x700838296d30 matches expected opId=0x700838296d30
amd-mi355x-5:118164:118191 [1] NCCL INFO Connected to proxy localRank 1 -> connection 0x700808001a08
amd-mi355x-5:118164:118210 [1] NCCL INFO /workspace/rccl/build/release/hipify/src/transport/p2p.cc:248 Cuda Alloc Size 2097152 pointer 0x7007f9200000 flags 3
amd-mi355x-5:118164:118210 [1] NCCL INFO Allocated shareable buffer 0x7007f9200000 size 2097152 ipcDesc 0x70080816a5b0
amd-mi355x-5:118164:118210 [1] NCCL INFO proxyProgressAsync opId=0x700838296d30 op.type=3 op.reqBuff=0x70080816b560 op.respSize=88 done
amd-mi355x-5:118164:118191 [1] NCCL INFO ncclPollProxyResponse Received new opId=0x700838296d30
amd-mi355x-5:118164:118210 [1] NCCL INFO Received and initiated operation=Setup res=0
amd-mi355x-5:118164:118191 [1] NCCL INFO resp.opId=0x700838296d30 matches expected opId=0x700838296d30
amd-mi355x-5:118164:118191 [1] NCCL INFO Channel 04/0 : 1[15000] -> 0[5000] via P2P/IPC comm 0x27944850 nRanks 04
amd-mi355x-5:118164:118210 [1] NCCL INFO New proxy send connection 20 from local rank 1, transport 0
amd-mi355x-5:118164:118210 [1] NCCL INFO proxyProgressAsync opId=0x700838296d30 op.type=1 op.reqBuff=0x70080816a520 op.respSize=16 done
amd-mi355x-5:118164:118191 [1] NCCL INFO ncclPollProxyResponse Received new opId=0x700838296d30
amd-mi355x-5:118164:118210 [1] NCCL INFO Received and initiated operation=Init res=0
amd-mi355x-5:118164:118191 [1] NCCL INFO resp.opId=0x700838296d30 matches expected opId=0x700838296d30
amd-mi355x-5:118164:118191 [1] NCCL INFO Connected to proxy localRank 1 -> connection 0x700808001a80
amd-mi355x-5:118164:118210 [1] NCCL INFO /workspace/rccl/build/release/hipify/src/transport/p2p.cc:248 Cuda Alloc Size 2097152 pointer 0x7007f8e00000 flags 3
amd-mi355x-5:118164:118210 [1] NCCL INFO Allocated shareable buffer 0x7007f8e00000 size 2097152 ipcDesc 0x70080816a5b0
amd-mi355x-5:118164:118210 [1] NCCL INFO proxyProgressAsync opId=0x700838296d30 op.type=3 op.reqBuff=0x70080816a240 op.respSize=88 done
amd-mi355x-5:118164:118191 [1] NCCL INFO ncclPollProxyResponse Received new opId=0x700838296d30
amd-mi355x-5:118164:118210 [1] NCCL INFO Received and initiated operation=Setup res=0
amd-mi355x-5:118164:118191 [1] NCCL INFO resp.opId=0x700838296d30 matches expected opId=0x700838296d30
amd-mi355x-5:118164:118191 [1] NCCL INFO Channel 05/0 : 1[15000] -> 0[5000] via P2P/IPC comm 0x27944850 nRanks 04
amd-mi355x-5:118164:118210 [1] NCCL INFO New proxy send connection 21 from local rank 1, transport 0
amd-mi355x-5:118164:118210 [1] NCCL INFO proxyProgressAsync opId=0x700838296d30 op.type=1 op.reqBuff=0x70080816a580 op.respSize=16 done
amd-mi355x-5:118164:118191 [1] NCCL INFO ncclPollProxyResponse Received new opId=0x700838296d30
amd-mi355x-5:118164:118210 [1] NCCL INFO Received and initiated operation=Init res=0
amd-mi355x-5:118164:118191 [1] NCCL INFO resp.opId=0x700838296d30 matches expected opId=0x700838296d30
amd-mi355x-5:118164:118191 [1] NCCL INFO Connected to proxy localRank 1 -> connection 0x700808001af8
amd-mi355x-5:118164:118210 [1] NCCL INFO /workspace/rccl/build/release/hipify/src/transport/p2p.cc:248 Cuda Alloc Size 2097152 pointer 0x7007f8a00000 flags 3
amd-mi355x-5:118164:118210 [1] NCCL INFO Allocated shareable buffer 0x7007f8a00000 size 2097152 ipcDesc 0x70080816a5b0
amd-mi355x-5:118164:118210 [1] NCCL INFO proxyProgressAsync opId=0x700838296d30 op.type=3 op.reqBuff=0x70080816a580 op.respSize=88 done
amd-mi355x-5:118164:118191 [1] NCCL INFO ncclPollProxyResponse Received new opId=0x700838296d30
amd-mi355x-5:118164:118210 [1] NCCL INFO Received and initiated operation=Setup res=0
amd-mi355x-5:118164:118191 [1] NCCL INFO resp.opId=0x700838296d30 matches expected opId=0x700838296d30
amd-mi355x-5:118164:118191 [1] NCCL INFO Channel 06/0 : 1[15000] -> 0[5000] via P2P/IPC comm 0x27944850 nRanks 04
amd-mi355x-5:118164:118210 [1] NCCL INFO New proxy send connection 22 from local rank 1, transport 0
amd-mi355x-5:118164:118210 [1] NCCL INFO proxyProgressAsync opId=0x700838296d30 op.type=1 op.reqBuff=0x700808073f90 op.respSize=16 done
amd-mi355x-5:118164:118191 [1] NCCL INFO ncclPollProxyResponse Received new opId=0x700838296d30
amd-mi355x-5:118164:118210 [1] NCCL INFO Received and initiated operation=Init res=0
amd-mi355x-5:118164:118191 [1] NCCL INFO resp.opId=0x700838296d30 matches expected opId=0x700838296d30
amd-mi355x-5:118164:118191 [1] NCCL INFO Connected to proxy localRank 1 -> connection 0x700808001b70
amd-mi355x-5:118164:118210 [1] NCCL INFO /workspace/rccl/build/release/hipify/src/transport/p2p.cc:248 Cuda Alloc Size 2097152 pointer 0x7007f8600000 flags 3
amd-mi355x-5:118164:118210 [1] NCCL INFO Allocated shareable buffer 0x7007f8600000 size 2097152 ipcDesc 0x70080816a5b0
amd-mi355x-5:118164:118210 [1] NCCL INFO proxyProgressAsync opId=0x700838296d30 op.type=3 op.reqBuff=0x700808073fb0 op.respSize=88 done
amd-mi355x-5:118164:118191 [1] NCCL INFO ncclPollProxyResponse Received new opId=0x700838296d30
amd-mi355x-5:118164:118210 [1] NCCL INFO Received and initiated operation=Setup res=0
amd-mi355x-5:118164:118191 [1] NCCL INFO resp.opId=0x700838296d30 matches expected opId=0x700838296d30
amd-mi355x-5:118164:118191 [1] NCCL INFO Channel 07/0 : 1[15000] -> 0[5000] via P2P/IPC comm 0x27944850 nRanks 04
amd-mi355x-5:118164:118210 [1] NCCL INFO New proxy send connection 23 from local rank 1, transport 0
amd-mi355x-5:118164:118210 [1] NCCL INFO proxyProgressAsync opId=0x700838296d30 op.type=1 op.reqBuff=0x70080816aed0 op.respSize=16 done
amd-mi355x-5:118164:118191 [1] NCCL INFO ncclPollProxyResponse Received new opId=0x700838296d30
amd-mi355x-5:118164:118210 [1] NCCL INFO Received and initiated operation=Init res=0
amd-mi355x-5:118164:118191 [1] NCCL INFO resp.opId=0x700838296d30 matches expected opId=0x700838296d30
amd-mi355x-5:118164:118191 [1] NCCL INFO Connected to proxy localRank 1 -> connection 0x700808001be8
amd-mi355x-5:118164:118210 [1] NCCL INFO /workspace/rccl/build/release/hipify/src/transport/p2p.cc:248 Cuda Alloc Size 2097152 pointer 0x7007f8200000 flags 3
amd-mi355x-5:118164:118210 [1] NCCL INFO Allocated shareable buffer 0x7007f8200000 size 2097152 ipcDesc 0x70080816a5b0
amd-mi355x-5:118164:118210 [1] NCCL INFO proxyProgressAsync opId=0x700838296d30 op.type=3 op.reqBuff=0x70080816bdd0 op.respSize=88 done
amd-mi355x-5:118164:118191 [1] NCCL INFO ncclPollProxyResponse Received new opId=0x700838296d30
amd-mi355x-5:118164:118210 [1] NCCL INFO Received and initiated operation=Setup res=0
amd-mi355x-5:118164:118191 [1] NCCL INFO resp.opId=0x700838296d30 matches expected opId=0x700838296d30
amd-mi355x-5:118164:118191 [1] NCCL INFO Imported shareable buffer device 1 size 6291456 ptr 0x7007f7a00000
amd-mi355x-5:118164:118191 [1] NCCL INFO Imported shareable buffer device 1 size 6291456 ptr 0x7007f7200000
amd-mi355x-5:118164:118191 [1] NCCL INFO Imported shareable buffer device 1 size 6291456 ptr 0x7007f6a00000
amd-mi355x-5:118164:118191 [1] NCCL INFO Imported shareable buffer device 1 size 6291456 ptr 0x7007f6200000
amd-mi355x-5:118164:118191 [1] NCCL INFO Imported shareable buffer device 1 size 6291456 ptr 0x7007f5a00000
amd-mi355x-5:118164:118191 [1] NCCL INFO Imported shareable buffer device 1 size 6291456 ptr 0x7007f5200000
amd-mi355x-5:118164:118191 [1] NCCL INFO Imported shareable buffer device 1 size 6291456 ptr 0x7007f4a00000
amd-mi355x-5:118164:118191 [1] NCCL INFO Imported shareable buffer device 1 size 6291456 ptr 0x7007f4200000
amd-mi355x-5:118164:118191 [1] NCCL INFO Connected all trees
amd-mi355x-5:118164:118210 [1] NCCL INFO New proxy send connection 24 from local rank 1, transport 2
amd-mi355x-5:118164:118210 [1] NCCL INFO proxyProgressAsync opId=0x70083829b950 op.type=1 op.reqBuff=0x70080816b560 op.respSize=16 done
amd-mi355x-5:118164:118191 [1] NCCL INFO ncclPollProxyResponse Received new opId=0x70083829b950
amd-mi355x-5:118164:118210 [1] NCCL INFO Received and initiated operation=Init res=0
amd-mi355x-5:118164:118191 [1] NCCL INFO resp.opId=0x70083829b950 matches expected opId=0x70083829b950
amd-mi355x-5:118164:118191 [1] NCCL INFO Connected to proxy localRank 1 -> connection 0x700808001c60
amd-mi355x-5:118164:118210 [1] NCCL INFO /workspace/rccl/build/release/hipify/src/transport/net_tmp.cc:593 Cuda Alloc Size 16777216 pointer 0x7007f3000000 flags 3
amd-mi355x-5:118164:118210 [1] NCCL INFO proxyProgressAsync opId=0x70083829b950 op.type=2 op.reqBuff=0x70080816b740 op.respSize=0 done
amd-mi355x-5:118164:118191 [1] NCCL INFO ncclPollProxyResponse Received new opId=0x70083829b950
amd-mi355x-5:118164:118191 [1] NCCL INFO resp.opId=0x70083829b950 matches expected opId=0x70083829b950
amd-mi355x-5:118164:118210 [1] NCCL INFO Received and initiated operation=SharedInit res=0
amd-mi355x-5:118164:118191 [1] NCCL INFO threadThresholds 8/8/64 | 32/8/64 | 256 | 256
amd-mi355x-5:118164:118191 [1] NCCL INFO 8 coll channels, 8 collnet channels, 0 nvls channels, 8 p2p channels, 2 p2p channels per peer
amd-mi355x-5:118164:118191 [1] NCCL INFO /workspace/rccl/build/release/hipify/src/init.cc:718 Cuda Alloc Size 49280 pointer 0x70081a598000 flags 0
amd-mi355x-5:118164:118191 [1] NCCL INFO /workspace/rccl/build/release/hipify/src/init.cc:720 Cuda Alloc Size 16 pointer 0x70081a5a5000 flags 0
amd-mi355x-5:118164:118191 [1] NCCL INFO /workspace/rccl/build/release/hipify/src/init.cc:782 Cuda Host Alloc Size 4194304 pointer 0x7007fa200000
amd-mi355x-5:118164:118191 [1] NCCL INFO /workspace/rccl/build/release/hipify/src/init.cc:787 Cuda Host Alloc Size 512 pointer 0x704880003000
amd-mi355x-5:118164:118191 [1] NCCL INFO /workspace/rccl/build/release/hipify/src/init.cc:794 Cuda Host Alloc Size 1024 pointer 0x704880001000
amd-mi355x-5:118164:118191 [1] NCCL INFO /workspace/rccl/build/release/hipify/src/init.cc:795 Cuda Host Alloc Size 1024 pointer 0x70487bf26000
amd-mi355x-5:118164:118191 [1] NCCL INFO RCCL Unroll Factor (pre-set): 2
amd-mi355x-5:118164:118191 [1] NCCL INFO TUNER/Plugin: Could not find: librccl-tuner.so. Using internal tuner plugin.
amd-mi355x-5:118164:118191 NCCL CALL ncclCommInitRank(0x27944850, 4, 0x36b3e1aeda6d27ca, 1, 1)
amd-mi355x-5:118164:118191 [1] NCCL INFO ncclCommInitRank_impl comm 0x27944850 rank 1 nranks 4 cudaDev 1 nvmlDev 1 busId 15000 commId 0x36b3e1aeda6d27ca - Init COMPLETE
amd-mi355x-5:118164:118191 [1] NCCL INFO Init timings - ncclCommInitRank_impl: rank 1 nranks 4 total 1.44 (kernels 0.15, alloc 0.04, bootstrap 0.00, allgathers 0.00, topo 0.16, graphs 0.00, connections 1.09, rest 0.00)
amd-mi355x-5:118164:118164 NCCL CALL ncclGroupEnd()
amd-mi355x-5:118164:118164 NCCL CALL ncclGroupStart()
amd-mi355x-5:118164:118164 NCCL CALL ncclGroupEnd()
amd-mi355x-5:118164:118164 NCCL CALL ncclGroupStart()
amd-mi355x-5:118164:118164 [1] NCCL INFO Send: opCount 0 sendbuff (nil) recvbuff 0x700e63e00000 acc (nil) count 536870912 datatype 7 op 0 root 0 comm 0x27944850 [nranks=4] stream 0x283a9c20 task 0 globalrank 1
amd-mi355x-5:118164:118164 NCCL CALL ncclSend(0,700e63e00000,536870912,7,0,0,0x27944850,0x283a9c20)
amd-mi355x-5:118164:118164 [1] NCCL INFO /workspace/rccl/build/release/hipify/src/misc/utils.cc:233 memory stack hunk malloc(65536)
amd-mi355x-5:118164:118164 [1] NCCL INFO Recv: opCount 0 sendbuff (nil) recvbuff 0x700c63c00000 acc (nil) count 536870912 datatype 7 op 0 root 0 comm 0x27944850 [nranks=4] stream 0x283a9c20 task 1 globalrank 1
amd-mi355x-5:118164:118164 NCCL CALL ncclRecv(0,700c63c00000,536870912,7,0,0,0x27944850,0x283a9c20)
amd-mi355x-5:118164:118164 [1] NCCL INFO Send: opCount 0 sendbuff (nil) recvbuff 0x700ee3e00000 acc (nil) count 536870912 datatype 7 op 0 root 1 comm 0x27944850 [nranks=4] stream 0x283a9c20 task 2 globalrank 1
amd-mi355x-5:118164:118164 NCCL CALL ncclSend(0,700ee3e00000,536870912,7,0,1,0x27944850,0x283a9c20)
amd-mi355x-5:118164:118164 [1] NCCL INFO Recv: opCount 0 sendbuff (nil) recvbuff 0x700ce3c00000 acc (nil) count 536870912 datatype 7 op 0 root 1 comm 0x27944850 [nranks=4] stream 0x283a9c20 task 3 globalrank 1
amd-mi355x-5:118164:118164 NCCL CALL ncclRecv(0,700ce3c00000,536870912,7,0,1,0x27944850,0x283a9c20)
amd-mi355x-5:118164:118164 [1] NCCL INFO Send: opCount 0 sendbuff (nil) recvbuff 0x700f63e00000 acc (nil) count 536870912 datatype 7 op 0 root 2 comm 0x27944850 [nranks=4] stream 0x283a9c20 task 4 globalrank 1
amd-mi355x-5:118164:118164 NCCL CALL ncclSend(0,700f63e00000,536870912,7,0,2,0x27944850,0x283a9c20)
amd-mi355x-5:118164:118164 [1] NCCL INFO Recv: opCount 0 sendbuff (nil) recvbuff 0x700d63c00000 acc (nil) count 536870912 datatype 7 op 0 root 2 comm 0x27944850 [nranks=4] stream 0x283a9c20 task 5 globalrank 1
amd-mi355x-5:118164:118164 NCCL CALL ncclRecv(0,700d63c00000,536870912,7,0,2,0x27944850,0x283a9c20)
amd-mi355x-5:118164:118164 [1] NCCL INFO Send: opCount 0 sendbuff (nil) recvbuff 0x700fe3e00000 acc (nil) count 536870912 datatype 7 op 0 root 3 comm 0x27944850 [nranks=4] stream 0x283a9c20 task 6 globalrank 1
amd-mi355x-5:118164:118164 NCCL CALL ncclSend(0,700fe3e00000,536870912,7,0,3,0x27944850,0x283a9c20)
amd-mi355x-5:118164:118164 [1] NCCL INFO Recv: opCount 0 sendbuff (nil) recvbuff 0x700de3c00000 acc (nil) count 536870912 datatype 7 op 0 root 3 comm 0x27944850 [nranks=4] stream 0x283a9c20 task 7 globalrank 1
amd-mi355x-5:118164:118164 NCCL CALL ncclRecv(0,700de3c00000,536870912,7,0,3,0x27944850,0x283a9c20)
amd-mi355x-5:118164:118210 [1] NCCL INFO New proxy recv connection 25 from local rank 1, transport 0
amd-mi355x-5:118164:118210 [1] NCCL INFO proxyProgressAsync opId=0x700838052fa0 op.type=1 op.reqBuff=0x70080800f190 op.respSize=16 done
amd-mi355x-5:118164:118250 [1] NCCL INFO ncclPollProxyResponse Received new opId=0x700838052fa0
amd-mi355x-5:118164:118210 [1] NCCL INFO Received and initiated operation=Init res=0
amd-mi355x-5:118164:118250 [1] NCCL INFO resp.opId=0x700838052fa0 matches expected opId=0x700838052fa0
amd-mi355x-5:118164:118250 [1] NCCL INFO Connected to proxy localRank 1 -> connection 0x700808001cd8
amd-mi355x-5:118164:118210 [1] NCCL INFO /workspace/rccl/build/release/hipify/src/transport/p2p.cc:248 Cuda Alloc Size 6291456 pointer 0x7007e7400000 flags 3
amd-mi355x-5:118164:118210 [1] NCCL INFO Allocated shareable buffer 0x7007e7400000 size 6291456 ipcDesc 0x700808005be0
amd-mi355x-5:118164:118210 [1] NCCL INFO proxyProgressAsync opId=0x700838052fa0 op.type=3 op.reqBuff=0x70080816b740 op.respSize=88 done
amd-mi355x-5:118164:118250 [1] NCCL INFO ncclPollProxyResponse Received new opId=0x700838052fa0
amd-mi355x-5:118164:118210 [1] NCCL INFO Received and initiated operation=Setup res=0
amd-mi355x-5:118164:118250 [1] NCCL INFO resp.opId=0x700838052fa0 matches expected opId=0x700838052fa0
amd-mi355x-5:118164:118210 [1] NCCL INFO New proxy recv connection 26 from local rank 1, transport 0
amd-mi355x-5:118164:118210 [1] NCCL INFO proxyProgressAsync opId=0x700838052fa0 op.type=1 op.reqBuff=0x70080816aed0 op.respSize=16 done
amd-mi355x-5:118164:118250 [1] NCCL INFO ncclPollProxyResponse Received new opId=0x700838052fa0
amd-mi355x-5:118164:118210 [1] NCCL INFO Received and initiated operation=Init res=0
amd-mi355x-5:118164:118250 [1] NCCL INFO resp.opId=0x700838052fa0 matches expected opId=0x700838052fa0
amd-mi355x-5:118164:118250 [1] NCCL INFO Connected to proxy localRank 1 -> connection 0x700808001d50
amd-mi355x-5:118164:118210 [1] NCCL INFO /workspace/rccl/build/release/hipify/src/transport/p2p.cc:248 Cuda Alloc Size 6291456 pointer 0x7007e6c00000 flags 3
amd-mi355x-5:118164:118210 [1] NCCL INFO Allocated shareable buffer 0x7007e6c00000 size 6291456 ipcDesc 0x700808005be0
amd-mi355x-5:118164:118210 [1] NCCL INFO proxyProgressAsync opId=0x700838052fa0 op.type=3 op.reqBuff=0x70080816aed0 op.respSize=88 done
amd-mi355x-5:118164:118250 [1] NCCL INFO ncclPollProxyResponse Received new opId=0x700838052fa0
amd-mi355x-5:118164:118210 [1] NCCL INFO Received and initiated operation=Setup res=0
amd-mi355x-5:118164:118250 [1] NCCL INFO resp.opId=0x700838052fa0 matches expected opId=0x700838052fa0
amd-mi355x-5:118164:118250 [1] NCCL INFO GPU Direct RDMA Enabled for GPU 1 / HCA 1 (distance 5 <= 5), read 1 mode Default
amd-mi355x-5:118164:118210 [1] NCCL INFO New proxy send connection 27 from local rank 1, transport 2
amd-mi355x-5:118164:118210 [1] NCCL INFO proxyProgressAsync opId=0x700838052fa0 op.type=1 op.reqBuff=0x700808139370 op.respSize=16 done
amd-mi355x-5:118164:118250 [1] NCCL INFO ncclPollProxyResponse Received new opId=0x700838052fa0
amd-mi355x-5:118164:118210 [1] NCCL INFO Received and initiated operation=Init res=0
amd-mi355x-5:118164:118250 [1] NCCL INFO resp.opId=0x700838052fa0 matches expected opId=0x700838052fa0
amd-mi355x-5:118164:118250 [1] NCCL INFO Connected to proxy localRank 1 -> connection 0x700808001dc8
amd-mi355x-5:118164:118210 [1] NCCL INFO proxyProgressAsync opId=0x700838052fa0 op.type=3 op.reqBuff=0x70080816b640 op.respSize=0 done
amd-mi355x-5:118164:118250 [1] NCCL INFO ncclPollProxyResponse Received new opId=0x700838052fa0
amd-mi355x-5:118164:118250 [1] NCCL INFO resp.opId=0x700838052fa0 matches expected opId=0x700838052fa0
amd-mi355x-5:118164:118250 [1] NCCL INFO Channel 06/1 : 1[1] -> 2[0] [send] via NET/IB/1/GDRDMA/Shared comm 0x27944850 nRanks 04
amd-mi355x-5:118164:118210 [1] NCCL INFO Received and initiated operation=Setup res=0
amd-mi355x-5:118164:118250 [1] NCCL INFO GPU Direct RDMA Enabled for GPU 1 / HCA 1 (distance 5 <= 5), read 1 mode Default
amd-mi355x-5:118164:118210 [1] NCCL INFO New proxy send connection 28 from local rank 1, transport 2
amd-mi355x-5:118164:118210 [1] NCCL INFO proxyProgressAsync opId=0x700838052fa0 op.type=1 op.reqBuff=0x70080816b610 op.respSize=16 done
amd-mi355x-5:118164:118250 [1] NCCL INFO ncclPollProxyResponse Received new opId=0x700838052fa0
amd-mi355x-5:118164:118210 [1] NCCL INFO Received and initiated operation=Init res=0
amd-mi355x-5:118164:118250 [1] NCCL INFO resp.opId=0x700838052fa0 matches expected opId=0x700838052fa0
amd-mi355x-5:118164:118250 [1] NCCL INFO Connected to proxy localRank 1 -> connection 0x700808001e40
amd-mi355x-5:118164:118210 [1] NCCL INFO proxyProgressAsync opId=0x700838052fa0 op.type=3 op.reqBuff=0x70080816b640 op.respSize=0 done
amd-mi355x-5:118164:118250 [1] NCCL INFO ncclPollProxyResponse Received new opId=0x700838052fa0
amd-mi355x-5:118164:118250 [1] NCCL INFO resp.opId=0x700838052fa0 matches expected opId=0x700838052fa0
amd-mi355x-5:118164:118250 [1] NCCL INFO Channel 07/1 : 1[1] -> 2[0] [send] via NET/IB/1/GDRDMA/Shared comm 0x27944850 nRanks 04
amd-mi355x-5:118164:118210 [1] NCCL INFO Received and initiated operation=Setup res=0
amd-mi355x-5:118164:118250 [1] NCCL INFO GPU Direct RDMA Enabled for GPU 1 / HCA 1 (distance 5 <= 5), read 0 mode Default
amd-mi355x-5:118164:118210 [1] NCCL INFO New proxy recv connection 29 from local rank 1, transport 2
amd-mi355x-5:118164:118210 [1] NCCL INFO proxyProgressAsync opId=0x700838052fa0 op.type=1 op.reqBuff=0x70080816bfc0 op.respSize=16 done
amd-mi355x-5:118164:118250 [1] NCCL INFO ncclPollProxyResponse Received new opId=0x700838052fa0
amd-mi355x-5:118164:118210 [1] NCCL INFO Received and initiated operation=Init res=0
amd-mi355x-5:118164:118250 [1] NCCL INFO resp.opId=0x700838052fa0 matches expected opId=0x700838052fa0
amd-mi355x-5:118164:118250 [1] NCCL INFO Connected to proxy localRank 1 -> connection 0x700808001eb8
amd-mi355x-5:118164:118210 [1] NCCL INFO proxyProgressAsync opId=0x700838052fa0 op.type=3 op.reqBuff=0x70080816b640 op.respSize=128 done
amd-mi355x-5:118164:118250 [1] NCCL INFO ncclPollProxyResponse Received new opId=0x700838052fa0
amd-mi355x-5:118164:118210 [1] NCCL INFO Received and initiated operation=Setup res=0
amd-mi355x-5:118164:118250 [1] NCCL INFO resp.opId=0x700838052fa0 matches expected opId=0x700838052fa0
amd-mi355x-5:118164:118250 [1] NCCL INFO Channel 04/1 : 3[1] -> 1[1] [receive] via NET/IB/1/GDRDMA/Shared comm 0x27944850 nRanks 04
amd-mi355x-5:118164:118250 [1] NCCL INFO GPU Direct RDMA Enabled for GPU 1 / HCA 1 (distance 5 <= 5), read 0 mode Default
amd-mi355x-5:118164:118210 [1] NCCL INFO New proxy recv connection 30 from local rank 1, transport 2
amd-mi355x-5:118164:118210 [1] NCCL INFO proxyProgressAsync opId=0x700838052fa0 op.type=1 op.reqBuff=0x700808073ca0 op.respSize=16 done
amd-mi355x-5:118164:118250 [1] NCCL INFO ncclPollProxyResponse Received new opId=0x700838052fa0
amd-mi355x-5:118164:118210 [1] NCCL INFO Received and initiated operation=Init res=0
amd-mi355x-5:118164:118250 [1] NCCL INFO resp.opId=0x700838052fa0 matches expected opId=0x700838052fa0
amd-mi355x-5:118164:118250 [1] NCCL INFO Connected to proxy localRank 1 -> connection 0x700808001f30
amd-mi355x-5:118164:118210 [1] NCCL INFO proxyProgressAsync opId=0x700838052fa0 op.type=3 op.reqBuff=0x70080816b640 op.respSize=128 done
amd-mi355x-5:118164:118250 [1] NCCL INFO ncclPollProxyResponse Received new opId=0x700838052fa0
amd-mi355x-5:118164:118210 [1] NCCL INFO Received and initiated operation=Setup res=0
amd-mi355x-5:118164:118250 [1] NCCL INFO resp.opId=0x700838052fa0 matches expected opId=0x700838052fa0
amd-mi355x-5:118164:118250 [1] NCCL INFO Channel 05/1 : 3[1] -> 1[1] [receive] via NET/IB/1/GDRDMA/Shared comm 0x27944850 nRanks 04
amd-mi355x-5:118164:118250 [1] NCCL INFO GPU Direct RDMA Enabled for GPU 1 / HCA 1 (distance 5 <= 5), read 1 mode Default
amd-mi355x-5:118164:118210 [1] NCCL INFO New proxy send connection 31 from local rank 1, transport 2
amd-mi355x-5:118164:118210 [1] NCCL INFO proxyProgressAsync opId=0x700838052fa0 op.type=1 op.reqBuff=0x700808073ca0 op.respSize=16 done
amd-mi355x-5:118164:118250 [1] NCCL INFO ncclPollProxyResponse Received new opId=0x700838052fa0
amd-mi355x-5:118164:118210 [1] NCCL INFO Received and initiated operation=Init res=0
amd-mi355x-5:118164:118250 [1] NCCL INFO resp.opId=0x700838052fa0 matches expected opId=0x700838052fa0
amd-mi355x-5:118164:118250 [1] NCCL INFO Connected to proxy localRank 1 -> connection 0x700808001fa8
amd-mi355x-5:118164:118210 [1] NCCL INFO proxyProgressAsync opId=0x700838052fa0 op.type=3 op.reqBuff=0x70080816b640 op.respSize=0 done
amd-mi355x-5:118164:118250 [1] NCCL INFO ncclPollProxyResponse Received new opId=0x700838052fa0
amd-mi355x-5:118164:118250 [1] NCCL INFO resp.opId=0x700838052fa0 matches expected opId=0x700838052fa0
amd-mi355x-5:118164:118210 [1] NCCL INFO Received and initiated operation=Setup res=0
amd-mi355x-5:118164:118250 [1] NCCL INFO Channel 04/1 : 1[1] -> 3[1] [send] via NET/IB/1/GDRDMA/Shared comm 0x27944850 nRanks 04
amd-mi355x-5:118164:118250 [1] NCCL INFO GPU Direct RDMA Enabled for GPU 1 / HCA 1 (distance 5 <= 5), read 1 mode Default
amd-mi355x-5:118164:118210 [1] NCCL INFO New proxy send connection 32 from local rank 1, transport 2
amd-mi355x-5:118164:118210 [1] NCCL INFO proxyProgressAsync opId=0x700838052fa0 op.type=1 op.reqBuff=0x70080816a220 op.respSize=16 done
amd-mi355x-5:118164:118250 [1] NCCL INFO ncclPollProxyResponse Received new opId=0x700838052fa0
amd-mi355x-5:118164:118210 [1] NCCL INFO Received and initiated operation=Init res=0
amd-mi355x-5:118164:118250 [1] NCCL INFO resp.opId=0x700838052fa0 matches expected opId=0x700838052fa0
amd-mi355x-5:118164:118250 [1] NCCL INFO Connected to proxy localRank 1 -> connection 0x700808002020
amd-mi355x-5:118164:118210 [1] NCCL INFO proxyProgressAsync opId=0x700838052fa0 op.type=3 op.reqBuff=0x70080816b640 op.respSize=0 done
amd-mi355x-5:118164:118250 [1] NCCL INFO ncclPollProxyResponse Received new opId=0x700838052fa0
amd-mi355x-5:118164:118250 [1] NCCL INFO resp.opId=0x700838052fa0 matches expected opId=0x700838052fa0
amd-mi355x-5:118164:118210 [1] NCCL INFO Received and initiated operation=Setup res=0
amd-mi355x-5:118164:118250 [1] NCCL INFO Channel 05/1 : 1[1] -> 3[1] [send] via NET/IB/1/GDRDMA/Shared comm 0x27944850 nRanks 04
amd-mi355x-5:118164:118250 [1] NCCL INFO GPU Direct RDMA Enabled for GPU 1 / HCA 1 (distance 5 <= 5), read 0 mode Default
amd-mi355x-5:118164:118210 [1] NCCL INFO New proxy recv connection 33 from local rank 1, transport 2
amd-mi355x-5:118164:118210 [1] NCCL INFO proxyProgressAsync opId=0x700838052fa0 op.type=1 op.reqBuff=0x700808073ca0 op.respSize=16 done
amd-mi355x-5:118164:118250 [1] NCCL INFO ncclPollProxyResponse Received new opId=0x700838052fa0
amd-mi355x-5:118164:118210 [1] NCCL INFO Received and initiated operation=Init res=0
amd-mi355x-5:118164:118250 [1] NCCL INFO resp.opId=0x700838052fa0 matches expected opId=0x700838052fa0
amd-mi355x-5:118164:118250 [1] NCCL INFO Connected to proxy localRank 1 -> connection 0x700808002098
amd-mi355x-5:118164:118210 [1] NCCL INFO proxyProgressAsync opId=0x700838052fa0 op.type=3 op.reqBuff=0x70080816b640 op.respSize=128 done
amd-mi355x-5:118164:118250 [1] NCCL INFO ncclPollProxyResponse Received new opId=0x700838052fa0
amd-mi355x-5:118164:118210 [1] NCCL INFO Received and initiated operation=Setup res=0
amd-mi355x-5:118164:118250 [1] NCCL INFO resp.opId=0x700838052fa0 matches expected opId=0x700838052fa0
amd-mi355x-5:118164:118250 [1] NCCL INFO Channel 06/1 : 2[0] -> 1[1] [receive] via NET/IB/1/GDRDMA/Shared comm 0x27944850 nRanks 04
amd-mi355x-5:118164:118250 [1] NCCL INFO GPU Direct RDMA Enabled for GPU 1 / HCA 1 (distance 5 <= 5), read 0 mode Default
amd-mi355x-5:118164:118210 [1] NCCL INFO New proxy recv connection 34 from local rank 1, transport 2
amd-mi355x-5:118164:118210 [1] NCCL INFO proxyProgressAsync opId=0x700838052fa0 op.type=1 op.reqBuff=0x70080816a220 op.respSize=16 done
amd-mi355x-5:118164:118250 [1] NCCL INFO ncclPollProxyResponse Received new opId=0x700838052fa0
amd-mi355x-5:118164:118210 [1] NCCL INFO Received and initiated operation=Init res=0
amd-mi355x-5:118164:118250 [1] NCCL INFO resp.opId=0x700838052fa0 matches expected opId=0x700838052fa0
amd-mi355x-5:118164:118250 [1] NCCL INFO Connected to proxy localRank 1 -> connection 0x700808002110
amd-mi355x-5:118164:118210 [1] NCCL INFO proxyProgressAsync opId=0x700838052fa0 op.type=3 op.reqBuff=0x70080816b640 op.respSize=128 done
amd-mi355x-5:118164:118250 [1] NCCL INFO ncclPollProxyResponse Received new opId=0x700838052fa0
amd-mi355x-5:118164:118210 [1] NCCL INFO Received and initiated operation=Setup res=0
amd-mi355x-5:118164:118250 [1] NCCL INFO resp.opId=0x700838052fa0 matches expected opId=0x700838052fa0
amd-mi355x-5:118164:118250 [1] NCCL INFO Channel 07/1 : 2[0] -> 1[1] [receive] via NET/IB/1/GDRDMA/Shared comm 0x27944850 nRanks 04
amd-mi355x-5:118164:118250 [1] NCCL INFO Channel 02/1 : 1[15000] -> 0[5000] via P2P/IPC comm 0x27944850 nRanks 04
amd-mi355x-5:118164:118210 [1] NCCL INFO New proxy send connection 35 from local rank 1, transport 0
amd-mi355x-5:118164:118210 [1] NCCL INFO proxyProgressAsync opId=0x700838052fa0 op.type=1 op.reqBuff=0x7008080408a0 op.respSize=16 done
amd-mi355x-5:118164:118250 [1] NCCL INFO ncclPollProxyResponse Received new opId=0x700838052fa0
amd-mi355x-5:118164:118210 [1] NCCL INFO Received and initiated operation=Init res=0
amd-mi355x-5:118164:118250 [1] NCCL INFO resp.opId=0x700838052fa0 matches expected opId=0x700838052fa0
amd-mi355x-5:118164:118250 [1] NCCL INFO Connected to proxy localRank 1 -> connection 0x700808002188
amd-mi355x-5:118164:118210 [1] NCCL INFO /workspace/rccl/build/release/hipify/src/transport/p2p.cc:248 Cuda Alloc Size 2097152 pointer 0x7007e6800000 flags 3
amd-mi355x-5:118164:118210 [1] NCCL INFO Allocated shareable buffer 0x7007e6800000 size 2097152 ipcDesc 0x700808005be0
amd-mi355x-5:118164:118210 [1] NCCL INFO proxyProgressAsync opId=0x700838052fa0 op.type=3 op.reqBuff=0x700808073ca0 op.respSize=88 done
amd-mi355x-5:118164:118250 [1] NCCL INFO ncclPollProxyResponse Received new opId=0x700838052fa0
amd-mi355x-5:118164:118210 [1] NCCL INFO Received and initiated operation=Setup res=0
amd-mi355x-5:118164:118250 [1] NCCL INFO resp.opId=0x700838052fa0 matches expected opId=0x700838052fa0
amd-mi355x-5:118164:118250 [1] NCCL INFO Channel 03/1 : 1[15000] -> 0[5000] via P2P/IPC comm 0x27944850 nRanks 04
amd-mi355x-5:118164:118210 [1] NCCL INFO New proxy send connection 36 from local rank 1, transport 0
amd-mi355x-5:118164:118210 [1] NCCL INFO proxyProgressAsync opId=0x700838052fa0 op.type=1 op.reqBuff=0x70080816a580 op.respSize=16 done
amd-mi355x-5:118164:118250 [1] NCCL INFO ncclPollProxyResponse Received new opId=0x700838052fa0
amd-mi355x-5:118164:118210 [1] NCCL INFO Received and initiated operation=Init res=0
amd-mi355x-5:118164:118250 [1] NCCL INFO resp.opId=0x700838052fa0 matches expected opId=0x700838052fa0
amd-mi355x-5:118164:118250 [1] NCCL INFO Connected to proxy localRank 1 -> connection 0x700808002200
amd-mi355x-5:118164:118210 [1] NCCL INFO /workspace/rccl/build/release/hipify/src/transport/p2p.cc:248 Cuda Alloc Size 2097152 pointer 0x7007e6400000 flags 3
amd-mi355x-5:118164:118210 [1] NCCL INFO Allocated shareable buffer 0x7007e6400000 size 2097152 ipcDesc 0x700808005be0
amd-mi355x-5:118164:118210 [1] NCCL INFO proxyProgressAsync opId=0x700838052fa0 op.type=3 op.reqBuff=0x70080816a580 op.respSize=88 done
amd-mi355x-5:118164:118250 [1] NCCL INFO ncclPollProxyResponse Received new opId=0x700838052fa0
amd-mi355x-5:118164:118210 [1] NCCL INFO Received and initiated operation=Setup res=0
amd-mi355x-5:118164:118250 [1] NCCL INFO resp.opId=0x700838052fa0 matches expected opId=0x700838052fa0
amd-mi355x-5:118164:118250 [1] NCCL INFO Imported shareable buffer device 1 size 2097152 ptr 0x7007e7e00000
amd-mi355x-5:118164:118250 [1] NCCL INFO Imported shareable buffer device 1 size 2097152 ptr 0x7007e6000000
amd-mi355x-5:118164:118250 [1] NCCL INFO sendConnect ncclProxyCallAsync opId=0x700838273608
amd-mi355x-5:118164:118250 [1] NCCL INFO sendConnect ncclProxyCallAsync opId=0x700838275f28
amd-mi355x-5:118164:118250 [1] NCCL INFO sendConnect ncclProxyCallAsync opId=0x70083826ff20
amd-mi355x-5:118164:118250 [1] NCCL INFO recvConnect ncclProxyCallAsync opId=0x7008382701d8 &recv->proxyConn=0x7008382701e0 connectInfo=0x7008383ad830
amd-mi355x-5:118164:118250 [1] NCCL INFO sendConnect ncclProxyCallAsync opId=0x700838271e80
amd-mi355x-5:118164:118250 [1] NCCL INFO recvConnect ncclProxyCallAsync opId=0x700838272138 &recv->proxyConn=0x700838272140 connectInfo=0x7008383ad930
amd-mi355x-5:118164:118250 [1] NCCL INFO Imported shareable buffer device 1 size 6291456 ptr 0x7007e5800000
amd-mi355x-5:118164:118210 [1] NCCL INFO /workspace/rccl/build/release/hipify/src/transport/net_ib.cc:1299 Ib Alloc Size 190144 pointer 0x700808236000
amd-mi355x-5:118164:118250 [1] NCCL INFO Imported shareable buffer device 1 size 6291456 ptr 0x7007e5000000
amd-mi355x-5:118164:118250 [1] NCCL INFO recvConnect ncclProxyCallAsync opId=0x7008382738c0 &recv->proxyConn=0x7008382738c8 connectInfo=0x7008383bd640
amd-mi355x-5:118164:118250 [1] NCCL INFO recvConnect ncclProxyCallAsync opId=0x7008382761e0 &recv->proxyConn=0x7008382761e8 connectInfo=0x7008383bd740
amd-mi355x-5:118164:118210 [1] NCCL INFO /workspace/rccl/build/release/hipify/src/transport/net_ib.cc:1324 Ib Alloc Size 3616 pointer 0x700808266000
amd-mi355x-5:118164:118210 [1] NCCL INFO Received and initiated operation=Connect res=0
amd-mi355x-5:118164:118210 [1] NCCL INFO /workspace/rccl/build/release/hipify/src/transport/net_ib.cc:1299 Ib Alloc Size 190144 pointer 0x700808268000
amd-mi355x-5:118164:118210 [1] NCCL INFO /workspace/rccl/build/release/hipify/src/transport/net_ib.cc:1324 Ib Alloc Size 3616 pointer 0x700808298000
amd-mi355x-5:118164:118210 [1] NCCL INFO Received and initiated operation=Connect res=0
amd-mi355x-5:118164:118210 [1] NCCL INFO /workspace/rccl/build/release/hipify/src/transport/net_ib.cc:1299 Ib Alloc Size 190144 pointer 0x70080829a000
amd-mi355x-5:118164:118210 [1] NCCL INFO /workspace/rccl/build/release/hipify/src/transport/net_ib.cc:1324 Ib Alloc Size 3616 pointer 0x7008082ca000
amd-mi355x-5:118164:118210 [1] NCCL INFO Received and initiated operation=Connect res=0
amd-mi355x-5:118164:118210 [1] NCCL INFO Call to ibv_query_ece not supported
amd-mi355x-5:118164:118210 [1] NCCL INFO NET/IB: NCCL Dev 1 IbDev 1 Port 1 qpn 8 mtu 5 query_ece={supported=0, vendor_id=0x0, options=0x0, comp_mask=0x0} GID 1 (0/240141ACFFFF0000) fifoRkey=0x311b fifoLkey=0x311b
amd-mi355x-5:118164:118210 [1] NCCL INFO Call to ibv_query_ece not supported
amd-mi355x-5:118164:118210 [1] NCCL INFO NET/IB: NCCL Dev 1 IbDev 1 Port 1 qpn 1030 mtu 5 query_ece={supported=0, vendor_id=0x0, options=0x0, comp_mask=0x0} GID 1 (0/240141ACFFFF0000) fifoRkey=0x321c fifoLkey=0x321c
amd-mi355x-5:118164:118210 [1] NCCL INFO /workspace/rccl/build/release/hipify/src/transport/net_ib.cc:1600 Ib Alloc Size 173312 pointer 0x7008082fc000
amd-mi355x-5:118164:118210 [1] NCCL INFO /workspace/rccl/build/release/hipify/src/transport/net_ib.cc:1610 Ib Alloc Size 3616 pointer 0x700808328000
amd-mi355x-5:118164:118210 [1] NCCL INFO Received and initiated operation=Connect res=0
amd-mi355x-5:118164:118210 [1] NCCL INFO /workspace/rccl/build/release/hipify/src/transport/net_ib.cc:1299 Ib Alloc Size 190144 pointer 0x70080832a000
amd-mi355x-5:118164:118210 [1] NCCL INFO /workspace/rccl/build/release/hipify/src/transport/net_ib.cc:1324 Ib Alloc Size 3616 pointer 0x70080835a000
amd-mi355x-5:118164:118210 [1] NCCL INFO Received and initiated operation=Connect res=0
